jacobi_mpi_buffer,1,0.185052
jacobi_mpi_buffer,2,0.185507
jacobi_mpi_buffer,3,0.186926
jacobi_mpi_buffer,4,0.184038
jacobi_mpi_buffer,5,0.184145
jacobi_mpi_buffer,6,0.186750
srun: Step created for StepId=11589465.6
jacobi_mpi_buffer,7,0.185279
jacobi_mpi_buffer,8,0.182240
jacobi_mpi_buffer,9,0.185445
jacobi_mpi_buffer,10,0.184362
jacobi_mpi_vector,1,0.186037
jacobi_mpi_vector,2,0.186492
jacobi_mpi_vector,3,0.185164
jacobi_mpi_vector,4,0.185394
jacobi_mpi_vector,5,0.176297
jacobi_mpi_vector,6,0.186160
jacobi_mpi_vector,7,0.186730
jacobi_mpi_vector,8,0.185802
jacobi_mpi_vector,9,0.184471
jacobi_mpi_vector,10,0.183915

=== Media por configuracao (REPS=10) ===
config,tempo_medio_s
jacobi_mpi_buffer,0.184974
jacobi_mpi_vector,0.184646
