srun: warning: can't run 1 processes on 2 nodes, setting nnodes to 1
1,1,3.1415926535898389,2.351123
srun: warning: can't run 1 processes on 2 nodes, setting nnodes to 1
1,2,3.1415926535898389,2.357366
srun: warning: can't run 1 processes on 2 nodes, setting nnodes to 1
1,3,3.1415926535898389,2.356185
srun: warning: can't run 1 processes on 2 nodes, setting nnodes to 1
1,4,3.1415926535898389,2.357705
srun: warning: can't run 1 processes on 2 nodes, setting nnodes to 1
1,5,3.1415926535898389,2.357107
srun: warning: can't run 1 processes on 2 nodes, setting nnodes to 1
1,6,3.1415926535898389,2.358343
srun: warning: can't run 1 processes on 2 nodes, setting nnodes to 1
1,7,3.1415926535898389,2.352617
srun: warning: can't run 1 processes on 2 nodes, setting nnodes to 1
1,8,3.1415926535898389,2.359974
srun: warning: can't run 1 processes on 2 nodes, setting nnodes to 1
1,9,3.1415926535898389,2.360085
srun: warning: can't run 1 processes on 2 nodes, setting nnodes to 1
1,10,3.1415926535898389,2.357995
srun: warning: can't run 1 processes on 2 nodes, setting nnodes to 1
1,11,3.1415926535898389,2.357755
srun: warning: can't run 1 processes on 2 nodes, setting nnodes to 1
1,12,3.1415926535898389,2.356976
srun: warning: can't run 1 processes on 2 nodes, setting nnodes to 1
1,13,3.1415926535898389,2.357889
srun: warning: can't run 1 processes on 2 nodes, setting nnodes to 1
1,14,3.1415926535898389,2.356822
srun: warning: can't run 1 processes on 2 nodes, setting nnodes to 1
1,15,3.1415926535898389,2.356889
srun: warning: can't run 1 processes on 2 nodes, setting nnodes to 1
1,16,3.1415926535898389,2.357661
srun: warning: can't run 1 processes on 2 nodes, setting nnodes to 1
1,17,3.1415926535898389,2.357756
srun: warning: can't run 1 processes on 2 nodes, setting nnodes to 1
1,18,3.1415926535898389,2.359141
srun: warning: can't run 1 processes on 2 nodes, setting nnodes to 1
1,19,3.1415926535898389,2.360041
srun: warning: can't run 1 processes on 2 nodes, setting nnodes to 1
1,20,3.1415926535898389,2.358801
srun: warning: can't run 1 processes on 2 nodes, setting nnodes to 1
1,21,3.1415926535898389,2.358826
srun: warning: can't run 1 processes on 2 nodes, setting nnodes to 1
1,22,3.1415926535898389,2.358252
srun: warning: can't run 1 processes on 2 nodes, setting nnodes to 1
1,23,3.1415926535898389,2.359796
srun: warning: can't run 1 processes on 2 nodes, setting nnodes to 1
1,24,3.1415926535898389,2.359380
srun: warning: can't run 1 processes on 2 nodes, setting nnodes to 1
1,25,3.1415926535898389,2.358104
srun: warning: can't run 1 processes on 2 nodes, setting nnodes to 1
1,26,3.1415926535898389,2.359593
srun: warning: can't run 1 processes on 2 nodes, setting nnodes to 1
1,27,3.1415926535898389,2.357512
srun: warning: can't run 1 processes on 2 nodes, setting nnodes to 1
1,28,3.1415926535898389,2.359346
srun: warning: can't run 1 processes on 2 nodes, setting nnodes to 1
1,29,3.1415926535898389,2.357447
srun: warning: can't run 1 processes on 2 nodes, setting nnodes to 1
1,30,3.1415926535898389,2.358507
2,1,3.1415926535896617,1.187508
2,2,3.1415926535896617,1.188700
2,3,3.1415926535896617,1.187833
2,4,3.1415926535896617,1.184240
2,5,3.1415926535896617,1.186964
2,6,3.1415926535896617,1.186044
2,7,3.1415926535896617,1.185673
2,8,3.1415926535896617,1.183543
2,9,3.1415926535896617,1.187027
2,10,3.1415926535896617,1.185928
2,11,3.1415926535896617,1.186999
2,12,3.1415926535896617,1.187601
2,13,3.1415926535896617,1.186415
2,14,3.1415926535896617,1.185533
2,15,3.1415926535896617,1.187318
2,16,3.1415926535896617,1.185749
2,17,3.1415926535896617,1.185863
2,18,3.1415926535896617,1.188733
2,19,3.1415926535896617,1.187355
2,20,3.1415926535896617,1.188418
2,21,3.1415926535896617,1.185006
2,22,3.1415926535896617,1.186455
2,23,3.1415926535896617,1.187650
2,24,3.1415926535896617,1.187198
2,25,3.1415926535896617,1.186118
2,26,3.1415926535896617,1.186438
2,27,3.1415926535896617,1.188884
2,28,3.1415926535896617,1.186274
2,29,3.1415926535896617,1.183167
2,30,3.1415926535896617,1.185716
3,1,3.1415926535898153,0.815717
3,2,3.1415926535898153,0.814701
3,3,3.1415926535898153,0.811676
3,4,3.1415926535898153,0.810028
3,5,3.1415926535898153,0.810830
3,6,3.1415926535898153,0.814674
3,7,3.1415926535898153,0.815706
3,8,3.1415926535898153,0.812662
3,9,3.1415926535898153,0.808219
3,10,3.1415926535898153,0.818940
3,11,3.1415926535898153,0.823028
3,12,3.1415926535898153,0.809297
3,13,3.1415926535898153,0.814617
3,14,3.1415926535898153,0.817087
3,15,3.1415926535898153,0.815948
3,16,3.1415926535898153,0.808362
3,17,3.1415926535898153,0.817857
3,18,3.1415926535898153,0.814990
3,19,3.1415926535898153,0.814842
3,20,3.1415926535898153,0.810064
3,21,3.1415926535898153,0.812725
3,22,3.1415926535898153,0.819823
3,23,3.1415926535898153,0.810401
3,24,3.1415926535898153,0.813149
3,25,3.1415926535898153,0.813817
3,26,3.1415926535898153,0.810189
3,27,3.1415926535898153,0.810168
3,28,3.1415926535898153,0.808120
3,29,3.1415926535898153,0.808399
3,30,3.1415926535898153,0.808771
srun: warning: can't honor --ntasks-per-node set to 3 which doesn't match the requested tasks 4 with the number of requested nodes 2. Ignoring --ntasks-per-node.
4,1,3.1415926535898393,0.611353
srun: warning: can't honor --ntasks-per-node set to 3 which doesn't match the requested tasks 4 with the number of requested nodes 2. Ignoring --ntasks-per-node.
4,2,3.1415926535898393,0.607513
srun: warning: can't honor --ntasks-per-node set to 3 which doesn't match the requested tasks 4 with the number of requested nodes 2. Ignoring --ntasks-per-node.
4,3,3.1415926535898393,0.612107
srun: warning: can't honor --ntasks-per-node set to 3 which doesn't match the requested tasks 4 with the number of requested nodes 2. Ignoring --ntasks-per-node.
4,4,3.1415926535898393,0.616368
srun: warning: can't honor --ntasks-per-node set to 3 which doesn't match the requested tasks 4 with the number of requested nodes 2. Ignoring --ntasks-per-node.
4,5,3.1415926535898393,0.612675
srun: warning: can't honor --ntasks-per-node set to 3 which doesn't match the requested tasks 4 with the number of requested nodes 2. Ignoring --ntasks-per-node.
4,6,3.1415926535898393,0.610857
srun: warning: can't honor --ntasks-per-node set to 3 which doesn't match the requested tasks 4 with the number of requested nodes 2. Ignoring --ntasks-per-node.
4,7,3.1415926535898393,0.608327
srun: warning: can't honor --ntasks-per-node set to 3 which doesn't match the requested tasks 4 with the number of requested nodes 2. Ignoring --ntasks-per-node.
4,8,3.1415926535898393,0.610304
srun: warning: can't honor --ntasks-per-node set to 3 which doesn't match the requested tasks 4 with the number of requested nodes 2. Ignoring --ntasks-per-node.
4,9,3.1415926535898393,0.612044
srun: warning: can't honor --ntasks-per-node set to 3 which doesn't match the requested tasks 4 with the number of requested nodes 2. Ignoring --ntasks-per-node.
4,10,3.1415926535898393,0.609458
srun: warning: can't honor --ntasks-per-node set to 3 which doesn't match the requested tasks 4 with the number of requested nodes 2. Ignoring --ntasks-per-node.
4,11,3.1415926535898393,0.611365
srun: warning: can't honor --ntasks-per-node set to 3 which doesn't match the requested tasks 4 with the number of requested nodes 2. Ignoring --ntasks-per-node.
4,12,3.1415926535898393,0.615712
srun: warning: can't honor --ntasks-per-node set to 3 which doesn't match the requested tasks 4 with the number of requested nodes 2. Ignoring --ntasks-per-node.
4,13,3.1415926535898393,0.612495
srun: warning: can't honor --ntasks-per-node set to 3 which doesn't match the requested tasks 4 with the number of requested nodes 2. Ignoring --ntasks-per-node.
4,14,3.1415926535898393,0.609355
srun: warning: can't honor --ntasks-per-node set to 3 which doesn't match the requested tasks 4 with the number of requested nodes 2. Ignoring --ntasks-per-node.
4,15,3.1415926535898393,0.613439
srun: warning: can't honor --ntasks-per-node set to 3 which doesn't match the requested tasks 4 with the number of requested nodes 2. Ignoring --ntasks-per-node.
4,16,3.1415926535898393,0.611257
srun: warning: can't honor --ntasks-per-node set to 3 which doesn't match the requested tasks 4 with the number of requested nodes 2. Ignoring --ntasks-per-node.
4,17,3.1415926535898393,0.612462
srun: warning: can't honor --ntasks-per-node set to 3 which doesn't match the requested tasks 4 with the number of requested nodes 2. Ignoring --ntasks-per-node.
4,18,3.1415926535898393,0.616689
srun: warning: can't honor --ntasks-per-node set to 3 which doesn't match the requested tasks 4 with the number of requested nodes 2. Ignoring --ntasks-per-node.
4,19,3.1415926535898393,0.612164
srun: warning: can't honor --ntasks-per-node set to 3 which doesn't match the requested tasks 4 with the number of requested nodes 2. Ignoring --ntasks-per-node.
4,20,3.1415926535898393,0.612420
srun: warning: can't honor --ntasks-per-node set to 3 which doesn't match the requested tasks 4 with the number of requested nodes 2. Ignoring --ntasks-per-node.
4,21,3.1415926535898393,0.616425
srun: warning: can't honor --ntasks-per-node set to 3 which doesn't match the requested tasks 4 with the number of requested nodes 2. Ignoring --ntasks-per-node.
4,22,3.1415926535898393,0.612809
srun: warning: can't honor --ntasks-per-node set to 3 which doesn't match the requested tasks 4 with the number of requested nodes 2. Ignoring --ntasks-per-node.
4,23,3.1415926535898393,0.609830
srun: warning: can't honor --ntasks-per-node set to 3 which doesn't match the requested tasks 4 with the number of requested nodes 2. Ignoring --ntasks-per-node.
4,24,3.1415926535898393,0.619482
srun: warning: can't honor --ntasks-per-node set to 3 which doesn't match the requested tasks 4 with the number of requested nodes 2. Ignoring --ntasks-per-node.
4,25,3.1415926535898393,0.616284
srun: warning: can't honor --ntasks-per-node set to 3 which doesn't match the requested tasks 4 with the number of requested nodes 2. Ignoring --ntasks-per-node.
4,26,3.1415926535898393,0.613658
srun: warning: can't honor --ntasks-per-node set to 3 which doesn't match the requested tasks 4 with the number of requested nodes 2. Ignoring --ntasks-per-node.
srun: Step created for StepId=11589435.116
4,27,3.1415926535898393,0.613910
srun: warning: can't honor --ntasks-per-node set to 3 which doesn't match the requested tasks 4 with the number of requested nodes 2. Ignoring --ntasks-per-node.
4,28,3.1415926535898393,0.614010
srun: warning: can't honor --ntasks-per-node set to 3 which doesn't match the requested tasks 4 with the number of requested nodes 2. Ignoring --ntasks-per-node.
4,29,3.1415926535898393,0.612854
srun: warning: can't honor --ntasks-per-node set to 3 which doesn't match the requested tasks 4 with the number of requested nodes 2. Ignoring --ntasks-per-node.
4,30,3.1415926535898393,0.611594
srun: warning: can't honor --ntasks-per-node set to 3 which doesn't match the requested tasks 5 with the number of requested nodes 2. Ignoring --ntasks-per-node.
5,1,3.1415926535899121,0.491188
srun: warning: can't honor --ntasks-per-node set to 3 which doesn't match the requested tasks 5 with the number of requested nodes 2. Ignoring --ntasks-per-node.
5,2,3.1415926535899121,0.498690
srun: warning: can't honor --ntasks-per-node set to 3 which doesn't match the requested tasks 5 with the number of requested nodes 2. Ignoring --ntasks-per-node.
5,3,3.1415926535899121,0.494933
srun: warning: can't honor --ntasks-per-node set to 3 which doesn't match the requested tasks 5 with the number of requested nodes 2. Ignoring --ntasks-per-node.
5,4,3.1415926535899121,0.494772
srun: warning: can't honor --ntasks-per-node set to 3 which doesn't match the requested tasks 5 with the number of requested nodes 2. Ignoring --ntasks-per-node.
5,5,3.1415926535899121,0.494003
srun: warning: can't honor --ntasks-per-node set to 3 which doesn't match the requested tasks 5 with the number of requested nodes 2. Ignoring --ntasks-per-node.
5,6,3.1415926535899121,0.489481
srun: warning: can't honor --ntasks-per-node set to 3 which doesn't match the requested tasks 5 with the number of requested nodes 2. Ignoring --ntasks-per-node.
5,7,3.1415926535899121,0.497350
srun: warning: can't honor --ntasks-per-node set to 3 which doesn't match the requested tasks 5 with the number of requested nodes 2. Ignoring --ntasks-per-node.
5,8,3.1415926535899121,0.495774
srun: warning: can't honor --ntasks-per-node set to 3 which doesn't match the requested tasks 5 with the number of requested nodes 2. Ignoring --ntasks-per-node.
5,9,3.1415926535899121,0.496012
srun: warning: can't honor --ntasks-per-node set to 3 which doesn't match the requested tasks 5 with the number of requested nodes 2. Ignoring --ntasks-per-node.
5,10,3.1415926535899121,0.493792
srun: warning: can't honor --ntasks-per-node set to 3 which doesn't match the requested tasks 5 with the number of requested nodes 2. Ignoring --ntasks-per-node.
5,11,3.1415926535899121,0.490904
srun: warning: can't honor --ntasks-per-node set to 3 which doesn't match the requested tasks 5 with the number of requested nodes 2. Ignoring --ntasks-per-node.
5,12,3.1415926535899121,0.495055
srun: warning: can't honor --ntasks-per-node set to 3 which doesn't match the requested tasks 5 with the number of requested nodes 2. Ignoring --ntasks-per-node.
5,13,3.1415926535899121,0.494312
srun: warning: can't honor --ntasks-per-node set to 3 which doesn't match the requested tasks 5 with the number of requested nodes 2. Ignoring --ntasks-per-node.
5,14,3.1415926535899121,0.495318
srun: warning: can't honor --ntasks-per-node set to 3 which doesn't match the requested tasks 5 with the number of requested nodes 2. Ignoring --ntasks-per-node.
5,15,3.1415926535899121,0.491599
srun: warning: can't honor --ntasks-per-node set to 3 which doesn't match the requested tasks 5 with the number of requested nodes 2. Ignoring --ntasks-per-node.
5,16,3.1415926535899121,0.493937
srun: warning: can't honor --ntasks-per-node set to 3 which doesn't match the requested tasks 5 with the number of requested nodes 2. Ignoring --ntasks-per-node.
5,17,3.1415926535899121,0.494735
srun: warning: can't honor --ntasks-per-node set to 3 which doesn't match the requested tasks 5 with the number of requested nodes 2. Ignoring --ntasks-per-node.
5,18,3.1415926535899121,0.494204
srun: warning: can't honor --ntasks-per-node set to 3 which doesn't match the requested tasks 5 with the number of requested nodes 2. Ignoring --ntasks-per-node.
5,19,3.1415926535899121,0.493368
srun: warning: can't honor --ntasks-per-node set to 3 which doesn't match the requested tasks 5 with the number of requested nodes 2. Ignoring --ntasks-per-node.
5,20,3.1415926535899121,0.491032
srun: warning: can't honor --ntasks-per-node set to 3 which doesn't match the requested tasks 5 with the number of requested nodes 2. Ignoring --ntasks-per-node.
5,21,3.1415926535899121,0.494275
srun: warning: can't honor --ntasks-per-node set to 3 which doesn't match the requested tasks 5 with the number of requested nodes 2. Ignoring --ntasks-per-node.
5,22,3.1415926535899121,0.495965
srun: warning: can't honor --ntasks-per-node set to 3 which doesn't match the requested tasks 5 with the number of requested nodes 2. Ignoring --ntasks-per-node.
5,23,3.1415926535899121,0.494717
srun: warning: can't honor --ntasks-per-node set to 3 which doesn't match the requested tasks 5 with the number of requested nodes 2. Ignoring --ntasks-per-node.
5,24,3.1415926535899121,0.492615
srun: warning: can't honor --ntasks-per-node set to 3 which doesn't match the requested tasks 5 with the number of requested nodes 2. Ignoring --ntasks-per-node.
5,25,3.1415926535899121,0.493011
srun: warning: can't honor --ntasks-per-node set to 3 which doesn't match the requested tasks 5 with the number of requested nodes 2. Ignoring --ntasks-per-node.
5,26,3.1415926535899121,0.494846
srun: warning: can't honor --ntasks-per-node set to 3 which doesn't match the requested tasks 5 with the number of requested nodes 2. Ignoring --ntasks-per-node.
5,27,3.1415926535899121,0.491980
srun: warning: can't honor --ntasks-per-node set to 3 which doesn't match the requested tasks 5 with the number of requested nodes 2. Ignoring --ntasks-per-node.
5,28,3.1415926535899121,0.493035
srun: warning: can't honor --ntasks-per-node set to 3 which doesn't match the requested tasks 5 with the number of requested nodes 2. Ignoring --ntasks-per-node.
5,29,3.1415926535899121,0.495158
srun: warning: can't honor --ntasks-per-node set to 3 which doesn't match the requested tasks 5 with the number of requested nodes 2. Ignoring --ntasks-per-node.
5,30,3.1415926535899121,0.494693
6,1,3.1415926535898020,0.412980
6,2,3.1415926535898020,0.411806
6,3,3.1415926535898020,0.413708
6,4,3.1415926535898020,0.414143
6,5,3.1415926535898020,0.411973
6,6,3.1415926535898020,0.413279
6,7,3.1415926535898020,0.411651
6,8,3.1415926535898020,0.411047
6,9,3.1415926535898020,0.410176
6,10,3.1415926535898020,0.414421
6,11,3.1415926535898020,0.411356
6,12,3.1415926535898020,0.412218
6,13,3.1415926535898020,0.415180
6,14,3.1415926535898020,0.413056
6,15,3.1415926535898020,0.412787
6,16,3.1415926535898020,0.411856
6,17,3.1415926535898020,0.415142
6,18,3.1415926535898020,0.412892
6,19,3.1415926535898020,0.412058
6,20,3.1415926535898020,0.413356
6,21,3.1415926535898020,0.413205
6,22,3.1415926535898020,0.410096
6,23,3.1415926535898020,0.411923
6,24,3.1415926535898020,0.411673
6,25,3.1415926535898020,0.413838
6,26,3.1415926535898020,0.408983
6,27,3.1415926535898020,0.412587
6,28,3.1415926535898020,0.412222
6,29,3.1415926535898020,0.413568
6,30,3.1415926535898020,0.411382

=== Media por numero de processos (N=2000000000, REPS=30) ===
procs,tempo_medio_s
1,2.357833
2,1.186545
3,0.813160
4,0.612641
5,0.494025
6,0.412485
