1,1,3.1415926535898393,2.060603
1,2,3.1415926535898393,2.060132
1,3,3.1415926535898393,2.062072
1,4,3.1415926535898393,2.060162
1,5,3.1415926535898393,2.061124
1,6,3.1415926535898393,2.061447
1,7,3.1415926535898393,2.058850
1,8,3.1415926535898393,2.060046
1,9,3.1415926535898393,2.059575
1,10,3.1415926535898393,2.060494
1,11,3.1415926535898393,2.060683
1,12,3.1415926535898393,2.060670
1,13,3.1415926535898393,2.058654
1,14,3.1415926535898393,2.060566
1,15,3.1415926535898393,2.060897
1,16,3.1415926535898393,2.061200
1,17,3.1415926535898393,2.060716
1,18,3.1415926535898393,2.060791
1,19,3.1415926535898393,2.060243
1,20,3.1415926535898393,2.059887
1,21,3.1415926535898393,2.060407
1,22,3.1415926535898393,2.059764
1,23,3.1415926535898393,2.060833
1,24,3.1415926535898393,2.059960
1,25,3.1415926535898393,2.060960
1,26,3.1415926535898393,2.060132
1,27,3.1415926535898393,2.061806
1,28,3.1415926535898393,2.060580
1,29,3.1415926535898393,2.061721
1,30,3.1415926535898393,2.062000
2,1,3.1415926535898540,1.039069
2,2,3.1415926535898540,1.036071
2,3,3.1415926535898540,1.036041
2,4,3.1415926535898540,1.037453
2,5,3.1415926535898540,1.035539
2,6,3.1415926535898540,1.035943
2,7,3.1415926535898540,1.036790
2,8,3.1415926535898540,1.038374
2,9,3.1415926535898540,1.036091
2,10,3.1415926535898540,1.036595
2,11,3.1415926535898540,1.036607
2,12,3.1415926535898540,1.037408
2,13,3.1415926535898540,1.035681
2,14,3.1415926535898540,1.035737
2,15,3.1415926535898540,1.036056
2,16,3.1415926535898540,1.038132
2,17,3.1415926535898540,1.035944
2,18,3.1415926535898540,1.035448
2,19,3.1415926535898540,1.035676
2,20,3.1415926535898540,1.037043
2,21,3.1415926535898540,1.035209
2,22,3.1415926535898540,1.035887
2,23,3.1415926535898540,1.037252
2,24,3.1415926535898540,1.035110
2,25,3.1415926535898540,1.035462
2,26,3.1415926535898540,1.035036
2,27,3.1415926535898540,1.038513
2,28,3.1415926535898540,1.035418
2,29,3.1415926535898540,1.036170
2,30,3.1415926535898540,1.036566
3,1,3.1415926535898304,0.709595
3,2,3.1415926535898304,0.707427
3,3,3.1415926535898309,0.696763
3,4,3.1415926535898304,0.706223
3,5,3.1415926535898304,0.706043
3,6,3.1415926535898309,0.695677
3,7,3.1415926535898309,0.695844
3,8,3.1415926535898309,0.696267
3,9,3.1415926535898309,0.697033
3,10,3.1415926535898304,0.704459
3,11,3.1415926535898304,0.705545
3,12,3.1415926535898304,0.707989
3,13,3.1415926535898304,0.707647
3,14,3.1415926535898309,0.694864
3,15,3.1415926535898304,0.707739
3,16,3.1415926535898304,0.709004
3,17,3.1415926535898309,0.693733
3,18,3.1415926535898309,0.698345
3,19,3.1415926535898309,0.700426
3,20,3.1415926535898304,0.711067
3,21,3.1415926535898304,0.709405
3,22,3.1415926535898304,0.710574
3,23,3.1415926535898304,0.707869
3,24,3.1415926535898304,0.707201
3,25,3.1415926535898304,0.703900
3,26,3.1415926535898304,0.709839
3,27,3.1415926535898304,0.705562
3,28,3.1415926535898304,0.709560
3,29,3.1415926535898304,0.706819
3,30,3.1415926535898304,0.707767
4,1,3.1415926535898255,0.548672
4,2,3.1415926535898255,0.548498
4,3,3.1415926535898255,0.548263
4,4,3.1415926535898255,0.549117
4,5,3.1415926535898251,0.548623
4,6,3.1415926535898255,0.548880
4,7,3.1415926535898255,0.549331
4,8,3.1415926535898255,0.548643
4,9,3.1415926535898255,0.549161
4,10,3.1415926535898255,0.549394
4,11,3.1415926535898255,0.548864
4,12,3.1415926535898255,0.549032
4,13,3.1415926535898255,0.548867
4,14,3.1415926535898255,0.548765
4,15,3.1415926535898251,0.548979
4,16,3.1415926535898255,0.548999
4,17,3.1415926535898255,0.549079
4,18,3.1415926535898255,0.549354
4,19,3.1415926535898255,0.548981
4,20,3.1415926535898255,0.548536
4,21,3.1415926535898255,0.548529
4,22,3.1415926535898255,0.548332
4,23,3.1415926535898255,0.548556
4,24,3.1415926535898255,0.548375
4,25,3.1415926535898255,0.536407
4,26,3.1415926535898255,0.549031
4,27,3.1415926535898255,0.535326
4,28,3.1415926535898255,0.548393
4,29,3.1415926535898255,0.536662
4,30,3.1415926535898255,0.549361
5,1,3.1415926535897598,0.440341
5,2,3.1415926535897598,0.446211
5,3,3.1415926535897598,0.446057
5,4,3.1415926535897598,0.447491
5,5,3.1415926535897598,0.447871
5,6,3.1415926535897598,0.446421
5,7,3.1415926535897598,0.445590
5,8,3.1415926535897598,0.446515
5,9,3.1415926535897598,0.444533
5,10,3.1415926535897598,0.439997
5,11,3.1415926535897598,0.439734
5,12,3.1415926535897598,0.440030
5,13,3.1415926535897598,0.440283
5,14,3.1415926535897598,0.440411
5,15,3.1415926535897598,0.440048
5,16,3.1415926535897598,0.440551
5,17,3.1415926535897598,0.439882
5,18,3.1415926535897598,0.439905
5,19,3.1415926535897598,0.440409
5,20,3.1415926535897598,0.440714
5,21,3.1415926535897598,0.439875
5,22,3.1415926535897598,0.439843
5,23,3.1415926535897598,0.441160
5,24,3.1415926535897598,0.440199
5,25,3.1415926535897598,0.441002
5,26,3.1415926535897598,0.439625
5,27,3.1415926535897598,0.439968
5,28,3.1415926535897598,0.440347
5,29,3.1415926535897598,0.440192
5,30,3.1415926535897598,0.439737
6,1,3.1415926535898713,0.368802
6,2,3.1415926535898713,0.374114
6,3,3.1415926535898713,0.367656
6,4,3.1415926535898713,0.374535
6,5,3.1415926535898713,0.374548
6,6,3.1415926535898713,0.373215
6,7,3.1415926535898713,0.375800
6,8,3.1415926535898713,0.373970
6,9,3.1415926535898713,0.368258
6,10,3.1415926535898713,0.368487
6,11,3.1415926535898713,0.368172
6,12,3.1415926535898713,0.369156
6,13,3.1415926535898713,0.377076
6,14,3.1415926535898713,0.373803
6,15,3.1415926535898713,0.378184
6,16,3.1415926535898713,0.377159
6,17,3.1415926535898713,0.376817
6,18,3.1415926535898713,0.377648
6,19,3.1415926535898713,0.374018
6,20,3.1415926535898713,0.374029
6,21,3.1415926535898713,0.377680
6,22,3.1415926535898713,0.377772
6,23,3.1415926535898713,0.377610
6,24,3.1415926535898713,0.377465
6,25,3.1415926535898713,0.370171
6,26,3.1415926535898713,0.368079
6,27,3.1415926535898713,0.368386
6,28,3.1415926535898713,0.377672
6,29,3.1415926535898713,0.368606
6,30,3.1415926535898713,0.368207

=== Media por numero de threads (N=2000000000, REPS=30) ===
threads,tempo_medio_s
1,2.060566
2,1.036411
3,0.704340
4,0.547567
5,0.441831
6,0.373236
