Maquina detectada: Intel(R) Xeon(R) Gold 6252 CPU @ 2.10GHz (48 nucleos fisicos)
OMP_NUM_THREADS testado de 1 a 48, 1 repeticoes, saida em resultados_sdumont_smoke.csv

laplace2d_gcc_i50,1,1,3.531561,Intel(R) Xeon(R) Gold 6252 CPU @ 2.10GHz (48 nucleos fisicos)
laplace2d_gcc_i50,2,1,1.839889,Intel(R) Xeon(R) Gold 6252 CPU @ 2.10GHz (48 nucleos fisicos)
laplace2d_gcc_i50,3,1,1.343968,Intel(R) Xeon(R) Gold 6252 CPU @ 2.10GHz (48 nucleos fisicos)
laplace2d_gcc_i50,4,1,1.068771,Intel(R) Xeon(R) Gold 6252 CPU @ 2.10GHz (48 nucleos fisicos)
laplace2d_gcc_i50,5,1,0.867652,Intel(R) Xeon(R) Gold 6252 CPU @ 2.10GHz (48 nucleos fisicos)
laplace2d_gcc_i50,6,1,0.763444,Intel(R) Xeon(R) Gold 6252 CPU @ 2.10GHz (48 nucleos fisicos)
laplace2d_gcc_i50,7,1,0.667456,Intel(R) Xeon(R) Gold 6252 CPU @ 2.10GHz (48 nucleos fisicos)
laplace2d_gcc_i50,8,1,0.586303,Intel(R) Xeon(R) Gold 6252 CPU @ 2.10GHz (48 nucleos fisicos)
laplace2d_gcc_i50,9,1,0.535677,Intel(R) Xeon(R) Gold 6252 CPU @ 2.10GHz (48 nucleos fisicos)
laplace2d_gcc_i50,10,1,0.515750,Intel(R) Xeon(R) Gold 6252 CPU @ 2.10GHz (48 nucleos fisicos)
laplace2d_gcc_i50,11,1,0.478263,Intel(R) Xeon(R) Gold 6252 CPU @ 2.10GHz (48 nucleos fisicos)
laplace2d_gcc_i50,12,1,0.441388,Intel(R) Xeon(R) Gold 6252 CPU @ 2.10GHz (48 nucleos fisicos)
laplace2d_gcc_i50,13,1,0.428511,Intel(R) Xeon(R) Gold 6252 CPU @ 2.10GHz (48 nucleos fisicos)
laplace2d_gcc_i50,14,1,0.418309,Intel(R) Xeon(R) Gold 6252 CPU @ 2.10GHz (48 nucleos fisicos)
laplace2d_gcc_i50,15,1,0.396272,Intel(R) Xeon(R) Gold 6252 CPU @ 2.10GHz (48 nucleos fisicos)
laplace2d_gcc_i50,16,1,0.383893,Intel(R) Xeon(R) Gold 6252 CPU @ 2.10GHz (48 nucleos fisicos)
laplace2d_gcc_i50,17,1,0.375101,Intel(R) Xeon(R) Gold 6252 CPU @ 2.10GHz (48 nucleos fisicos)
laplace2d_gcc_i50,18,1,0.387541,Intel(R) Xeon(R) Gold 6252 CPU @ 2.10GHz (48 nucleos fisicos)
laplace2d_gcc_i50,19,1,0.383837,Intel(R) Xeon(R) Gold 6252 CPU @ 2.10GHz (48 nucleos fisicos)
laplace2d_gcc_i50,20,1,0.371369,Intel(R) Xeon(R) Gold 6252 CPU @ 2.10GHz (48 nucleos fisicos)
laplace2d_gcc_i50,21,1,0.358474,Intel(R) Xeon(R) Gold 6252 CPU @ 2.10GHz (48 nucleos fisicos)
laplace2d_gcc_i50,22,1,0.373880,Intel(R) Xeon(R) Gold 6252 CPU @ 2.10GHz (48 nucleos fisicos)
laplace2d_gcc_i50,23,1,0.365722,Intel(R) Xeon(R) Gold 6252 CPU @ 2.10GHz (48 nucleos fisicos)
laplace2d_gcc_i50,24,1,0.339975,Intel(R) Xeon(R) Gold 6252 CPU @ 2.10GHz (48 nucleos fisicos)
laplace2d_gcc_i50,25,1,0.367662,Intel(R) Xeon(R) Gold 6252 CPU @ 2.10GHz (48 nucleos fisicos)
laplace2d_gcc_i50,26,1,0.360754,Intel(R) Xeon(R) Gold 6252 CPU @ 2.10GHz (48 nucleos fisicos)
laplace2d_gcc_i50,27,1,0.348583,Intel(R) Xeon(R) Gold 6252 CPU @ 2.10GHz (48 nucleos fisicos)
laplace2d_gcc_i50,28,1,0.343009,Intel(R) Xeon(R) Gold 6252 CPU @ 2.10GHz (48 nucleos fisicos)
laplace2d_gcc_i50,29,1,0.345916,Intel(R) Xeon(R) Gold 6252 CPU @ 2.10GHz (48 nucleos fisicos)
laplace2d_gcc_i50,30,1,0.345083,Intel(R) Xeon(R) Gold 6252 CPU @ 2.10GHz (48 nucleos fisicos)
laplace2d_gcc_i50,31,1,0.343801,Intel(R) Xeon(R) Gold 6252 CPU @ 2.10GHz (48 nucleos fisicos)
laplace2d_gcc_i50,32,1,0.370575,Intel(R) Xeon(R) Gold 6252 CPU @ 2.10GHz (48 nucleos fisicos)
laplace2d_gcc_i50,33,1,0.354890,Intel(R) Xeon(R) Gold 6252 CPU @ 2.10GHz (48 nucleos fisicos)
laplace2d_gcc_i50,34,1,0.347468,Intel(R) Xeon(R) Gold 6252 CPU @ 2.10GHz (48 nucleos fisicos)
laplace2d_gcc_i50,35,1,0.349582,Intel(R) Xeon(R) Gold 6252 CPU @ 2.10GHz (48 nucleos fisicos)
laplace2d_gcc_i50,36,1,0.339706,Intel(R) Xeon(R) Gold 6252 CPU @ 2.10GHz (48 nucleos fisicos)
laplace2d_gcc_i50,37,1,0.346963,Intel(R) Xeon(R) Gold 6252 CPU @ 2.10GHz (48 nucleos fisicos)
laplace2d_gcc_i50,38,1,0.347024,Intel(R) Xeon(R) Gold 6252 CPU @ 2.10GHz (48 nucleos fisicos)
laplace2d_gcc_i50,39,1,0.347625,Intel(R) Xeon(R) Gold 6252 CPU @ 2.10GHz (48 nucleos fisicos)
laplace2d_gcc_i50,40,1,0.344874,Intel(R) Xeon(R) Gold 6252 CPU @ 2.10GHz (48 nucleos fisicos)
laplace2d_gcc_i50,41,1,0.352518,Intel(R) Xeon(R) Gold 6252 CPU @ 2.10GHz (48 nucleos fisicos)
laplace2d_gcc_i50,42,1,0.348823,Intel(R) Xeon(R) Gold 6252 CPU @ 2.10GHz (48 nucleos fisicos)
laplace2d_gcc_i50,43,1,0.348796,Intel(R) Xeon(R) Gold 6252 CPU @ 2.10GHz (48 nucleos fisicos)
laplace2d_gcc_i50,44,1,0.357025,Intel(R) Xeon(R) Gold 6252 CPU @ 2.10GHz (48 nucleos fisicos)
laplace2d_gcc_i50,45,1,0.348995,Intel(R) Xeon(R) Gold 6252 CPU @ 2.10GHz (48 nucleos fisicos)
laplace2d_gcc_i50,46,1,0.347430,Intel(R) Xeon(R) Gold 6252 CPU @ 2.10GHz (48 nucleos fisicos)
laplace2d_gcc_i50,47,1,0.351420,Intel(R) Xeon(R) Gold 6252 CPU @ 2.10GHz (48 nucleos fisicos)
laplace2d_gcc_i50,48,1,0.377088,Intel(R) Xeon(R) Gold 6252 CPU @ 2.10GHz (48 nucleos fisicos)
laplace2d_1k_gcc_i50,1,1,0.171733,Intel(R) Xeon(R) Gold 6252 CPU @ 2.10GHz (48 nucleos fisicos)
laplace2d_1k_gcc_i50,2,1,0.097827,Intel(R) Xeon(R) Gold 6252 CPU @ 2.10GHz (48 nucleos fisicos)
laplace2d_1k_gcc_i50,3,1,0.068242,Intel(R) Xeon(R) Gold 6252 CPU @ 2.10GHz (48 nucleos fisicos)
laplace2d_1k_gcc_i50,4,1,0.051889,Intel(R) Xeon(R) Gold 6252 CPU @ 2.10GHz (48 nucleos fisicos)
laplace2d_1k_gcc_i50,5,1,0.042295,Intel(R) Xeon(R) Gold 6252 CPU @ 2.10GHz (48 nucleos fisicos)
laplace2d_1k_gcc_i50,6,1,0.035023,Intel(R) Xeon(R) Gold 6252 CPU @ 2.10GHz (48 nucleos fisicos)
laplace2d_1k_gcc_i50,7,1,0.030465,Intel(R) Xeon(R) Gold 6252 CPU @ 2.10GHz (48 nucleos fisicos)
laplace2d_1k_gcc_i50,8,1,0.027963,Intel(R) Xeon(R) Gold 6252 CPU @ 2.10GHz (48 nucleos fisicos)
laplace2d_1k_gcc_i50,9,1,0.025947,Intel(R) Xeon(R) Gold 6252 CPU @ 2.10GHz (48 nucleos fisicos)
laplace2d_1k_gcc_i50,10,1,0.023002,Intel(R) Xeon(R) Gold 6252 CPU @ 2.10GHz (48 nucleos fisicos)
laplace2d_1k_gcc_i50,11,1,0.021305,Intel(R) Xeon(R) Gold 6252 CPU @ 2.10GHz (48 nucleos fisicos)
laplace2d_1k_gcc_i50,12,1,0.020215,Intel(R) Xeon(R) Gold 6252 CPU @ 2.10GHz (48 nucleos fisicos)
laplace2d_1k_gcc_i50,13,1,0.019254,Intel(R) Xeon(R) Gold 6252 CPU @ 2.10GHz (48 nucleos fisicos)
laplace2d_1k_gcc_i50,14,1,0.018843,Intel(R) Xeon(R) Gold 6252 CPU @ 2.10GHz (48 nucleos fisicos)
laplace2d_1k_gcc_i50,15,1,0.016661,Intel(R) Xeon(R) Gold 6252 CPU @ 2.10GHz (48 nucleos fisicos)
laplace2d_1k_gcc_i50,16,1,0.016099,Intel(R) Xeon(R) Gold 6252 CPU @ 2.10GHz (48 nucleos fisicos)
laplace2d_1k_gcc_i50,17,1,0.016221,Intel(R) Xeon(R) Gold 6252 CPU @ 2.10GHz (48 nucleos fisicos)
laplace2d_1k_gcc_i50,18,1,0.014680,Intel(R) Xeon(R) Gold 6252 CPU @ 2.10GHz (48 nucleos fisicos)
laplace2d_1k_gcc_i50,19,1,0.014765,Intel(R) Xeon(R) Gold 6252 CPU @ 2.10GHz (48 nucleos fisicos)
laplace2d_1k_gcc_i50,20,1,0.013547,Intel(R) Xeon(R) Gold 6252 CPU @ 2.10GHz (48 nucleos fisicos)
laplace2d_1k_gcc_i50,21,1,0.013642,Intel(R) Xeon(R) Gold 6252 CPU @ 2.10GHz (48 nucleos fisicos)
laplace2d_1k_gcc_i50,22,1,0.013706,Intel(R) Xeon(R) Gold 6252 CPU @ 2.10GHz (48 nucleos fisicos)
laplace2d_1k_gcc_i50,23,1,0.012792,Intel(R) Xeon(R) Gold 6252 CPU @ 2.10GHz (48 nucleos fisicos)
laplace2d_1k_gcc_i50,24,1,0.012225,Intel(R) Xeon(R) Gold 6252 CPU @ 2.10GHz (48 nucleos fisicos)
laplace2d_1k_gcc_i50,25,1,0.012108,Intel(R) Xeon(R) Gold 6252 CPU @ 2.10GHz (48 nucleos fisicos)
laplace2d_1k_gcc_i50,26,1,0.011741,Intel(R) Xeon(R) Gold 6252 CPU @ 2.10GHz (48 nucleos fisicos)
laplace2d_1k_gcc_i50,27,1,0.011845,Intel(R) Xeon(R) Gold 6252 CPU @ 2.10GHz (48 nucleos fisicos)
laplace2d_1k_gcc_i50,28,1,0.011212,Intel(R) Xeon(R) Gold 6252 CPU @ 2.10GHz (48 nucleos fisicos)
laplace2d_1k_gcc_i50,29,1,0.010558,Intel(R) Xeon(R) Gold 6252 CPU @ 2.10GHz (48 nucleos fisicos)
laplace2d_1k_gcc_i50,30,1,0.010722,Intel(R) Xeon(R) Gold 6252 CPU @ 2.10GHz (48 nucleos fisicos)
laplace2d_1k_gcc_i50,31,1,0.010509,Intel(R) Xeon(R) Gold 6252 CPU @ 2.10GHz (48 nucleos fisicos)
laplace2d_1k_gcc_i50,32,1,0.010398,Intel(R) Xeon(R) Gold 6252 CPU @ 2.10GHz (48 nucleos fisicos)
laplace2d_1k_gcc_i50,33,1,0.010130,Intel(R) Xeon(R) Gold 6252 CPU @ 2.10GHz (48 nucleos fisicos)
laplace2d_1k_gcc_i50,34,1,0.009919,Intel(R) Xeon(R) Gold 6252 CPU @ 2.10GHz (48 nucleos fisicos)
laplace2d_1k_gcc_i50,35,1,0.009964,Intel(R) Xeon(R) Gold 6252 CPU @ 2.10GHz (48 nucleos fisicos)
laplace2d_1k_gcc_i50,36,1,0.009809,Intel(R) Xeon(R) Gold 6252 CPU @ 2.10GHz (48 nucleos fisicos)
laplace2d_1k_gcc_i50,37,1,0.009838,Intel(R) Xeon(R) Gold 6252 CPU @ 2.10GHz (48 nucleos fisicos)
laplace2d_1k_gcc_i50,38,1,0.009694,Intel(R) Xeon(R) Gold 6252 CPU @ 2.10GHz (48 nucleos fisicos)
laplace2d_1k_gcc_i50,39,1,0.009663,Intel(R) Xeon(R) Gold 6252 CPU @ 2.10GHz (48 nucleos fisicos)
laplace2d_1k_gcc_i50,40,1,0.009569,Intel(R) Xeon(R) Gold 6252 CPU @ 2.10GHz (48 nucleos fisicos)
laplace2d_1k_gcc_i50,41,1,0.009840,Intel(R) Xeon(R) Gold 6252 CPU @ 2.10GHz (48 nucleos fisicos)
laplace2d_1k_gcc_i50,42,1,0.009361,Intel(R) Xeon(R) Gold 6252 CPU @ 2.10GHz (48 nucleos fisicos)
laplace2d_1k_gcc_i50,43,1,0.009737,Intel(R) Xeon(R) Gold 6252 CPU @ 2.10GHz (48 nucleos fisicos)
laplace2d_1k_gcc_i50,44,1,0.009378,Intel(R) Xeon(R) Gold 6252 CPU @ 2.10GHz (48 nucleos fisicos)
laplace2d_1k_gcc_i50,45,1,0.009419,Intel(R) Xeon(R) Gold 6252 CPU @ 2.10GHz (48 nucleos fisicos)
laplace2d_1k_gcc_i50,46,1,0.009731,Intel(R) Xeon(R) Gold 6252 CPU @ 2.10GHz (48 nucleos fisicos)
laplace2d_1k_gcc_i50,47,1,0.009262,Intel(R) Xeon(R) Gold 6252 CPU @ 2.10GHz (48 nucleos fisicos)
laplace2d_1k_gcc_i50,48,1,0.009660,Intel(R) Xeon(R) Gold 6252 CPU @ 2.10GHz (48 nucleos fisicos)

=== Media por configuracao (REPS=1, maquina: Intel(R) Xeon(R) Gold 6252 CPU @ 2.10GHz (48 nucleos fisicos)) ===
laplace2d_1k_gcc_i50,1,0.1717
laplace2d_1k_gcc_i50,2,0.0978
laplace2d_1k_gcc_i50,3,0.0682
laplace2d_1k_gcc_i50,4,0.0519
laplace2d_1k_gcc_i50,5,0.0423
laplace2d_1k_gcc_i50,6,0.0350
laplace2d_1k_gcc_i50,7,0.0305
laplace2d_1k_gcc_i50,8,0.0280
laplace2d_1k_gcc_i50,9,0.0259
laplace2d_1k_gcc_i50,10,0.0230
laplace2d_1k_gcc_i50,11,0.0213
laplace2d_1k_gcc_i50,12,0.0202
laplace2d_1k_gcc_i50,13,0.0193
laplace2d_1k_gcc_i50,14,0.0188
laplace2d_1k_gcc_i50,15,0.0167
laplace2d_1k_gcc_i50,16,0.0161
laplace2d_1k_gcc_i50,17,0.0162
laplace2d_1k_gcc_i50,18,0.0147
laplace2d_1k_gcc_i50,19,0.0148
laplace2d_1k_gcc_i50,20,0.0135
laplace2d_1k_gcc_i50,21,0.0136
laplace2d_1k_gcc_i50,22,0.0137
laplace2d_1k_gcc_i50,23,0.0128
laplace2d_1k_gcc_i50,24,0.0122
laplace2d_1k_gcc_i50,25,0.0121
laplace2d_1k_gcc_i50,26,0.0117
laplace2d_1k_gcc_i50,27,0.0118
laplace2d_1k_gcc_i50,28,0.0112
laplace2d_1k_gcc_i50,29,0.0106
laplace2d_1k_gcc_i50,30,0.0107
laplace2d_1k_gcc_i50,31,0.0105
laplace2d_1k_gcc_i50,32,0.0104
laplace2d_1k_gcc_i50,33,0.0101
laplace2d_1k_gcc_i50,34,0.0099
laplace2d_1k_gcc_i50,35,0.0100
laplace2d_1k_gcc_i50,36,0.0098
laplace2d_1k_gcc_i50,37,0.0098
laplace2d_1k_gcc_i50,38,0.0097
laplace2d_1k_gcc_i50,39,0.0097
laplace2d_1k_gcc_i50,40,0.0096
laplace2d_1k_gcc_i50,41,0.0098
laplace2d_1k_gcc_i50,42,0.0094
laplace2d_1k_gcc_i50,43,0.0097
laplace2d_1k_gcc_i50,44,0.0094
laplace2d_1k_gcc_i50,45,0.0094
laplace2d_1k_gcc_i50,46,0.0097
laplace2d_1k_gcc_i50,47,0.0093
laplace2d_1k_gcc_i50,48,0.0097
laplace2d_gcc_i50,1,3.5316
laplace2d_gcc_i50,2,1.8399
laplace2d_gcc_i50,3,1.3440
laplace2d_gcc_i50,4,1.0688
laplace2d_gcc_i50,5,0.8677
laplace2d_gcc_i50,6,0.7634
laplace2d_gcc_i50,7,0.6675
laplace2d_gcc_i50,8,0.5863
laplace2d_gcc_i50,9,0.5357
laplace2d_gcc_i50,10,0.5158
laplace2d_gcc_i50,11,0.4783
laplace2d_gcc_i50,12,0.4414
laplace2d_gcc_i50,13,0.4285
laplace2d_gcc_i50,14,0.4183
laplace2d_gcc_i50,15,0.3963
laplace2d_gcc_i50,16,0.3839
laplace2d_gcc_i50,17,0.3751
laplace2d_gcc_i50,18,0.3875
laplace2d_gcc_i50,19,0.3838
laplace2d_gcc_i50,20,0.3714
laplace2d_gcc_i50,21,0.3585
laplace2d_gcc_i50,22,0.3739
laplace2d_gcc_i50,23,0.3657
laplace2d_gcc_i50,24,0.3400
laplace2d_gcc_i50,25,0.3677
laplace2d_gcc_i50,26,0.3608
laplace2d_gcc_i50,27,0.3486
laplace2d_gcc_i50,28,0.3430
laplace2d_gcc_i50,29,0.3459
laplace2d_gcc_i50,30,0.3451
laplace2d_gcc_i50,31,0.3438
laplace2d_gcc_i50,32,0.3706
laplace2d_gcc_i50,33,0.3549
laplace2d_gcc_i50,34,0.3475
laplace2d_gcc_i50,35,0.3496
laplace2d_gcc_i50,36,0.3397
laplace2d_gcc_i50,37,0.3470
laplace2d_gcc_i50,38,0.3470
laplace2d_gcc_i50,39,0.3476
laplace2d_gcc_i50,40,0.3449
laplace2d_gcc_i50,41,0.3525
laplace2d_gcc_i50,42,0.3488
laplace2d_gcc_i50,43,0.3488
laplace2d_gcc_i50,44,0.3570
laplace2d_gcc_i50,45,0.3490
laplace2d_gcc_i50,46,0.3474
laplace2d_gcc_i50,47,0.3514
laplace2d_gcc_i50,48,0.3771
programa,threads,tempo_medio_s
