Maquina detectada: Intel(R) Xeon(R) Gold 6252 CPU @ 2.10GHz (48 nucleos fisicos)
OMP_NUM_THREADS testado de 1 a 48, 3 repeticoes, saida em resultados_sdumont_slow2.csv

laplace2d_1loop_gcc_i500,1,1,34.973832,Intel(R) Xeon(R) Gold 6252 CPU @ 2.10GHz (48 nucleos fisicos)
laplace2d_1loop_gcc_i500,1,2,35.047638,Intel(R) Xeon(R) Gold 6252 CPU @ 2.10GHz (48 nucleos fisicos)
laplace2d_1loop_gcc_i500,1,3,35.002084,Intel(R) Xeon(R) Gold 6252 CPU @ 2.10GHz (48 nucleos fisicos)
laplace2d_1loop_gcc_i500,2,1,17.784104,Intel(R) Xeon(R) Gold 6252 CPU @ 2.10GHz (48 nucleos fisicos)
laplace2d_1loop_gcc_i500,2,2,17.706069,Intel(R) Xeon(R) Gold 6252 CPU @ 2.10GHz (48 nucleos fisicos)
laplace2d_1loop_gcc_i500,2,3,17.784760,Intel(R) Xeon(R) Gold 6252 CPU @ 2.10GHz (48 nucleos fisicos)
laplace2d_1loop_gcc_i500,3,1,12.212140,Intel(R) Xeon(R) Gold 6252 CPU @ 2.10GHz (48 nucleos fisicos)
laplace2d_1loop_gcc_i500,3,2,11.953696,Intel(R) Xeon(R) Gold 6252 CPU @ 2.10GHz (48 nucleos fisicos)
laplace2d_1loop_gcc_i500,3,3,11.931910,Intel(R) Xeon(R) Gold 6252 CPU @ 2.10GHz (48 nucleos fisicos)
laplace2d_1loop_gcc_i500,4,1,9.379771,Intel(R) Xeon(R) Gold 6252 CPU @ 2.10GHz (48 nucleos fisicos)
laplace2d_1loop_gcc_i500,4,2,9.101200,Intel(R) Xeon(R) Gold 6252 CPU @ 2.10GHz (48 nucleos fisicos)
laplace2d_1loop_gcc_i500,4,3,9.358471,Intel(R) Xeon(R) Gold 6252 CPU @ 2.10GHz (48 nucleos fisicos)
laplace2d_1loop_gcc_i500,5,1,7.495160,Intel(R) Xeon(R) Gold 6252 CPU @ 2.10GHz (48 nucleos fisicos)
laplace2d_1loop_gcc_i500,5,2,7.527286,Intel(R) Xeon(R) Gold 6252 CPU @ 2.10GHz (48 nucleos fisicos)
laplace2d_1loop_gcc_i500,5,3,7.635069,Intel(R) Xeon(R) Gold 6252 CPU @ 2.10GHz (48 nucleos fisicos)
laplace2d_1loop_gcc_i500,6,1,6.366483,Intel(R) Xeon(R) Gold 6252 CPU @ 2.10GHz (48 nucleos fisicos)
laplace2d_1loop_gcc_i500,6,2,6.329851,Intel(R) Xeon(R) Gold 6252 CPU @ 2.10GHz (48 nucleos fisicos)
laplace2d_1loop_gcc_i500,6,3,6.356806,Intel(R) Xeon(R) Gold 6252 CPU @ 2.10GHz (48 nucleos fisicos)
laplace2d_1loop_gcc_i500,7,1,5.556346,Intel(R) Xeon(R) Gold 6252 CPU @ 2.10GHz (48 nucleos fisicos)
laplace2d_1loop_gcc_i500,7,2,5.766456,Intel(R) Xeon(R) Gold 6252 CPU @ 2.10GHz (48 nucleos fisicos)
laplace2d_1loop_gcc_i500,7,3,5.494968,Intel(R) Xeon(R) Gold 6252 CPU @ 2.10GHz (48 nucleos fisicos)
laplace2d_1loop_gcc_i500,8,1,4.971806,Intel(R) Xeon(R) Gold 6252 CPU @ 2.10GHz (48 nucleos fisicos)
laplace2d_1loop_gcc_i500,8,2,4.968853,Intel(R) Xeon(R) Gold 6252 CPU @ 2.10GHz (48 nucleos fisicos)
laplace2d_1loop_gcc_i500,8,3,4.985097,Intel(R) Xeon(R) Gold 6252 CPU @ 2.10GHz (48 nucleos fisicos)
laplace2d_1loop_gcc_i500,9,1,4.518665,Intel(R) Xeon(R) Gold 6252 CPU @ 2.10GHz (48 nucleos fisicos)
laplace2d_1loop_gcc_i500,9,2,4.479811,Intel(R) Xeon(R) Gold 6252 CPU @ 2.10GHz (48 nucleos fisicos)
laplace2d_1loop_gcc_i500,9,3,4.479247,Intel(R) Xeon(R) Gold 6252 CPU @ 2.10GHz (48 nucleos fisicos)
laplace2d_1loop_gcc_i500,10,1,4.113954,Intel(R) Xeon(R) Gold 6252 CPU @ 2.10GHz (48 nucleos fisicos)
laplace2d_1loop_gcc_i500,10,2,4.101634,Intel(R) Xeon(R) Gold 6252 CPU @ 2.10GHz (48 nucleos fisicos)
laplace2d_1loop_gcc_i500,10,3,4.160965,Intel(R) Xeon(R) Gold 6252 CPU @ 2.10GHz (48 nucleos fisicos)
laplace2d_1loop_gcc_i500,11,1,4.065505,Intel(R) Xeon(R) Gold 6252 CPU @ 2.10GHz (48 nucleos fisicos)
laplace2d_1loop_gcc_i500,11,2,3.830230,Intel(R) Xeon(R) Gold 6252 CPU @ 2.10GHz (48 nucleos fisicos)
laplace2d_1loop_gcc_i500,11,3,3.825148,Intel(R) Xeon(R) Gold 6252 CPU @ 2.10GHz (48 nucleos fisicos)
laplace2d_1loop_gcc_i500,12,1,3.596548,Intel(R) Xeon(R) Gold 6252 CPU @ 2.10GHz (48 nucleos fisicos)
laplace2d_1loop_gcc_i500,12,2,3.616229,Intel(R) Xeon(R) Gold 6252 CPU @ 2.10GHz (48 nucleos fisicos)
laplace2d_1loop_gcc_i500,12,3,3.608583,Intel(R) Xeon(R) Gold 6252 CPU @ 2.10GHz (48 nucleos fisicos)
laplace2d_1loop_gcc_i500,13,1,3.437354,Intel(R) Xeon(R) Gold 6252 CPU @ 2.10GHz (48 nucleos fisicos)
laplace2d_1loop_gcc_i500,13,2,3.538524,Intel(R) Xeon(R) Gold 6252 CPU @ 2.10GHz (48 nucleos fisicos)
laplace2d_1loop_gcc_i500,13,3,3.548240,Intel(R) Xeon(R) Gold 6252 CPU @ 2.10GHz (48 nucleos fisicos)
laplace2d_1loop_gcc_i500,14,1,3.225196,Intel(R) Xeon(R) Gold 6252 CPU @ 2.10GHz (48 nucleos fisicos)
laplace2d_1loop_gcc_i500,14,2,3.270072,Intel(R) Xeon(R) Gold 6252 CPU @ 2.10GHz (48 nucleos fisicos)
laplace2d_1loop_gcc_i500,14,3,3.258963,Intel(R) Xeon(R) Gold 6252 CPU @ 2.10GHz (48 nucleos fisicos)
laplace2d_1loop_gcc_i500,15,1,3.126419,Intel(R) Xeon(R) Gold 6252 CPU @ 2.10GHz (48 nucleos fisicos)
laplace2d_1loop_gcc_i500,15,2,3.104295,Intel(R) Xeon(R) Gold 6252 CPU @ 2.10GHz (48 nucleos fisicos)
laplace2d_1loop_gcc_i500,15,3,3.175951,Intel(R) Xeon(R) Gold 6252 CPU @ 2.10GHz (48 nucleos fisicos)
laplace2d_1loop_gcc_i500,16,1,3.114669,Intel(R) Xeon(R) Gold 6252 CPU @ 2.10GHz (48 nucleos fisicos)
laplace2d_1loop_gcc_i500,16,2,3.111140,Intel(R) Xeon(R) Gold 6252 CPU @ 2.10GHz (48 nucleos fisicos)
laplace2d_1loop_gcc_i500,16,3,2.987465,Intel(R) Xeon(R) Gold 6252 CPU @ 2.10GHz (48 nucleos fisicos)
laplace2d_1loop_gcc_i500,17,1,2.900236,Intel(R) Xeon(R) Gold 6252 CPU @ 2.10GHz (48 nucleos fisicos)
laplace2d_1loop_gcc_i500,17,2,2.924123,Intel(R) Xeon(R) Gold 6252 CPU @ 2.10GHz (48 nucleos fisicos)
laplace2d_1loop_gcc_i500,17,3,2.908884,Intel(R) Xeon(R) Gold 6252 CPU @ 2.10GHz (48 nucleos fisicos)
laplace2d_1loop_gcc_i500,18,1,2.801440,Intel(R) Xeon(R) Gold 6252 CPU @ 2.10GHz (48 nucleos fisicos)
laplace2d_1loop_gcc_i500,18,2,2.828740,Intel(R) Xeon(R) Gold 6252 CPU @ 2.10GHz (48 nucleos fisicos)
laplace2d_1loop_gcc_i500,18,3,2.833248,Intel(R) Xeon(R) Gold 6252 CPU @ 2.10GHz (48 nucleos fisicos)
laplace2d_1loop_gcc_i500,19,1,2.740244,Intel(R) Xeon(R) Gold 6252 CPU @ 2.10GHz (48 nucleos fisicos)
laplace2d_1loop_gcc_i500,19,2,2.757906,Intel(R) Xeon(R) Gold 6252 CPU @ 2.10GHz (48 nucleos fisicos)
laplace2d_1loop_gcc_i500,19,3,2.738742,Intel(R) Xeon(R) Gold 6252 CPU @ 2.10GHz (48 nucleos fisicos)
laplace2d_1loop_gcc_i500,20,1,2.710237,Intel(R) Xeon(R) Gold 6252 CPU @ 2.10GHz (48 nucleos fisicos)
laplace2d_1loop_gcc_i500,20,2,2.690503,Intel(R) Xeon(R) Gold 6252 CPU @ 2.10GHz (48 nucleos fisicos)
laplace2d_1loop_gcc_i500,20,3,2.776624,Intel(R) Xeon(R) Gold 6252 CPU @ 2.10GHz (48 nucleos fisicos)
laplace2d_1loop_gcc_i500,21,1,2.604208,Intel(R) Xeon(R) Gold 6252 CPU @ 2.10GHz (48 nucleos fisicos)
laplace2d_1loop_gcc_i500,21,2,2.627695,Intel(R) Xeon(R) Gold 6252 CPU @ 2.10GHz (48 nucleos fisicos)
laplace2d_1loop_gcc_i500,21,3,2.597469,Intel(R) Xeon(R) Gold 6252 CPU @ 2.10GHz (48 nucleos fisicos)
laplace2d_1loop_gcc_i500,22,1,2.573077,Intel(R) Xeon(R) Gold 6252 CPU @ 2.10GHz (48 nucleos fisicos)
laplace2d_1loop_gcc_i500,22,2,2.574008,Intel(R) Xeon(R) Gold 6252 CPU @ 2.10GHz (48 nucleos fisicos)
laplace2d_1loop_gcc_i500,22,3,2.684008,Intel(R) Xeon(R) Gold 6252 CPU @ 2.10GHz (48 nucleos fisicos)
laplace2d_1loop_gcc_i500,23,1,2.619544,Intel(R) Xeon(R) Gold 6252 CPU @ 2.10GHz (48 nucleos fisicos)
laplace2d_1loop_gcc_i500,23,2,2.559149,Intel(R) Xeon(R) Gold 6252 CPU @ 2.10GHz (48 nucleos fisicos)
laplace2d_1loop_gcc_i500,23,3,2.674288,Intel(R) Xeon(R) Gold 6252 CPU @ 2.10GHz (48 nucleos fisicos)
laplace2d_1loop_gcc_i500,24,1,2.504485,Intel(R) Xeon(R) Gold 6252 CPU @ 2.10GHz (48 nucleos fisicos)
laplace2d_1loop_gcc_i500,24,2,2.582621,Intel(R) Xeon(R) Gold 6252 CPU @ 2.10GHz (48 nucleos fisicos)
laplace2d_1loop_gcc_i500,24,3,2.522865,Intel(R) Xeon(R) Gold 6252 CPU @ 2.10GHz (48 nucleos fisicos)
laplace2d_1loop_gcc_i500,25,1,2.536223,Intel(R) Xeon(R) Gold 6252 CPU @ 2.10GHz (48 nucleos fisicos)
laplace2d_1loop_gcc_i500,25,2,2.523664,Intel(R) Xeon(R) Gold 6252 CPU @ 2.10GHz (48 nucleos fisicos)
laplace2d_1loop_gcc_i500,25,3,2.505351,Intel(R) Xeon(R) Gold 6252 CPU @ 2.10GHz (48 nucleos fisicos)
laplace2d_1loop_gcc_i500,26,1,2.477699,Intel(R) Xeon(R) Gold 6252 CPU @ 2.10GHz (48 nucleos fisicos)
laplace2d_1loop_gcc_i500,26,2,2.447234,Intel(R) Xeon(R) Gold 6252 CPU @ 2.10GHz (48 nucleos fisicos)
laplace2d_1loop_gcc_i500,26,3,2.454922,Intel(R) Xeon(R) Gold 6252 CPU @ 2.10GHz (48 nucleos fisicos)
laplace2d_1loop_gcc_i500,27,1,2.505084,Intel(R) Xeon(R) Gold 6252 CPU @ 2.10GHz (48 nucleos fisicos)
laplace2d_1loop_gcc_i500,27,2,2.476740,Intel(R) Xeon(R) Gold 6252 CPU @ 2.10GHz (48 nucleos fisicos)
laplace2d_1loop_gcc_i500,27,3,2.497633,Intel(R) Xeon(R) Gold 6252 CPU @ 2.10GHz (48 nucleos fisicos)
laplace2d_1loop_gcc_i500,28,1,2.443877,Intel(R) Xeon(R) Gold 6252 CPU @ 2.10GHz (48 nucleos fisicos)
laplace2d_1loop_gcc_i500,28,2,2.482862,Intel(R) Xeon(R) Gold 6252 CPU @ 2.10GHz (48 nucleos fisicos)
laplace2d_1loop_gcc_i500,28,3,2.575166,Intel(R) Xeon(R) Gold 6252 CPU @ 2.10GHz (48 nucleos fisicos)
laplace2d_1loop_gcc_i500,29,1,2.561293,Intel(R) Xeon(R) Gold 6252 CPU @ 2.10GHz (48 nucleos fisicos)
laplace2d_1loop_gcc_i500,29,2,2.498765,Intel(R) Xeon(R) Gold 6252 CPU @ 2.10GHz (48 nucleos fisicos)
laplace2d_1loop_gcc_i500,29,3,2.375563,Intel(R) Xeon(R) Gold 6252 CPU @ 2.10GHz (48 nucleos fisicos)
laplace2d_1loop_gcc_i500,30,1,2.461405,Intel(R) Xeon(R) Gold 6252 CPU @ 2.10GHz (48 nucleos fisicos)
laplace2d_1loop_gcc_i500,30,2,2.440703,Intel(R) Xeon(R) Gold 6252 CPU @ 2.10GHz (48 nucleos fisicos)
laplace2d_1loop_gcc_i500,30,3,2.356238,Intel(R) Xeon(R) Gold 6252 CPU @ 2.10GHz (48 nucleos fisicos)
laplace2d_1loop_gcc_i500,31,1,2.417372,Intel(R) Xeon(R) Gold 6252 CPU @ 2.10GHz (48 nucleos fisicos)
laplace2d_1loop_gcc_i500,31,2,2.342590,Intel(R) Xeon(R) Gold 6252 CPU @ 2.10GHz (48 nucleos fisicos)
laplace2d_1loop_gcc_i500,31,3,2.525870,Intel(R) Xeon(R) Gold 6252 CPU @ 2.10GHz (48 nucleos fisicos)
laplace2d_1loop_gcc_i500,32,1,2.417281,Intel(R) Xeon(R) Gold 6252 CPU @ 2.10GHz (48 nucleos fisicos)
laplace2d_1loop_gcc_i500,32,2,2.607818,Intel(R) Xeon(R) Gold 6252 CPU @ 2.10GHz (48 nucleos fisicos)
laplace2d_1loop_gcc_i500,32,3,2.583002,Intel(R) Xeon(R) Gold 6252 CPU @ 2.10GHz (48 nucleos fisicos)
laplace2d_1loop_gcc_i500,33,1,2.405656,Intel(R) Xeon(R) Gold 6252 CPU @ 2.10GHz (48 nucleos fisicos)
laplace2d_1loop_gcc_i500,33,2,2.453462,Intel(R) Xeon(R) Gold 6252 CPU @ 2.10GHz (48 nucleos fisicos)
laplace2d_1loop_gcc_i500,33,3,2.500148,Intel(R) Xeon(R) Gold 6252 CPU @ 2.10GHz (48 nucleos fisicos)
laplace2d_1loop_gcc_i500,34,1,2.540014,Intel(R) Xeon(R) Gold 6252 CPU @ 2.10GHz (48 nucleos fisicos)
laplace2d_1loop_gcc_i500,34,2,2.325413,Intel(R) Xeon(R) Gold 6252 CPU @ 2.10GHz (48 nucleos fisicos)
laplace2d_1loop_gcc_i500,34,3,2.395862,Intel(R) Xeon(R) Gold 6252 CPU @ 2.10GHz (48 nucleos fisicos)
laplace2d_1loop_gcc_i500,35,1,2.726507,Intel(R) Xeon(R) Gold 6252 CPU @ 2.10GHz (48 nucleos fisicos)
laplace2d_1loop_gcc_i500,35,2,2.435690,Intel(R) Xeon(R) Gold 6252 CPU @ 2.10GHz (48 nucleos fisicos)
laplace2d_1loop_gcc_i500,35,3,2.380988,Intel(R) Xeon(R) Gold 6252 CPU @ 2.10GHz (48 nucleos fisicos)
laplace2d_1loop_gcc_i500,36,1,2.457994,Intel(R) Xeon(R) Gold 6252 CPU @ 2.10GHz (48 nucleos fisicos)
laplace2d_1loop_gcc_i500,36,2,2.541298,Intel(R) Xeon(R) Gold 6252 CPU @ 2.10GHz (48 nucleos fisicos)
laplace2d_1loop_gcc_i500,36,3,2.377047,Intel(R) Xeon(R) Gold 6252 CPU @ 2.10GHz (48 nucleos fisicos)
laplace2d_1loop_gcc_i500,37,1,2.381171,Intel(R) Xeon(R) Gold 6252 CPU @ 2.10GHz (48 nucleos fisicos)
laplace2d_1loop_gcc_i500,37,2,2.475696,Intel(R) Xeon(R) Gold 6252 CPU @ 2.10GHz (48 nucleos fisicos)
laplace2d_1loop_gcc_i500,37,3,2.381168,Intel(R) Xeon(R) Gold 6252 CPU @ 2.10GHz (48 nucleos fisicos)
laplace2d_1loop_gcc_i500,38,1,2.351243,Intel(R) Xeon(R) Gold 6252 CPU @ 2.10GHz (48 nucleos fisicos)
laplace2d_1loop_gcc_i500,38,2,2.408010,Intel(R) Xeon(R) Gold 6252 CPU @ 2.10GHz (48 nucleos fisicos)
laplace2d_1loop_gcc_i500,38,3,2.544242,Intel(R) Xeon(R) Gold 6252 CPU @ 2.10GHz (48 nucleos fisicos)
laplace2d_1loop_gcc_i500,39,1,2.410299,Intel(R) Xeon(R) Gold 6252 CPU @ 2.10GHz (48 nucleos fisicos)
laplace2d_1loop_gcc_i500,39,2,2.501076,Intel(R) Xeon(R) Gold 6252 CPU @ 2.10GHz (48 nucleos fisicos)
laplace2d_1loop_gcc_i500,39,3,2.484524,Intel(R) Xeon(R) Gold 6252 CPU @ 2.10GHz (48 nucleos fisicos)
laplace2d_1loop_gcc_i500,40,1,2.374000,Intel(R) Xeon(R) Gold 6252 CPU @ 2.10GHz (48 nucleos fisicos)
laplace2d_1loop_gcc_i500,40,2,2.349073,Intel(R) Xeon(R) Gold 6252 CPU @ 2.10GHz (48 nucleos fisicos)
laplace2d_1loop_gcc_i500,40,3,2.428625,Intel(R) Xeon(R) Gold 6252 CPU @ 2.10GHz (48 nucleos fisicos)
laplace2d_1loop_gcc_i500,41,1,2.602788,Intel(R) Xeon(R) Gold 6252 CPU @ 2.10GHz (48 nucleos fisicos)
laplace2d_1loop_gcc_i500,41,2,2.615204,Intel(R) Xeon(R) Gold 6252 CPU @ 2.10GHz (48 nucleos fisicos)
laplace2d_1loop_gcc_i500,41,3,2.484145,Intel(R) Xeon(R) Gold 6252 CPU @ 2.10GHz (48 nucleos fisicos)
laplace2d_1loop_gcc_i500,42,1,2.630199,Intel(R) Xeon(R) Gold 6252 CPU @ 2.10GHz (48 nucleos fisicos)
laplace2d_1loop_gcc_i500,42,2,2.476898,Intel(R) Xeon(R) Gold 6252 CPU @ 2.10GHz (48 nucleos fisicos)
laplace2d_1loop_gcc_i500,42,3,2.681249,Intel(R) Xeon(R) Gold 6252 CPU @ 2.10GHz (48 nucleos fisicos)
laplace2d_1loop_gcc_i500,43,1,2.715901,Intel(R) Xeon(R) Gold 6252 CPU @ 2.10GHz (48 nucleos fisicos)
laplace2d_1loop_gcc_i500,43,2,2.611999,Intel(R) Xeon(R) Gold 6252 CPU @ 2.10GHz (48 nucleos fisicos)
laplace2d_1loop_gcc_i500,43,3,2.470845,Intel(R) Xeon(R) Gold 6252 CPU @ 2.10GHz (48 nucleos fisicos)
laplace2d_1loop_gcc_i500,44,1,2.508376,Intel(R) Xeon(R) Gold 6252 CPU @ 2.10GHz (48 nucleos fisicos)
laplace2d_1loop_gcc_i500,44,2,2.274484,Intel(R) Xeon(R) Gold 6252 CPU @ 2.10GHz (48 nucleos fisicos)
laplace2d_1loop_gcc_i500,44,3,2.523091,Intel(R) Xeon(R) Gold 6252 CPU @ 2.10GHz (48 nucleos fisicos)
laplace2d_1loop_gcc_i500,45,1,2.471909,Intel(R) Xeon(R) Gold 6252 CPU @ 2.10GHz (48 nucleos fisicos)
laplace2d_1loop_gcc_i500,45,2,2.456237,Intel(R) Xeon(R) Gold 6252 CPU @ 2.10GHz (48 nucleos fisicos)
laplace2d_1loop_gcc_i500,45,3,2.488116,Intel(R) Xeon(R) Gold 6252 CPU @ 2.10GHz (48 nucleos fisicos)
laplace2d_1loop_gcc_i500,46,1,2.345407,Intel(R) Xeon(R) Gold 6252 CPU @ 2.10GHz (48 nucleos fisicos)
laplace2d_1loop_gcc_i500,46,2,2.605072,Intel(R) Xeon(R) Gold 6252 CPU @ 2.10GHz (48 nucleos fisicos)
laplace2d_1loop_gcc_i500,46,3,2.474395,Intel(R) Xeon(R) Gold 6252 CPU @ 2.10GHz (48 nucleos fisicos)
laplace2d_1loop_gcc_i500,47,1,2.450581,Intel(R) Xeon(R) Gold 6252 CPU @ 2.10GHz (48 nucleos fisicos)
laplace2d_1loop_gcc_i500,47,2,2.305432,Intel(R) Xeon(R) Gold 6252 CPU @ 2.10GHz (48 nucleos fisicos)
laplace2d_1loop_gcc_i500,47,3,2.358803,Intel(R) Xeon(R) Gold 6252 CPU @ 2.10GHz (48 nucleos fisicos)
laplace2d_1loop_gcc_i500,48,1,2.528227,Intel(R) Xeon(R) Gold 6252 CPU @ 2.10GHz (48 nucleos fisicos)
laplace2d_1loop_gcc_i500,48,2,2.401286,Intel(R) Xeon(R) Gold 6252 CPU @ 2.10GHz (48 nucleos fisicos)
laplace2d_1loop_gcc_i500,48,3,2.313781,Intel(R) Xeon(R) Gold 6252 CPU @ 2.10GHz (48 nucleos fisicos)

=== Media por configuracao (REPS=3, maquina: Intel(R) Xeon(R) Gold 6252 CPU @ 2.10GHz (48 nucleos fisicos)) ===
laplace2d_1loop_gcc_i500,1,35.0079
laplace2d_1loop_gcc_i500,2,17.7583
laplace2d_1loop_gcc_i500,3,12.0326
laplace2d_1loop_gcc_i500,4,9.2798
laplace2d_1loop_gcc_i500,5,7.5525
laplace2d_1loop_gcc_i500,6,6.3510
laplace2d_1loop_gcc_i500,7,5.6059
laplace2d_1loop_gcc_i500,8,4.9753
laplace2d_1loop_gcc_i500,9,4.4926
laplace2d_1loop_gcc_i500,10,4.1255
laplace2d_1loop_gcc_i500,11,3.9070
laplace2d_1loop_gcc_i500,12,3.6071
laplace2d_1loop_gcc_i500,13,3.5080
laplace2d_1loop_gcc_i500,14,3.2514
laplace2d_1loop_gcc_i500,15,3.1356
laplace2d_1loop_gcc_i500,16,3.0711
laplace2d_1loop_gcc_i500,17,2.9111
laplace2d_1loop_gcc_i500,18,2.8211
laplace2d_1loop_gcc_i500,19,2.7456
laplace2d_1loop_gcc_i500,20,2.7258
laplace2d_1loop_gcc_i500,21,2.6098
laplace2d_1loop_gcc_i500,22,2.6104
laplace2d_1loop_gcc_i500,23,2.6177
laplace2d_1loop_gcc_i500,24,2.5367
laplace2d_1loop_gcc_i500,25,2.5217
laplace2d_1loop_gcc_i500,26,2.4600
laplace2d_1loop_gcc_i500,27,2.4932
laplace2d_1loop_gcc_i500,28,2.5006
laplace2d_1loop_gcc_i500,29,2.4785
laplace2d_1loop_gcc_i500,30,2.4194
laplace2d_1loop_gcc_i500,31,2.4286
laplace2d_1loop_gcc_i500,32,2.5360
laplace2d_1loop_gcc_i500,33,2.4531
laplace2d_1loop_gcc_i500,34,2.4204
laplace2d_1loop_gcc_i500,35,2.5144
laplace2d_1loop_gcc_i500,36,2.4588
laplace2d_1loop_gcc_i500,37,2.4127
laplace2d_1loop_gcc_i500,38,2.4345
laplace2d_1loop_gcc_i500,39,2.4653
laplace2d_1loop_gcc_i500,40,2.3839
laplace2d_1loop_gcc_i500,41,2.5674
laplace2d_1loop_gcc_i500,42,2.5961
laplace2d_1loop_gcc_i500,43,2.5996
laplace2d_1loop_gcc_i500,44,2.4353
laplace2d_1loop_gcc_i500,45,2.4721
laplace2d_1loop_gcc_i500,46,2.4750
laplace2d_1loop_gcc_i500,47,2.3716
laplace2d_1loop_gcc_i500,48,2.4144
programa,threads,tempo_medio_s
