Maquina detectada: Intel(R) Xeon(R) Gold 6252 CPU @ 2.10GHz (48 nucleos fisicos)
OMP_NUM_THREADS testado de 1 a 48, 5 repeticoes, saida em resultados_sdumont.csv

laplace2d_gcc_i50,1,1,3.578577,Intel(R) Xeon(R) Gold 6252 CPU @ 2.10GHz (48 nucleos fisicos)
laplace2d_gcc_i50,1,2,3.550259,Intel(R) Xeon(R) Gold 6252 CPU @ 2.10GHz (48 nucleos fisicos)
laplace2d_gcc_i50,1,3,3.534166,Intel(R) Xeon(R) Gold 6252 CPU @ 2.10GHz (48 nucleos fisicos)
laplace2d_gcc_i50,1,4,3.535088,Intel(R) Xeon(R) Gold 6252 CPU @ 2.10GHz (48 nucleos fisicos)
laplace2d_gcc_i50,1,5,3.562166,Intel(R) Xeon(R) Gold 6252 CPU @ 2.10GHz (48 nucleos fisicos)
laplace2d_gcc_i50,2,1,1.841354,Intel(R) Xeon(R) Gold 6252 CPU @ 2.10GHz (48 nucleos fisicos)
laplace2d_gcc_i50,2,2,1.802421,Intel(R) Xeon(R) Gold 6252 CPU @ 2.10GHz (48 nucleos fisicos)
laplace2d_gcc_i50,2,3,1.841378,Intel(R) Xeon(R) Gold 6252 CPU @ 2.10GHz (48 nucleos fisicos)
laplace2d_gcc_i50,2,4,1.804243,Intel(R) Xeon(R) Gold 6252 CPU @ 2.10GHz (48 nucleos fisicos)
laplace2d_gcc_i50,2,5,1.839245,Intel(R) Xeon(R) Gold 6252 CPU @ 2.10GHz (48 nucleos fisicos)
laplace2d_gcc_i50,3,1,1.342064,Intel(R) Xeon(R) Gold 6252 CPU @ 2.10GHz (48 nucleos fisicos)
laplace2d_gcc_i50,3,2,1.330823,Intel(R) Xeon(R) Gold 6252 CPU @ 2.10GHz (48 nucleos fisicos)
laplace2d_gcc_i50,3,3,1.341950,Intel(R) Xeon(R) Gold 6252 CPU @ 2.10GHz (48 nucleos fisicos)
laplace2d_gcc_i50,3,4,1.344266,Intel(R) Xeon(R) Gold 6252 CPU @ 2.10GHz (48 nucleos fisicos)
laplace2d_gcc_i50,3,5,1.334904,Intel(R) Xeon(R) Gold 6252 CPU @ 2.10GHz (48 nucleos fisicos)
laplace2d_gcc_i50,4,1,1.057761,Intel(R) Xeon(R) Gold 6252 CPU @ 2.10GHz (48 nucleos fisicos)
laplace2d_gcc_i50,4,2,1.061926,Intel(R) Xeon(R) Gold 6252 CPU @ 2.10GHz (48 nucleos fisicos)
laplace2d_gcc_i50,4,3,1.058577,Intel(R) Xeon(R) Gold 6252 CPU @ 2.10GHz (48 nucleos fisicos)
laplace2d_gcc_i50,4,4,1.063077,Intel(R) Xeon(R) Gold 6252 CPU @ 2.10GHz (48 nucleos fisicos)
laplace2d_gcc_i50,4,5,1.076422,Intel(R) Xeon(R) Gold 6252 CPU @ 2.10GHz (48 nucleos fisicos)
laplace2d_gcc_i50,5,1,0.885547,Intel(R) Xeon(R) Gold 6252 CPU @ 2.10GHz (48 nucleos fisicos)
laplace2d_gcc_i50,5,2,0.875055,Intel(R) Xeon(R) Gold 6252 CPU @ 2.10GHz (48 nucleos fisicos)
laplace2d_gcc_i50,5,3,0.855380,Intel(R) Xeon(R) Gold 6252 CPU @ 2.10GHz (48 nucleos fisicos)
laplace2d_gcc_i50,5,4,0.847867,Intel(R) Xeon(R) Gold 6252 CPU @ 2.10GHz (48 nucleos fisicos)
laplace2d_gcc_i50,5,5,0.844080,Intel(R) Xeon(R) Gold 6252 CPU @ 2.10GHz (48 nucleos fisicos)
laplace2d_gcc_i50,6,1,0.763195,Intel(R) Xeon(R) Gold 6252 CPU @ 2.10GHz (48 nucleos fisicos)
laplace2d_gcc_i50,6,2,0.749469,Intel(R) Xeon(R) Gold 6252 CPU @ 2.10GHz (48 nucleos fisicos)
laplace2d_gcc_i50,6,3,0.738362,Intel(R) Xeon(R) Gold 6252 CPU @ 2.10GHz (48 nucleos fisicos)
laplace2d_gcc_i50,6,4,0.721513,Intel(R) Xeon(R) Gold 6252 CPU @ 2.10GHz (48 nucleos fisicos)
laplace2d_gcc_i50,6,5,0.714882,Intel(R) Xeon(R) Gold 6252 CPU @ 2.10GHz (48 nucleos fisicos)
laplace2d_gcc_i50,7,1,0.672510,Intel(R) Xeon(R) Gold 6252 CPU @ 2.10GHz (48 nucleos fisicos)
laplace2d_gcc_i50,7,2,0.670351,Intel(R) Xeon(R) Gold 6252 CPU @ 2.10GHz (48 nucleos fisicos)
laplace2d_gcc_i50,7,3,0.649029,Intel(R) Xeon(R) Gold 6252 CPU @ 2.10GHz (48 nucleos fisicos)
laplace2d_gcc_i50,7,4,0.640360,Intel(R) Xeon(R) Gold 6252 CPU @ 2.10GHz (48 nucleos fisicos)
laplace2d_gcc_i50,7,5,0.632538,Intel(R) Xeon(R) Gold 6252 CPU @ 2.10GHz (48 nucleos fisicos)
laplace2d_gcc_i50,8,1,0.575070,Intel(R) Xeon(R) Gold 6252 CPU @ 2.10GHz (48 nucleos fisicos)
laplace2d_gcc_i50,8,2,0.573407,Intel(R) Xeon(R) Gold 6252 CPU @ 2.10GHz (48 nucleos fisicos)
laplace2d_gcc_i50,8,3,0.579938,Intel(R) Xeon(R) Gold 6252 CPU @ 2.10GHz (48 nucleos fisicos)
laplace2d_gcc_i50,8,4,0.594592,Intel(R) Xeon(R) Gold 6252 CPU @ 2.10GHz (48 nucleos fisicos)
laplace2d_gcc_i50,8,5,0.583352,Intel(R) Xeon(R) Gold 6252 CPU @ 2.10GHz (48 nucleos fisicos)
laplace2d_gcc_i50,9,1,0.521605,Intel(R) Xeon(R) Gold 6252 CPU @ 2.10GHz (48 nucleos fisicos)
laplace2d_gcc_i50,9,2,0.518592,Intel(R) Xeon(R) Gold 6252 CPU @ 2.10GHz (48 nucleos fisicos)
laplace2d_gcc_i50,9,3,0.565368,Intel(R) Xeon(R) Gold 6252 CPU @ 2.10GHz (48 nucleos fisicos)
laplace2d_gcc_i50,9,4,0.545461,Intel(R) Xeon(R) Gold 6252 CPU @ 2.10GHz (48 nucleos fisicos)
laplace2d_gcc_i50,9,5,0.528719,Intel(R) Xeon(R) Gold 6252 CPU @ 2.10GHz (48 nucleos fisicos)
laplace2d_gcc_i50,10,1,0.510573,Intel(R) Xeon(R) Gold 6252 CPU @ 2.10GHz (48 nucleos fisicos)
laplace2d_gcc_i50,10,2,0.491436,Intel(R) Xeon(R) Gold 6252 CPU @ 2.10GHz (48 nucleos fisicos)
laplace2d_gcc_i50,10,3,0.492425,Intel(R) Xeon(R) Gold 6252 CPU @ 2.10GHz (48 nucleos fisicos)
laplace2d_gcc_i50,10,4,0.515551,Intel(R) Xeon(R) Gold 6252 CPU @ 2.10GHz (48 nucleos fisicos)
laplace2d_gcc_i50,10,5,0.512391,Intel(R) Xeon(R) Gold 6252 CPU @ 2.10GHz (48 nucleos fisicos)
laplace2d_gcc_i50,11,1,0.463758,Intel(R) Xeon(R) Gold 6252 CPU @ 2.10GHz (48 nucleos fisicos)
laplace2d_gcc_i50,11,2,0.462449,Intel(R) Xeon(R) Gold 6252 CPU @ 2.10GHz (48 nucleos fisicos)
laplace2d_gcc_i50,11,3,0.451951,Intel(R) Xeon(R) Gold 6252 CPU @ 2.10GHz (48 nucleos fisicos)
laplace2d_gcc_i50,11,4,0.452219,Intel(R) Xeon(R) Gold 6252 CPU @ 2.10GHz (48 nucleos fisicos)
laplace2d_gcc_i50,11,5,0.462496,Intel(R) Xeon(R) Gold 6252 CPU @ 2.10GHz (48 nucleos fisicos)
laplace2d_gcc_i50,12,1,0.434913,Intel(R) Xeon(R) Gold 6252 CPU @ 2.10GHz (48 nucleos fisicos)
laplace2d_gcc_i50,12,2,0.428602,Intel(R) Xeon(R) Gold 6252 CPU @ 2.10GHz (48 nucleos fisicos)
laplace2d_gcc_i50,12,3,0.431672,Intel(R) Xeon(R) Gold 6252 CPU @ 2.10GHz (48 nucleos fisicos)
laplace2d_gcc_i50,12,4,0.430702,Intel(R) Xeon(R) Gold 6252 CPU @ 2.10GHz (48 nucleos fisicos)
laplace2d_gcc_i50,12,5,0.423654,Intel(R) Xeon(R) Gold 6252 CPU @ 2.10GHz (48 nucleos fisicos)
laplace2d_gcc_i50,13,1,0.443389,Intel(R) Xeon(R) Gold 6252 CPU @ 2.10GHz (48 nucleos fisicos)
laplace2d_gcc_i50,13,2,0.437734,Intel(R) Xeon(R) Gold 6252 CPU @ 2.10GHz (48 nucleos fisicos)
laplace2d_gcc_i50,13,3,0.427417,Intel(R) Xeon(R) Gold 6252 CPU @ 2.10GHz (48 nucleos fisicos)
laplace2d_gcc_i50,13,4,0.426494,Intel(R) Xeon(R) Gold 6252 CPU @ 2.10GHz (48 nucleos fisicos)
laplace2d_gcc_i50,13,5,0.426376,Intel(R) Xeon(R) Gold 6252 CPU @ 2.10GHz (48 nucleos fisicos)
laplace2d_gcc_i50,14,1,0.405077,Intel(R) Xeon(R) Gold 6252 CPU @ 2.10GHz (48 nucleos fisicos)
laplace2d_gcc_i50,14,2,0.407381,Intel(R) Xeon(R) Gold 6252 CPU @ 2.10GHz (48 nucleos fisicos)
laplace2d_gcc_i50,14,3,0.404389,Intel(R) Xeon(R) Gold 6252 CPU @ 2.10GHz (48 nucleos fisicos)
laplace2d_gcc_i50,14,4,0.407851,Intel(R) Xeon(R) Gold 6252 CPU @ 2.10GHz (48 nucleos fisicos)
laplace2d_gcc_i50,14,5,0.403850,Intel(R) Xeon(R) Gold 6252 CPU @ 2.10GHz (48 nucleos fisicos)
laplace2d_gcc_i50,15,1,0.388058,Intel(R) Xeon(R) Gold 6252 CPU @ 2.10GHz (48 nucleos fisicos)
laplace2d_gcc_i50,15,2,0.385742,Intel(R) Xeon(R) Gold 6252 CPU @ 2.10GHz (48 nucleos fisicos)
laplace2d_gcc_i50,15,3,0.389251,Intel(R) Xeon(R) Gold 6252 CPU @ 2.10GHz (48 nucleos fisicos)
laplace2d_gcc_i50,15,4,0.415683,Intel(R) Xeon(R) Gold 6252 CPU @ 2.10GHz (48 nucleos fisicos)
laplace2d_gcc_i50,15,5,0.402889,Intel(R) Xeon(R) Gold 6252 CPU @ 2.10GHz (48 nucleos fisicos)
laplace2d_gcc_i50,16,1,0.391176,Intel(R) Xeon(R) Gold 6252 CPU @ 2.10GHz (48 nucleos fisicos)
laplace2d_gcc_i50,16,2,0.387631,Intel(R) Xeon(R) Gold 6252 CPU @ 2.10GHz (48 nucleos fisicos)
laplace2d_gcc_i50,16,3,0.389431,Intel(R) Xeon(R) Gold 6252 CPU @ 2.10GHz (48 nucleos fisicos)
laplace2d_gcc_i50,16,4,0.385882,Intel(R) Xeon(R) Gold 6252 CPU @ 2.10GHz (48 nucleos fisicos)
laplace2d_gcc_i50,16,5,0.389221,Intel(R) Xeon(R) Gold 6252 CPU @ 2.10GHz (48 nucleos fisicos)
laplace2d_gcc_i50,17,1,0.372867,Intel(R) Xeon(R) Gold 6252 CPU @ 2.10GHz (48 nucleos fisicos)
laplace2d_gcc_i50,17,2,0.378019,Intel(R) Xeon(R) Gold 6252 CPU @ 2.10GHz (48 nucleos fisicos)
laplace2d_gcc_i50,17,3,0.375742,Intel(R) Xeon(R) Gold 6252 CPU @ 2.10GHz (48 nucleos fisicos)
laplace2d_gcc_i50,17,4,0.374607,Intel(R) Xeon(R) Gold 6252 CPU @ 2.10GHz (48 nucleos fisicos)
laplace2d_gcc_i50,17,5,0.375469,Intel(R) Xeon(R) Gold 6252 CPU @ 2.10GHz (48 nucleos fisicos)
laplace2d_gcc_i50,18,1,0.370116,Intel(R) Xeon(R) Gold 6252 CPU @ 2.10GHz (48 nucleos fisicos)
laplace2d_gcc_i50,18,2,0.377016,Intel(R) Xeon(R) Gold 6252 CPU @ 2.10GHz (48 nucleos fisicos)
laplace2d_gcc_i50,18,3,0.373319,Intel(R) Xeon(R) Gold 6252 CPU @ 2.10GHz (48 nucleos fisicos)
laplace2d_gcc_i50,18,4,0.371605,Intel(R) Xeon(R) Gold 6252 CPU @ 2.10GHz (48 nucleos fisicos)
laplace2d_gcc_i50,18,5,0.370049,Intel(R) Xeon(R) Gold 6252 CPU @ 2.10GHz (48 nucleos fisicos)
laplace2d_gcc_i50,19,1,0.367154,Intel(R) Xeon(R) Gold 6252 CPU @ 2.10GHz (48 nucleos fisicos)
laplace2d_gcc_i50,19,2,0.369984,Intel(R) Xeon(R) Gold 6252 CPU @ 2.10GHz (48 nucleos fisicos)
laplace2d_gcc_i50,19,3,0.367406,Intel(R) Xeon(R) Gold 6252 CPU @ 2.10GHz (48 nucleos fisicos)
laplace2d_gcc_i50,19,4,0.369911,Intel(R) Xeon(R) Gold 6252 CPU @ 2.10GHz (48 nucleos fisicos)
laplace2d_gcc_i50,19,5,0.367490,Intel(R) Xeon(R) Gold 6252 CPU @ 2.10GHz (48 nucleos fisicos)
laplace2d_gcc_i50,20,1,0.356369,Intel(R) Xeon(R) Gold 6252 CPU @ 2.10GHz (48 nucleos fisicos)
laplace2d_gcc_i50,20,2,0.359755,Intel(R) Xeon(R) Gold 6252 CPU @ 2.10GHz (48 nucleos fisicos)
laplace2d_gcc_i50,20,3,0.353722,Intel(R) Xeon(R) Gold 6252 CPU @ 2.10GHz (48 nucleos fisicos)
laplace2d_gcc_i50,20,4,0.360075,Intel(R) Xeon(R) Gold 6252 CPU @ 2.10GHz (48 nucleos fisicos)
laplace2d_gcc_i50,20,5,0.350056,Intel(R) Xeon(R) Gold 6252 CPU @ 2.10GHz (48 nucleos fisicos)
laplace2d_gcc_i50,21,1,0.389694,Intel(R) Xeon(R) Gold 6252 CPU @ 2.10GHz (48 nucleos fisicos)
laplace2d_gcc_i50,21,2,0.367170,Intel(R) Xeon(R) Gold 6252 CPU @ 2.10GHz (48 nucleos fisicos)
laplace2d_gcc_i50,21,3,0.362952,Intel(R) Xeon(R) Gold 6252 CPU @ 2.10GHz (48 nucleos fisicos)
laplace2d_gcc_i50,21,4,0.356128,Intel(R) Xeon(R) Gold 6252 CPU @ 2.10GHz (48 nucleos fisicos)
laplace2d_gcc_i50,21,5,0.359558,Intel(R) Xeon(R) Gold 6252 CPU @ 2.10GHz (48 nucleos fisicos)
laplace2d_gcc_i50,22,1,0.351320,Intel(R) Xeon(R) Gold 6252 CPU @ 2.10GHz (48 nucleos fisicos)
laplace2d_gcc_i50,22,2,0.350527,Intel(R) Xeon(R) Gold 6252 CPU @ 2.10GHz (48 nucleos fisicos)
laplace2d_gcc_i50,22,3,0.354926,Intel(R) Xeon(R) Gold 6252 CPU @ 2.10GHz (48 nucleos fisicos)
laplace2d_gcc_i50,22,4,0.349260,Intel(R) Xeon(R) Gold 6252 CPU @ 2.10GHz (48 nucleos fisicos)
laplace2d_gcc_i50,22,5,0.352247,Intel(R) Xeon(R) Gold 6252 CPU @ 2.10GHz (48 nucleos fisicos)
laplace2d_gcc_i50,23,1,0.353065,Intel(R) Xeon(R) Gold 6252 CPU @ 2.10GHz (48 nucleos fisicos)
laplace2d_gcc_i50,23,2,0.349929,Intel(R) Xeon(R) Gold 6252 CPU @ 2.10GHz (48 nucleos fisicos)
laplace2d_gcc_i50,23,3,0.353756,Intel(R) Xeon(R) Gold 6252 CPU @ 2.10GHz (48 nucleos fisicos)
laplace2d_gcc_i50,23,4,0.349515,Intel(R) Xeon(R) Gold 6252 CPU @ 2.10GHz (48 nucleos fisicos)
laplace2d_gcc_i50,23,5,0.353104,Intel(R) Xeon(R) Gold 6252 CPU @ 2.10GHz (48 nucleos fisicos)
laplace2d_gcc_i50,24,1,0.349060,Intel(R) Xeon(R) Gold 6252 CPU @ 2.10GHz (48 nucleos fisicos)
laplace2d_gcc_i50,24,2,0.343852,Intel(R) Xeon(R) Gold 6252 CPU @ 2.10GHz (48 nucleos fisicos)
laplace2d_gcc_i50,24,3,0.352736,Intel(R) Xeon(R) Gold 6252 CPU @ 2.10GHz (48 nucleos fisicos)
laplace2d_gcc_i50,24,4,0.344775,Intel(R) Xeon(R) Gold 6252 CPU @ 2.10GHz (48 nucleos fisicos)
laplace2d_gcc_i50,24,5,0.360511,Intel(R) Xeon(R) Gold 6252 CPU @ 2.10GHz (48 nucleos fisicos)
laplace2d_gcc_i50,25,1,0.347908,Intel(R) Xeon(R) Gold 6252 CPU @ 2.10GHz (48 nucleos fisicos)
laplace2d_gcc_i50,25,2,0.348938,Intel(R) Xeon(R) Gold 6252 CPU @ 2.10GHz (48 nucleos fisicos)
laplace2d_gcc_i50,25,3,0.350130,Intel(R) Xeon(R) Gold 6252 CPU @ 2.10GHz (48 nucleos fisicos)
laplace2d_gcc_i50,25,4,0.347924,Intel(R) Xeon(R) Gold 6252 CPU @ 2.10GHz (48 nucleos fisicos)
laplace2d_gcc_i50,25,5,0.350004,Intel(R) Xeon(R) Gold 6252 CPU @ 2.10GHz (48 nucleos fisicos)
laplace2d_gcc_i50,26,1,0.347215,Intel(R) Xeon(R) Gold 6252 CPU @ 2.10GHz (48 nucleos fisicos)
laplace2d_gcc_i50,26,2,0.353090,Intel(R) Xeon(R) Gold 6252 CPU @ 2.10GHz (48 nucleos fisicos)
laplace2d_gcc_i50,26,3,0.346010,Intel(R) Xeon(R) Gold 6252 CPU @ 2.10GHz (48 nucleos fisicos)
laplace2d_gcc_i50,26,4,0.348079,Intel(R) Xeon(R) Gold 6252 CPU @ 2.10GHz (48 nucleos fisicos)
laplace2d_gcc_i50,26,5,0.343023,Intel(R) Xeon(R) Gold 6252 CPU @ 2.10GHz (48 nucleos fisicos)
laplace2d_gcc_i50,27,1,0.345036,Intel(R) Xeon(R) Gold 6252 CPU @ 2.10GHz (48 nucleos fisicos)
laplace2d_gcc_i50,27,2,0.345708,Intel(R) Xeon(R) Gold 6252 CPU @ 2.10GHz (48 nucleos fisicos)
laplace2d_gcc_i50,27,3,0.345223,Intel(R) Xeon(R) Gold 6252 CPU @ 2.10GHz (48 nucleos fisicos)
laplace2d_gcc_i50,27,4,0.346134,Intel(R) Xeon(R) Gold 6252 CPU @ 2.10GHz (48 nucleos fisicos)
laplace2d_gcc_i50,27,5,0.344958,Intel(R) Xeon(R) Gold 6252 CPU @ 2.10GHz (48 nucleos fisicos)
laplace2d_gcc_i50,28,1,0.340940,Intel(R) Xeon(R) Gold 6252 CPU @ 2.10GHz (48 nucleos fisicos)
laplace2d_gcc_i50,28,2,0.340487,Intel(R) Xeon(R) Gold 6252 CPU @ 2.10GHz (48 nucleos fisicos)
laplace2d_gcc_i50,28,3,0.345710,Intel(R) Xeon(R) Gold 6252 CPU @ 2.10GHz (48 nucleos fisicos)
laplace2d_gcc_i50,28,4,0.339108,Intel(R) Xeon(R) Gold 6252 CPU @ 2.10GHz (48 nucleos fisicos)
laplace2d_gcc_i50,28,5,0.356079,Intel(R) Xeon(R) Gold 6252 CPU @ 2.10GHz (48 nucleos fisicos)
laplace2d_gcc_i50,29,1,0.343629,Intel(R) Xeon(R) Gold 6252 CPU @ 2.10GHz (48 nucleos fisicos)
laplace2d_gcc_i50,29,2,0.345192,Intel(R) Xeon(R) Gold 6252 CPU @ 2.10GHz (48 nucleos fisicos)
laplace2d_gcc_i50,29,3,0.343339,Intel(R) Xeon(R) Gold 6252 CPU @ 2.10GHz (48 nucleos fisicos)
laplace2d_gcc_i50,29,4,0.345544,Intel(R) Xeon(R) Gold 6252 CPU @ 2.10GHz (48 nucleos fisicos)
laplace2d_gcc_i50,29,5,0.343564,Intel(R) Xeon(R) Gold 6252 CPU @ 2.10GHz (48 nucleos fisicos)
laplace2d_gcc_i50,30,1,0.340908,Intel(R) Xeon(R) Gold 6252 CPU @ 2.10GHz (48 nucleos fisicos)
laplace2d_gcc_i50,30,2,0.352320,Intel(R) Xeon(R) Gold 6252 CPU @ 2.10GHz (48 nucleos fisicos)
laplace2d_gcc_i50,30,3,0.345491,Intel(R) Xeon(R) Gold 6252 CPU @ 2.10GHz (48 nucleos fisicos)
laplace2d_gcc_i50,30,4,0.340497,Intel(R) Xeon(R) Gold 6252 CPU @ 2.10GHz (48 nucleos fisicos)
laplace2d_gcc_i50,30,5,0.344019,Intel(R) Xeon(R) Gold 6252 CPU @ 2.10GHz (48 nucleos fisicos)
laplace2d_gcc_i50,31,1,0.346804,Intel(R) Xeon(R) Gold 6252 CPU @ 2.10GHz (48 nucleos fisicos)
laplace2d_gcc_i50,31,2,0.348836,Intel(R) Xeon(R) Gold 6252 CPU @ 2.10GHz (48 nucleos fisicos)
laplace2d_gcc_i50,31,3,0.345587,Intel(R) Xeon(R) Gold 6252 CPU @ 2.10GHz (48 nucleos fisicos)
laplace2d_gcc_i50,31,4,0.349090,Intel(R) Xeon(R) Gold 6252 CPU @ 2.10GHz (48 nucleos fisicos)
laplace2d_gcc_i50,31,5,0.346657,Intel(R) Xeon(R) Gold 6252 CPU @ 2.10GHz (48 nucleos fisicos)
laplace2d_gcc_i50,32,1,0.353022,Intel(R) Xeon(R) Gold 6252 CPU @ 2.10GHz (48 nucleos fisicos)
laplace2d_gcc_i50,32,2,0.354389,Intel(R) Xeon(R) Gold 6252 CPU @ 2.10GHz (48 nucleos fisicos)
laplace2d_gcc_i50,32,3,0.352212,Intel(R) Xeon(R) Gold 6252 CPU @ 2.10GHz (48 nucleos fisicos)
laplace2d_gcc_i50,32,4,0.350035,Intel(R) Xeon(R) Gold 6252 CPU @ 2.10GHz (48 nucleos fisicos)
laplace2d_gcc_i50,32,5,0.356018,Intel(R) Xeon(R) Gold 6252 CPU @ 2.10GHz (48 nucleos fisicos)
laplace2d_gcc_i50,33,1,0.344314,Intel(R) Xeon(R) Gold 6252 CPU @ 2.10GHz (48 nucleos fisicos)
laplace2d_gcc_i50,33,2,0.344675,Intel(R) Xeon(R) Gold 6252 CPU @ 2.10GHz (48 nucleos fisicos)
laplace2d_gcc_i50,33,3,0.344168,Intel(R) Xeon(R) Gold 6252 CPU @ 2.10GHz (48 nucleos fisicos)
laplace2d_gcc_i50,33,4,0.344461,Intel(R) Xeon(R) Gold 6252 CPU @ 2.10GHz (48 nucleos fisicos)
laplace2d_gcc_i50,33,5,0.344881,Intel(R) Xeon(R) Gold 6252 CPU @ 2.10GHz (48 nucleos fisicos)
laplace2d_gcc_i50,34,1,0.350449,Intel(R) Xeon(R) Gold 6252 CPU @ 2.10GHz (48 nucleos fisicos)
laplace2d_gcc_i50,34,2,0.343227,Intel(R) Xeon(R) Gold 6252 CPU @ 2.10GHz (48 nucleos fisicos)
laplace2d_gcc_i50,34,3,0.339524,Intel(R) Xeon(R) Gold 6252 CPU @ 2.10GHz (48 nucleos fisicos)
laplace2d_gcc_i50,34,4,0.350802,Intel(R) Xeon(R) Gold 6252 CPU @ 2.10GHz (48 nucleos fisicos)
laplace2d_gcc_i50,34,5,0.352751,Intel(R) Xeon(R) Gold 6252 CPU @ 2.10GHz (48 nucleos fisicos)
laplace2d_gcc_i50,35,1,0.344047,Intel(R) Xeon(R) Gold 6252 CPU @ 2.10GHz (48 nucleos fisicos)
laplace2d_gcc_i50,35,2,0.347629,Intel(R) Xeon(R) Gold 6252 CPU @ 2.10GHz (48 nucleos fisicos)
laplace2d_gcc_i50,35,3,0.345836,Intel(R) Xeon(R) Gold 6252 CPU @ 2.10GHz (48 nucleos fisicos)
laplace2d_gcc_i50,35,4,0.347381,Intel(R) Xeon(R) Gold 6252 CPU @ 2.10GHz (48 nucleos fisicos)
laplace2d_gcc_i50,35,5,0.345318,Intel(R) Xeon(R) Gold 6252 CPU @ 2.10GHz (48 nucleos fisicos)
laplace2d_gcc_i50,36,1,0.344804,Intel(R) Xeon(R) Gold 6252 CPU @ 2.10GHz (48 nucleos fisicos)
laplace2d_gcc_i50,36,2,0.354568,Intel(R) Xeon(R) Gold 6252 CPU @ 2.10GHz (48 nucleos fisicos)
laplace2d_gcc_i50,36,3,0.344032,Intel(R) Xeon(R) Gold 6252 CPU @ 2.10GHz (48 nucleos fisicos)
laplace2d_gcc_i50,36,4,0.347035,Intel(R) Xeon(R) Gold 6252 CPU @ 2.10GHz (48 nucleos fisicos)
laplace2d_gcc_i50,36,5,0.341453,Intel(R) Xeon(R) Gold 6252 CPU @ 2.10GHz (48 nucleos fisicos)
laplace2d_gcc_i50,37,1,0.346072,Intel(R) Xeon(R) Gold 6252 CPU @ 2.10GHz (48 nucleos fisicos)
laplace2d_gcc_i50,37,2,0.347437,Intel(R) Xeon(R) Gold 6252 CPU @ 2.10GHz (48 nucleos fisicos)
laplace2d_gcc_i50,37,3,0.345953,Intel(R) Xeon(R) Gold 6252 CPU @ 2.10GHz (48 nucleos fisicos)
laplace2d_gcc_i50,37,4,0.345618,Intel(R) Xeon(R) Gold 6252 CPU @ 2.10GHz (48 nucleos fisicos)
laplace2d_gcc_i50,37,5,0.345312,Intel(R) Xeon(R) Gold 6252 CPU @ 2.10GHz (48 nucleos fisicos)
laplace2d_gcc_i50,38,1,0.344594,Intel(R) Xeon(R) Gold 6252 CPU @ 2.10GHz (48 nucleos fisicos)
laplace2d_gcc_i50,38,2,0.356570,Intel(R) Xeon(R) Gold 6252 CPU @ 2.10GHz (48 nucleos fisicos)
laplace2d_gcc_i50,38,3,0.343523,Intel(R) Xeon(R) Gold 6252 CPU @ 2.10GHz (48 nucleos fisicos)
laplace2d_gcc_i50,38,4,0.342839,Intel(R) Xeon(R) Gold 6252 CPU @ 2.10GHz (48 nucleos fisicos)
laplace2d_gcc_i50,38,5,0.346735,Intel(R) Xeon(R) Gold 6252 CPU @ 2.10GHz (48 nucleos fisicos)
laplace2d_gcc_i50,39,1,0.345568,Intel(R) Xeon(R) Gold 6252 CPU @ 2.10GHz (48 nucleos fisicos)
laplace2d_gcc_i50,39,2,0.350334,Intel(R) Xeon(R) Gold 6252 CPU @ 2.10GHz (48 nucleos fisicos)
laplace2d_gcc_i50,39,3,0.345536,Intel(R) Xeon(R) Gold 6252 CPU @ 2.10GHz (48 nucleos fisicos)
laplace2d_gcc_i50,39,4,0.350196,Intel(R) Xeon(R) Gold 6252 CPU @ 2.10GHz (48 nucleos fisicos)
laplace2d_gcc_i50,39,5,0.345694,Intel(R) Xeon(R) Gold 6252 CPU @ 2.10GHz (48 nucleos fisicos)
laplace2d_gcc_i50,40,1,0.346724,Intel(R) Xeon(R) Gold 6252 CPU @ 2.10GHz (48 nucleos fisicos)
laplace2d_gcc_i50,40,2,0.354425,Intel(R) Xeon(R) Gold 6252 CPU @ 2.10GHz (48 nucleos fisicos)
laplace2d_gcc_i50,40,3,0.340380,Intel(R) Xeon(R) Gold 6252 CPU @ 2.10GHz (48 nucleos fisicos)
laplace2d_gcc_i50,40,4,0.354087,Intel(R) Xeon(R) Gold 6252 CPU @ 2.10GHz (48 nucleos fisicos)
laplace2d_gcc_i50,40,5,0.364248,Intel(R) Xeon(R) Gold 6252 CPU @ 2.10GHz (48 nucleos fisicos)
laplace2d_gcc_i50,41,1,0.357708,Intel(R) Xeon(R) Gold 6252 CPU @ 2.10GHz (48 nucleos fisicos)
laplace2d_gcc_i50,41,2,0.350388,Intel(R) Xeon(R) Gold 6252 CPU @ 2.10GHz (48 nucleos fisicos)
laplace2d_gcc_i50,41,3,0.346329,Intel(R) Xeon(R) Gold 6252 CPU @ 2.10GHz (48 nucleos fisicos)
laplace2d_gcc_i50,41,4,0.350459,Intel(R) Xeon(R) Gold 6252 CPU @ 2.10GHz (48 nucleos fisicos)
laplace2d_gcc_i50,41,5,0.347941,Intel(R) Xeon(R) Gold 6252 CPU @ 2.10GHz (48 nucleos fisicos)
laplace2d_gcc_i50,42,1,0.356843,Intel(R) Xeon(R) Gold 6252 CPU @ 2.10GHz (48 nucleos fisicos)
laplace2d_gcc_i50,42,2,0.342786,Intel(R) Xeon(R) Gold 6252 CPU @ 2.10GHz (48 nucleos fisicos)
laplace2d_gcc_i50,42,3,0.357020,Intel(R) Xeon(R) Gold 6252 CPU @ 2.10GHz (48 nucleos fisicos)
laplace2d_gcc_i50,42,4,0.342330,Intel(R) Xeon(R) Gold 6252 CPU @ 2.10GHz (48 nucleos fisicos)
laplace2d_gcc_i50,42,5,0.349103,Intel(R) Xeon(R) Gold 6252 CPU @ 2.10GHz (48 nucleos fisicos)
laplace2d_gcc_i50,43,1,0.350522,Intel(R) Xeon(R) Gold 6252 CPU @ 2.10GHz (48 nucleos fisicos)
laplace2d_gcc_i50,43,2,0.358338,Intel(R) Xeon(R) Gold 6252 CPU @ 2.10GHz (48 nucleos fisicos)
laplace2d_gcc_i50,43,3,0.350060,Intel(R) Xeon(R) Gold 6252 CPU @ 2.10GHz (48 nucleos fisicos)
laplace2d_gcc_i50,43,4,0.351457,Intel(R) Xeon(R) Gold 6252 CPU @ 2.10GHz (48 nucleos fisicos)
laplace2d_gcc_i50,43,5,0.350607,Intel(R) Xeon(R) Gold 6252 CPU @ 2.10GHz (48 nucleos fisicos)
laplace2d_gcc_i50,44,1,0.356377,Intel(R) Xeon(R) Gold 6252 CPU @ 2.10GHz (48 nucleos fisicos)
laplace2d_gcc_i50,44,2,0.351087,Intel(R) Xeon(R) Gold 6252 CPU @ 2.10GHz (48 nucleos fisicos)
laplace2d_gcc_i50,44,3,0.354915,Intel(R) Xeon(R) Gold 6252 CPU @ 2.10GHz (48 nucleos fisicos)
laplace2d_gcc_i50,44,4,0.348712,Intel(R) Xeon(R) Gold 6252 CPU @ 2.10GHz (48 nucleos fisicos)
laplace2d_gcc_i50,44,5,0.361552,Intel(R) Xeon(R) Gold 6252 CPU @ 2.10GHz (48 nucleos fisicos)
laplace2d_gcc_i50,45,1,0.348047,Intel(R) Xeon(R) Gold 6252 CPU @ 2.10GHz (48 nucleos fisicos)
laplace2d_gcc_i50,45,2,0.347131,Intel(R) Xeon(R) Gold 6252 CPU @ 2.10GHz (48 nucleos fisicos)
laplace2d_gcc_i50,45,3,0.346479,Intel(R) Xeon(R) Gold 6252 CPU @ 2.10GHz (48 nucleos fisicos)
laplace2d_gcc_i50,45,4,0.348058,Intel(R) Xeon(R) Gold 6252 CPU @ 2.10GHz (48 nucleos fisicos)
laplace2d_gcc_i50,45,5,0.348453,Intel(R) Xeon(R) Gold 6252 CPU @ 2.10GHz (48 nucleos fisicos)
laplace2d_gcc_i50,46,1,0.346112,Intel(R) Xeon(R) Gold 6252 CPU @ 2.10GHz (48 nucleos fisicos)
laplace2d_gcc_i50,46,2,0.342821,Intel(R) Xeon(R) Gold 6252 CPU @ 2.10GHz (48 nucleos fisicos)
laplace2d_gcc_i50,46,3,0.363625,Intel(R) Xeon(R) Gold 6252 CPU @ 2.10GHz (48 nucleos fisicos)
laplace2d_gcc_i50,46,4,0.352016,Intel(R) Xeon(R) Gold 6252 CPU @ 2.10GHz (48 nucleos fisicos)
laplace2d_gcc_i50,46,5,0.347012,Intel(R) Xeon(R) Gold 6252 CPU @ 2.10GHz (48 nucleos fisicos)
laplace2d_gcc_i50,47,1,0.362807,Intel(R) Xeon(R) Gold 6252 CPU @ 2.10GHz (48 nucleos fisicos)
laplace2d_gcc_i50,47,2,0.357179,Intel(R) Xeon(R) Gold 6252 CPU @ 2.10GHz (48 nucleos fisicos)
laplace2d_gcc_i50,47,3,0.351333,Intel(R) Xeon(R) Gold 6252 CPU @ 2.10GHz (48 nucleos fisicos)
laplace2d_gcc_i50,47,4,0.353758,Intel(R) Xeon(R) Gold 6252 CPU @ 2.10GHz (48 nucleos fisicos)
laplace2d_gcc_i50,47,5,0.351717,Intel(R) Xeon(R) Gold 6252 CPU @ 2.10GHz (48 nucleos fisicos)
laplace2d_gcc_i50,48,1,0.363419,Intel(R) Xeon(R) Gold 6252 CPU @ 2.10GHz (48 nucleos fisicos)
laplace2d_gcc_i50,48,2,0.380623,Intel(R) Xeon(R) Gold 6252 CPU @ 2.10GHz (48 nucleos fisicos)
laplace2d_gcc_i50,48,3,0.372310,Intel(R) Xeon(R) Gold 6252 CPU @ 2.10GHz (48 nucleos fisicos)
laplace2d_gcc_i50,48,4,0.384764,Intel(R) Xeon(R) Gold 6252 CPU @ 2.10GHz (48 nucleos fisicos)
laplace2d_gcc_i50,48,5,0.400486,Intel(R) Xeon(R) Gold 6252 CPU @ 2.10GHz (48 nucleos fisicos)
laplace2d_1k_gcc_i50,1,1,0.173273,Intel(R) Xeon(R) Gold 6252 CPU @ 2.10GHz (48 nucleos fisicos)
laplace2d_1k_gcc_i50,1,2,0.170932,Intel(R) Xeon(R) Gold 6252 CPU @ 2.10GHz (48 nucleos fisicos)
laplace2d_1k_gcc_i50,1,3,0.171886,Intel(R) Xeon(R) Gold 6252 CPU @ 2.10GHz (48 nucleos fisicos)
laplace2d_1k_gcc_i50,1,4,0.171913,Intel(R) Xeon(R) Gold 6252 CPU @ 2.10GHz (48 nucleos fisicos)
laplace2d_1k_gcc_i50,1,5,0.171599,Intel(R) Xeon(R) Gold 6252 CPU @ 2.10GHz (48 nucleos fisicos)
laplace2d_1k_gcc_i50,2,1,0.098044,Intel(R) Xeon(R) Gold 6252 CPU @ 2.10GHz (48 nucleos fisicos)
laplace2d_1k_gcc_i50,2,2,0.097319,Intel(R) Xeon(R) Gold 6252 CPU @ 2.10GHz (48 nucleos fisicos)
laplace2d_1k_gcc_i50,2,3,0.097888,Intel(R) Xeon(R) Gold 6252 CPU @ 2.10GHz (48 nucleos fisicos)
laplace2d_1k_gcc_i50,2,4,0.097803,Intel(R) Xeon(R) Gold 6252 CPU @ 2.10GHz (48 nucleos fisicos)
laplace2d_1k_gcc_i50,2,5,0.097716,Intel(R) Xeon(R) Gold 6252 CPU @ 2.10GHz (48 nucleos fisicos)
laplace2d_1k_gcc_i50,3,1,0.068440,Intel(R) Xeon(R) Gold 6252 CPU @ 2.10GHz (48 nucleos fisicos)
laplace2d_1k_gcc_i50,3,2,0.068218,Intel(R) Xeon(R) Gold 6252 CPU @ 2.10GHz (48 nucleos fisicos)
laplace2d_1k_gcc_i50,3,3,0.068160,Intel(R) Xeon(R) Gold 6252 CPU @ 2.10GHz (48 nucleos fisicos)
laplace2d_1k_gcc_i50,3,4,0.068622,Intel(R) Xeon(R) Gold 6252 CPU @ 2.10GHz (48 nucleos fisicos)
laplace2d_1k_gcc_i50,3,5,0.068246,Intel(R) Xeon(R) Gold 6252 CPU @ 2.10GHz (48 nucleos fisicos)
laplace2d_1k_gcc_i50,4,1,0.052505,Intel(R) Xeon(R) Gold 6252 CPU @ 2.10GHz (48 nucleos fisicos)
laplace2d_1k_gcc_i50,4,2,0.052240,Intel(R) Xeon(R) Gold 6252 CPU @ 2.10GHz (48 nucleos fisicos)
laplace2d_1k_gcc_i50,4,3,0.051925,Intel(R) Xeon(R) Gold 6252 CPU @ 2.10GHz (48 nucleos fisicos)
laplace2d_1k_gcc_i50,4,4,0.051811,Intel(R) Xeon(R) Gold 6252 CPU @ 2.10GHz (48 nucleos fisicos)
laplace2d_1k_gcc_i50,4,5,0.052785,Intel(R) Xeon(R) Gold 6252 CPU @ 2.10GHz (48 nucleos fisicos)
laplace2d_1k_gcc_i50,5,1,0.041913,Intel(R) Xeon(R) Gold 6252 CPU @ 2.10GHz (48 nucleos fisicos)
laplace2d_1k_gcc_i50,5,2,0.041776,Intel(R) Xeon(R) Gold 6252 CPU @ 2.10GHz (48 nucleos fisicos)
laplace2d_1k_gcc_i50,5,3,0.041776,Intel(R) Xeon(R) Gold 6252 CPU @ 2.10GHz (48 nucleos fisicos)
laplace2d_1k_gcc_i50,5,4,0.042188,Intel(R) Xeon(R) Gold 6252 CPU @ 2.10GHz (48 nucleos fisicos)
laplace2d_1k_gcc_i50,5,5,0.041669,Intel(R) Xeon(R) Gold 6252 CPU @ 2.10GHz (48 nucleos fisicos)
laplace2d_1k_gcc_i50,6,1,0.035339,Intel(R) Xeon(R) Gold 6252 CPU @ 2.10GHz (48 nucleos fisicos)
laplace2d_1k_gcc_i50,6,2,0.035884,Intel(R) Xeon(R) Gold 6252 CPU @ 2.10GHz (48 nucleos fisicos)
laplace2d_1k_gcc_i50,6,3,0.035050,Intel(R) Xeon(R) Gold 6252 CPU @ 2.10GHz (48 nucleos fisicos)
laplace2d_1k_gcc_i50,6,4,0.035445,Intel(R) Xeon(R) Gold 6252 CPU @ 2.10GHz (48 nucleos fisicos)
laplace2d_1k_gcc_i50,6,5,0.035656,Intel(R) Xeon(R) Gold 6252 CPU @ 2.10GHz (48 nucleos fisicos)
laplace2d_1k_gcc_i50,7,1,0.030641,Intel(R) Xeon(R) Gold 6252 CPU @ 2.10GHz (48 nucleos fisicos)
laplace2d_1k_gcc_i50,7,2,0.030548,Intel(R) Xeon(R) Gold 6252 CPU @ 2.10GHz (48 nucleos fisicos)
laplace2d_1k_gcc_i50,7,3,0.031445,Intel(R) Xeon(R) Gold 6252 CPU @ 2.10GHz (48 nucleos fisicos)
laplace2d_1k_gcc_i50,7,4,0.030493,Intel(R) Xeon(R) Gold 6252 CPU @ 2.10GHz (48 nucleos fisicos)
laplace2d_1k_gcc_i50,7,5,0.031040,Intel(R) Xeon(R) Gold 6252 CPU @ 2.10GHz (48 nucleos fisicos)
laplace2d_1k_gcc_i50,8,1,0.026849,Intel(R) Xeon(R) Gold 6252 CPU @ 2.10GHz (48 nucleos fisicos)
laplace2d_1k_gcc_i50,8,2,0.027446,Intel(R) Xeon(R) Gold 6252 CPU @ 2.10GHz (48 nucleos fisicos)
laplace2d_1k_gcc_i50,8,3,0.027477,Intel(R) Xeon(R) Gold 6252 CPU @ 2.10GHz (48 nucleos fisicos)
laplace2d_1k_gcc_i50,8,4,0.027264,Intel(R) Xeon(R) Gold 6252 CPU @ 2.10GHz (48 nucleos fisicos)
laplace2d_1k_gcc_i50,8,5,0.027614,Intel(R) Xeon(R) Gold 6252 CPU @ 2.10GHz (48 nucleos fisicos)
laplace2d_1k_gcc_i50,9,1,0.025014,Intel(R) Xeon(R) Gold 6252 CPU @ 2.10GHz (48 nucleos fisicos)
laplace2d_1k_gcc_i50,9,2,0.024904,Intel(R) Xeon(R) Gold 6252 CPU @ 2.10GHz (48 nucleos fisicos)
laplace2d_1k_gcc_i50,9,3,0.024330,Intel(R) Xeon(R) Gold 6252 CPU @ 2.10GHz (48 nucleos fisicos)
laplace2d_1k_gcc_i50,9,4,0.024216,Intel(R) Xeon(R) Gold 6252 CPU @ 2.10GHz (48 nucleos fisicos)
laplace2d_1k_gcc_i50,9,5,0.024729,Intel(R) Xeon(R) Gold 6252 CPU @ 2.10GHz (48 nucleos fisicos)
laplace2d_1k_gcc_i50,10,1,0.023470,Intel(R) Xeon(R) Gold 6252 CPU @ 2.10GHz (48 nucleos fisicos)
laplace2d_1k_gcc_i50,10,2,0.022703,Intel(R) Xeon(R) Gold 6252 CPU @ 2.10GHz (48 nucleos fisicos)
laplace2d_1k_gcc_i50,10,3,0.023974,Intel(R) Xeon(R) Gold 6252 CPU @ 2.10GHz (48 nucleos fisicos)
laplace2d_1k_gcc_i50,10,4,0.022928,Intel(R) Xeon(R) Gold 6252 CPU @ 2.10GHz (48 nucleos fisicos)
laplace2d_1k_gcc_i50,10,5,0.022957,Intel(R) Xeon(R) Gold 6252 CPU @ 2.10GHz (48 nucleos fisicos)
laplace2d_1k_gcc_i50,11,1,0.020393,Intel(R) Xeon(R) Gold 6252 CPU @ 2.10GHz (48 nucleos fisicos)
laplace2d_1k_gcc_i50,11,2,0.020804,Intel(R) Xeon(R) Gold 6252 CPU @ 2.10GHz (48 nucleos fisicos)
laplace2d_1k_gcc_i50,11,3,0.021512,Intel(R) Xeon(R) Gold 6252 CPU @ 2.10GHz (48 nucleos fisicos)
laplace2d_1k_gcc_i50,11,4,0.022132,Intel(R) Xeon(R) Gold 6252 CPU @ 2.10GHz (48 nucleos fisicos)
laplace2d_1k_gcc_i50,11,5,0.021222,Intel(R) Xeon(R) Gold 6252 CPU @ 2.10GHz (48 nucleos fisicos)
laplace2d_1k_gcc_i50,12,1,0.020380,Intel(R) Xeon(R) Gold 6252 CPU @ 2.10GHz (48 nucleos fisicos)
laplace2d_1k_gcc_i50,12,2,0.020003,Intel(R) Xeon(R) Gold 6252 CPU @ 2.10GHz (48 nucleos fisicos)
laplace2d_1k_gcc_i50,12,3,0.018986,Intel(R) Xeon(R) Gold 6252 CPU @ 2.10GHz (48 nucleos fisicos)
laplace2d_1k_gcc_i50,12,4,0.019480,Intel(R) Xeon(R) Gold 6252 CPU @ 2.10GHz (48 nucleos fisicos)
laplace2d_1k_gcc_i50,12,5,0.019634,Intel(R) Xeon(R) Gold 6252 CPU @ 2.10GHz (48 nucleos fisicos)
laplace2d_1k_gcc_i50,13,1,0.019079,Intel(R) Xeon(R) Gold 6252 CPU @ 2.10GHz (48 nucleos fisicos)
laplace2d_1k_gcc_i50,13,2,0.018912,Intel(R) Xeon(R) Gold 6252 CPU @ 2.10GHz (48 nucleos fisicos)
laplace2d_1k_gcc_i50,13,3,0.018978,Intel(R) Xeon(R) Gold 6252 CPU @ 2.10GHz (48 nucleos fisicos)
laplace2d_1k_gcc_i50,13,4,0.018525,Intel(R) Xeon(R) Gold 6252 CPU @ 2.10GHz (48 nucleos fisicos)
laplace2d_1k_gcc_i50,13,5,0.018988,Intel(R) Xeon(R) Gold 6252 CPU @ 2.10GHz (48 nucleos fisicos)
laplace2d_1k_gcc_i50,14,1,0.018557,Intel(R) Xeon(R) Gold 6252 CPU @ 2.10GHz (48 nucleos fisicos)
laplace2d_1k_gcc_i50,14,2,0.018757,Intel(R) Xeon(R) Gold 6252 CPU @ 2.10GHz (48 nucleos fisicos)
laplace2d_1k_gcc_i50,14,3,0.017763,Intel(R) Xeon(R) Gold 6252 CPU @ 2.10GHz (48 nucleos fisicos)
laplace2d_1k_gcc_i50,14,4,0.017687,Intel(R) Xeon(R) Gold 6252 CPU @ 2.10GHz (48 nucleos fisicos)
laplace2d_1k_gcc_i50,14,5,0.018028,Intel(R) Xeon(R) Gold 6252 CPU @ 2.10GHz (48 nucleos fisicos)
laplace2d_1k_gcc_i50,15,1,0.017774,Intel(R) Xeon(R) Gold 6252 CPU @ 2.10GHz (48 nucleos fisicos)
laplace2d_1k_gcc_i50,15,2,0.017010,Intel(R) Xeon(R) Gold 6252 CPU @ 2.10GHz (48 nucleos fisicos)
laplace2d_1k_gcc_i50,15,3,0.017256,Intel(R) Xeon(R) Gold 6252 CPU @ 2.10GHz (48 nucleos fisicos)
laplace2d_1k_gcc_i50,15,4,0.016634,Intel(R) Xeon(R) Gold 6252 CPU @ 2.10GHz (48 nucleos fisicos)
laplace2d_1k_gcc_i50,15,5,0.017741,Intel(R) Xeon(R) Gold 6252 CPU @ 2.10GHz (48 nucleos fisicos)
laplace2d_1k_gcc_i50,16,1,0.016351,Intel(R) Xeon(R) Gold 6252 CPU @ 2.10GHz (48 nucleos fisicos)
laplace2d_1k_gcc_i50,16,2,0.016838,Intel(R) Xeon(R) Gold 6252 CPU @ 2.10GHz (48 nucleos fisicos)
laplace2d_1k_gcc_i50,16,3,0.016986,Intel(R) Xeon(R) Gold 6252 CPU @ 2.10GHz (48 nucleos fisicos)
laplace2d_1k_gcc_i50,16,4,0.017101,Intel(R) Xeon(R) Gold 6252 CPU @ 2.10GHz (48 nucleos fisicos)
laplace2d_1k_gcc_i50,16,5,0.016074,Intel(R) Xeon(R) Gold 6252 CPU @ 2.10GHz (48 nucleos fisicos)
laplace2d_1k_gcc_i50,17,1,0.015703,Intel(R) Xeon(R) Gold 6252 CPU @ 2.10GHz (48 nucleos fisicos)
laplace2d_1k_gcc_i50,17,2,0.015346,Intel(R) Xeon(R) Gold 6252 CPU @ 2.10GHz (48 nucleos fisicos)
laplace2d_1k_gcc_i50,17,3,0.015434,Intel(R) Xeon(R) Gold 6252 CPU @ 2.10GHz (48 nucleos fisicos)
laplace2d_1k_gcc_i50,17,4,0.014752,Intel(R) Xeon(R) Gold 6252 CPU @ 2.10GHz (48 nucleos fisicos)
laplace2d_1k_gcc_i50,17,5,0.016335,Intel(R) Xeon(R) Gold 6252 CPU @ 2.10GHz (48 nucleos fisicos)
laplace2d_1k_gcc_i50,18,1,0.014818,Intel(R) Xeon(R) Gold 6252 CPU @ 2.10GHz (48 nucleos fisicos)
laplace2d_1k_gcc_i50,18,2,0.015233,Intel(R) Xeon(R) Gold 6252 CPU @ 2.10GHz (48 nucleos fisicos)
laplace2d_1k_gcc_i50,18,3,0.015436,Intel(R) Xeon(R) Gold 6252 CPU @ 2.10GHz (48 nucleos fisicos)
laplace2d_1k_gcc_i50,18,4,0.015312,Intel(R) Xeon(R) Gold 6252 CPU @ 2.10GHz (48 nucleos fisicos)
laplace2d_1k_gcc_i50,18,5,0.014727,Intel(R) Xeon(R) Gold 6252 CPU @ 2.10GHz (48 nucleos fisicos)
laplace2d_1k_gcc_i50,19,1,0.014508,Intel(R) Xeon(R) Gold 6252 CPU @ 2.10GHz (48 nucleos fisicos)
laplace2d_1k_gcc_i50,19,2,0.014535,Intel(R) Xeon(R) Gold 6252 CPU @ 2.10GHz (48 nucleos fisicos)
laplace2d_1k_gcc_i50,19,3,0.014789,Intel(R) Xeon(R) Gold 6252 CPU @ 2.10GHz (48 nucleos fisicos)
laplace2d_1k_gcc_i50,19,4,0.014768,Intel(R) Xeon(R) Gold 6252 CPU @ 2.10GHz (48 nucleos fisicos)
laplace2d_1k_gcc_i50,19,5,0.015027,Intel(R) Xeon(R) Gold 6252 CPU @ 2.10GHz (48 nucleos fisicos)
laplace2d_1k_gcc_i50,20,1,0.013546,Intel(R) Xeon(R) Gold 6252 CPU @ 2.10GHz (48 nucleos fisicos)
laplace2d_1k_gcc_i50,20,2,0.013890,Intel(R) Xeon(R) Gold 6252 CPU @ 2.10GHz (48 nucleos fisicos)
laplace2d_1k_gcc_i50,20,3,0.014103,Intel(R) Xeon(R) Gold 6252 CPU @ 2.10GHz (48 nucleos fisicos)
laplace2d_1k_gcc_i50,20,4,0.014079,Intel(R) Xeon(R) Gold 6252 CPU @ 2.10GHz (48 nucleos fisicos)
laplace2d_1k_gcc_i50,20,5,0.014072,Intel(R) Xeon(R) Gold 6252 CPU @ 2.10GHz (48 nucleos fisicos)
laplace2d_1k_gcc_i50,21,1,0.013681,Intel(R) Xeon(R) Gold 6252 CPU @ 2.10GHz (48 nucleos fisicos)
laplace2d_1k_gcc_i50,21,2,0.013611,Intel(R) Xeon(R) Gold 6252 CPU @ 2.10GHz (48 nucleos fisicos)
laplace2d_1k_gcc_i50,21,3,0.012915,Intel(R) Xeon(R) Gold 6252 CPU @ 2.10GHz (48 nucleos fisicos)
laplace2d_1k_gcc_i50,21,4,0.013659,Intel(R) Xeon(R) Gold 6252 CPU @ 2.10GHz (48 nucleos fisicos)
laplace2d_1k_gcc_i50,21,5,0.013592,Intel(R) Xeon(R) Gold 6252 CPU @ 2.10GHz (48 nucleos fisicos)
laplace2d_1k_gcc_i50,22,1,0.013144,Intel(R) Xeon(R) Gold 6252 CPU @ 2.10GHz (48 nucleos fisicos)
laplace2d_1k_gcc_i50,22,2,0.013340,Intel(R) Xeon(R) Gold 6252 CPU @ 2.10GHz (48 nucleos fisicos)
laplace2d_1k_gcc_i50,22,3,0.012502,Intel(R) Xeon(R) Gold 6252 CPU @ 2.10GHz (48 nucleos fisicos)
laplace2d_1k_gcc_i50,22,4,0.013525,Intel(R) Xeon(R) Gold 6252 CPU @ 2.10GHz (48 nucleos fisicos)
laplace2d_1k_gcc_i50,22,5,0.013200,Intel(R) Xeon(R) Gold 6252 CPU @ 2.10GHz (48 nucleos fisicos)
laplace2d_1k_gcc_i50,23,1,0.012434,Intel(R) Xeon(R) Gold 6252 CPU @ 2.10GHz (48 nucleos fisicos)
laplace2d_1k_gcc_i50,23,2,0.012778,Intel(R) Xeon(R) Gold 6252 CPU @ 2.10GHz (48 nucleos fisicos)
laplace2d_1k_gcc_i50,23,3,0.012424,Intel(R) Xeon(R) Gold 6252 CPU @ 2.10GHz (48 nucleos fisicos)
laplace2d_1k_gcc_i50,23,4,0.011986,Intel(R) Xeon(R) Gold 6252 CPU @ 2.10GHz (48 nucleos fisicos)
laplace2d_1k_gcc_i50,23,5,0.012676,Intel(R) Xeon(R) Gold 6252 CPU @ 2.10GHz (48 nucleos fisicos)
laplace2d_1k_gcc_i50,24,1,0.012495,Intel(R) Xeon(R) Gold 6252 CPU @ 2.10GHz (48 nucleos fisicos)
laplace2d_1k_gcc_i50,24,2,0.012316,Intel(R) Xeon(R) Gold 6252 CPU @ 2.10GHz (48 nucleos fisicos)
laplace2d_1k_gcc_i50,24,3,0.012295,Intel(R) Xeon(R) Gold 6252 CPU @ 2.10GHz (48 nucleos fisicos)
laplace2d_1k_gcc_i50,24,4,0.011752,Intel(R) Xeon(R) Gold 6252 CPU @ 2.10GHz (48 nucleos fisicos)
laplace2d_1k_gcc_i50,24,5,0.011905,Intel(R) Xeon(R) Gold 6252 CPU @ 2.10GHz (48 nucleos fisicos)
laplace2d_1k_gcc_i50,25,1,0.011958,Intel(R) Xeon(R) Gold 6252 CPU @ 2.10GHz (48 nucleos fisicos)
laplace2d_1k_gcc_i50,25,2,0.011308,Intel(R) Xeon(R) Gold 6252 CPU @ 2.10GHz (48 nucleos fisicos)
laplace2d_1k_gcc_i50,25,3,0.012042,Intel(R) Xeon(R) Gold 6252 CPU @ 2.10GHz (48 nucleos fisicos)
laplace2d_1k_gcc_i50,25,4,0.011627,Intel(R) Xeon(R) Gold 6252 CPU @ 2.10GHz (48 nucleos fisicos)
laplace2d_1k_gcc_i50,25,5,0.012133,Intel(R) Xeon(R) Gold 6252 CPU @ 2.10GHz (48 nucleos fisicos)
laplace2d_1k_gcc_i50,26,1,0.011013,Intel(R) Xeon(R) Gold 6252 CPU @ 2.10GHz (48 nucleos fisicos)
laplace2d_1k_gcc_i50,26,2,0.011761,Intel(R) Xeon(R) Gold 6252 CPU @ 2.10GHz (48 nucleos fisicos)
laplace2d_1k_gcc_i50,26,3,0.011717,Intel(R) Xeon(R) Gold 6252 CPU @ 2.10GHz (48 nucleos fisicos)
laplace2d_1k_gcc_i50,26,4,0.011769,Intel(R) Xeon(R) Gold 6252 CPU @ 2.10GHz (48 nucleos fisicos)
laplace2d_1k_gcc_i50,26,5,0.011697,Intel(R) Xeon(R) Gold 6252 CPU @ 2.10GHz (48 nucleos fisicos)
laplace2d_1k_gcc_i50,27,1,0.011360,Intel(R) Xeon(R) Gold 6252 CPU @ 2.10GHz (48 nucleos fisicos)
laplace2d_1k_gcc_i50,27,2,0.011437,Intel(R) Xeon(R) Gold 6252 CPU @ 2.10GHz (48 nucleos fisicos)
laplace2d_1k_gcc_i50,27,3,0.010781,Intel(R) Xeon(R) Gold 6252 CPU @ 2.10GHz (48 nucleos fisicos)
laplace2d_1k_gcc_i50,27,4,0.011487,Intel(R) Xeon(R) Gold 6252 CPU @ 2.10GHz (48 nucleos fisicos)
laplace2d_1k_gcc_i50,27,5,0.011861,Intel(R) Xeon(R) Gold 6252 CPU @ 2.10GHz (48 nucleos fisicos)
laplace2d_1k_gcc_i50,28,1,0.011210,Intel(R) Xeon(R) Gold 6252 CPU @ 2.10GHz (48 nucleos fisicos)
laplace2d_1k_gcc_i50,28,2,0.011203,Intel(R) Xeon(R) Gold 6252 CPU @ 2.10GHz (48 nucleos fisicos)
laplace2d_1k_gcc_i50,28,3,0.011203,Intel(R) Xeon(R) Gold 6252 CPU @ 2.10GHz (48 nucleos fisicos)
laplace2d_1k_gcc_i50,28,4,0.011237,Intel(R) Xeon(R) Gold 6252 CPU @ 2.10GHz (48 nucleos fisicos)
laplace2d_1k_gcc_i50,28,5,0.011137,Intel(R) Xeon(R) Gold 6252 CPU @ 2.10GHz (48 nucleos fisicos)
laplace2d_1k_gcc_i50,29,1,0.010893,Intel(R) Xeon(R) Gold 6252 CPU @ 2.10GHz (48 nucleos fisicos)
laplace2d_1k_gcc_i50,29,2,0.010858,Intel(R) Xeon(R) Gold 6252 CPU @ 2.10GHz (48 nucleos fisicos)
laplace2d_1k_gcc_i50,29,3,0.010867,Intel(R) Xeon(R) Gold 6252 CPU @ 2.10GHz (48 nucleos fisicos)
laplace2d_1k_gcc_i50,29,4,0.011032,Intel(R) Xeon(R) Gold 6252 CPU @ 2.10GHz (48 nucleos fisicos)
laplace2d_1k_gcc_i50,29,5,0.010979,Intel(R) Xeon(R) Gold 6252 CPU @ 2.10GHz (48 nucleos fisicos)
laplace2d_1k_gcc_i50,30,1,0.010639,Intel(R) Xeon(R) Gold 6252 CPU @ 2.10GHz (48 nucleos fisicos)
laplace2d_1k_gcc_i50,30,2,0.010513,Intel(R) Xeon(R) Gold 6252 CPU @ 2.10GHz (48 nucleos fisicos)
laplace2d_1k_gcc_i50,30,3,0.010680,Intel(R) Xeon(R) Gold 6252 CPU @ 2.10GHz (48 nucleos fisicos)
laplace2d_1k_gcc_i50,30,4,0.010723,Intel(R) Xeon(R) Gold 6252 CPU @ 2.10GHz (48 nucleos fisicos)
laplace2d_1k_gcc_i50,30,5,0.010731,Intel(R) Xeon(R) Gold 6252 CPU @ 2.10GHz (48 nucleos fisicos)
laplace2d_1k_gcc_i50,31,1,0.010537,Intel(R) Xeon(R) Gold 6252 CPU @ 2.10GHz (48 nucleos fisicos)
laplace2d_1k_gcc_i50,31,2,0.010491,Intel(R) Xeon(R) Gold 6252 CPU @ 2.10GHz (48 nucleos fisicos)
laplace2d_1k_gcc_i50,31,3,0.010395,Intel(R) Xeon(R) Gold 6252 CPU @ 2.10GHz (48 nucleos fisicos)
laplace2d_1k_gcc_i50,31,4,0.010506,Intel(R) Xeon(R) Gold 6252 CPU @ 2.10GHz (48 nucleos fisicos)
laplace2d_1k_gcc_i50,31,5,0.010013,Intel(R) Xeon(R) Gold 6252 CPU @ 2.10GHz (48 nucleos fisicos)
laplace2d_1k_gcc_i50,32,1,0.010425,Intel(R) Xeon(R) Gold 6252 CPU @ 2.10GHz (48 nucleos fisicos)
laplace2d_1k_gcc_i50,32,2,0.010266,Intel(R) Xeon(R) Gold 6252 CPU @ 2.10GHz (48 nucleos fisicos)
laplace2d_1k_gcc_i50,32,3,0.010248,Intel(R) Xeon(R) Gold 6252 CPU @ 2.10GHz (48 nucleos fisicos)
laplace2d_1k_gcc_i50,32,4,0.010315,Intel(R) Xeon(R) Gold 6252 CPU @ 2.10GHz (48 nucleos fisicos)
laplace2d_1k_gcc_i50,32,5,0.009869,Intel(R) Xeon(R) Gold 6252 CPU @ 2.10GHz (48 nucleos fisicos)
laplace2d_1k_gcc_i50,33,1,0.010148,Intel(R) Xeon(R) Gold 6252 CPU @ 2.10GHz (48 nucleos fisicos)
laplace2d_1k_gcc_i50,33,2,0.010195,Intel(R) Xeon(R) Gold 6252 CPU @ 2.10GHz (48 nucleos fisicos)
laplace2d_1k_gcc_i50,33,3,0.010181,Intel(R) Xeon(R) Gold 6252 CPU @ 2.10GHz (48 nucleos fisicos)
laplace2d_1k_gcc_i50,33,4,0.010189,Intel(R) Xeon(R) Gold 6252 CPU @ 2.10GHz (48 nucleos fisicos)
laplace2d_1k_gcc_i50,33,5,0.010140,Intel(R) Xeon(R) Gold 6252 CPU @ 2.10GHz (48 nucleos fisicos)
laplace2d_1k_gcc_i50,34,1,0.010012,Intel(R) Xeon(R) Gold 6252 CPU @ 2.10GHz (48 nucleos fisicos)
laplace2d_1k_gcc_i50,34,2,0.009873,Intel(R) Xeon(R) Gold 6252 CPU @ 2.10GHz (48 nucleos fisicos)
laplace2d_1k_gcc_i50,34,3,0.010529,Intel(R) Xeon(R) Gold 6252 CPU @ 2.10GHz (48 nucleos fisicos)
laplace2d_1k_gcc_i50,34,4,0.010108,Intel(R) Xeon(R) Gold 6252 CPU @ 2.10GHz (48 nucleos fisicos)
laplace2d_1k_gcc_i50,34,5,0.009995,Intel(R) Xeon(R) Gold 6252 CPU @ 2.10GHz (48 nucleos fisicos)
laplace2d_1k_gcc_i50,35,1,0.009820,Intel(R) Xeon(R) Gold 6252 CPU @ 2.10GHz (48 nucleos fisicos)
laplace2d_1k_gcc_i50,35,2,0.009871,Intel(R) Xeon(R) Gold 6252 CPU @ 2.10GHz (48 nucleos fisicos)
laplace2d_1k_gcc_i50,35,3,0.009952,Intel(R) Xeon(R) Gold 6252 CPU @ 2.10GHz (48 nucleos fisicos)
laplace2d_1k_gcc_i50,35,4,0.009935,Intel(R) Xeon(R) Gold 6252 CPU @ 2.10GHz (48 nucleos fisicos)
laplace2d_1k_gcc_i50,35,5,0.009872,Intel(R) Xeon(R) Gold 6252 CPU @ 2.10GHz (48 nucleos fisicos)
laplace2d_1k_gcc_i50,36,1,0.009767,Intel(R) Xeon(R) Gold 6252 CPU @ 2.10GHz (48 nucleos fisicos)
laplace2d_1k_gcc_i50,36,2,0.009919,Intel(R) Xeon(R) Gold 6252 CPU @ 2.10GHz (48 nucleos fisicos)
laplace2d_1k_gcc_i50,36,3,0.009917,Intel(R) Xeon(R) Gold 6252 CPU @ 2.10GHz (48 nucleos fisicos)
laplace2d_1k_gcc_i50,36,4,0.009824,Intel(R) Xeon(R) Gold 6252 CPU @ 2.10GHz (48 nucleos fisicos)
laplace2d_1k_gcc_i50,36,5,0.009885,Intel(R) Xeon(R) Gold 6252 CPU @ 2.10GHz (48 nucleos fisicos)
laplace2d_1k_gcc_i50,37,1,0.009700,Intel(R) Xeon(R) Gold 6252 CPU @ 2.10GHz (48 nucleos fisicos)
laplace2d_1k_gcc_i50,37,2,0.009784,Intel(R) Xeon(R) Gold 6252 CPU @ 2.10GHz (48 nucleos fisicos)
laplace2d_1k_gcc_i50,37,3,0.009738,Intel(R) Xeon(R) Gold 6252 CPU @ 2.10GHz (48 nucleos fisicos)
laplace2d_1k_gcc_i50,37,4,0.009788,Intel(R) Xeon(R) Gold 6252 CPU @ 2.10GHz (48 nucleos fisicos)
laplace2d_1k_gcc_i50,37,5,0.009686,Intel(R) Xeon(R) Gold 6252 CPU @ 2.10GHz (48 nucleos fisicos)
laplace2d_1k_gcc_i50,38,1,0.009773,Intel(R) Xeon(R) Gold 6252 CPU @ 2.10GHz (48 nucleos fisicos)
laplace2d_1k_gcc_i50,38,2,0.009712,Intel(R) Xeon(R) Gold 6252 CPU @ 2.10GHz (48 nucleos fisicos)
laplace2d_1k_gcc_i50,38,3,0.009640,Intel(R) Xeon(R) Gold 6252 CPU @ 2.10GHz (48 nucleos fisicos)
laplace2d_1k_gcc_i50,38,4,0.009564,Intel(R) Xeon(R) Gold 6252 CPU @ 2.10GHz (48 nucleos fisicos)
laplace2d_1k_gcc_i50,38,5,0.009687,Intel(R) Xeon(R) Gold 6252 CPU @ 2.10GHz (48 nucleos fisicos)
laplace2d_1k_gcc_i50,39,1,0.009536,Intel(R) Xeon(R) Gold 6252 CPU @ 2.10GHz (48 nucleos fisicos)
laplace2d_1k_gcc_i50,39,2,0.009634,Intel(R) Xeon(R) Gold 6252 CPU @ 2.10GHz (48 nucleos fisicos)
laplace2d_1k_gcc_i50,39,3,0.009453,Intel(R) Xeon(R) Gold 6252 CPU @ 2.10GHz (48 nucleos fisicos)
laplace2d_1k_gcc_i50,39,4,0.009436,Intel(R) Xeon(R) Gold 6252 CPU @ 2.10GHz (48 nucleos fisicos)
laplace2d_1k_gcc_i50,39,5,0.009543,Intel(R) Xeon(R) Gold 6252 CPU @ 2.10GHz (48 nucleos fisicos)
laplace2d_1k_gcc_i50,40,1,0.009546,Intel(R) Xeon(R) Gold 6252 CPU @ 2.10GHz (48 nucleos fisicos)
laplace2d_1k_gcc_i50,40,2,0.009480,Intel(R) Xeon(R) Gold 6252 CPU @ 2.10GHz (48 nucleos fisicos)
laplace2d_1k_gcc_i50,40,3,0.009483,Intel(R) Xeon(R) Gold 6252 CPU @ 2.10GHz (48 nucleos fisicos)
laplace2d_1k_gcc_i50,40,4,0.009612,Intel(R) Xeon(R) Gold 6252 CPU @ 2.10GHz (48 nucleos fisicos)
laplace2d_1k_gcc_i50,40,5,0.009533,Intel(R) Xeon(R) Gold 6252 CPU @ 2.10GHz (48 nucleos fisicos)
laplace2d_1k_gcc_i50,41,1,0.009459,Intel(R) Xeon(R) Gold 6252 CPU @ 2.10GHz (48 nucleos fisicos)
laplace2d_1k_gcc_i50,41,2,0.009534,Intel(R) Xeon(R) Gold 6252 CPU @ 2.10GHz (48 nucleos fisicos)
laplace2d_1k_gcc_i50,41,3,0.009525,Intel(R) Xeon(R) Gold 6252 CPU @ 2.10GHz (48 nucleos fisicos)
laplace2d_1k_gcc_i50,41,4,0.009997,Intel(R) Xeon(R) Gold 6252 CPU @ 2.10GHz (48 nucleos fisicos)
laplace2d_1k_gcc_i50,41,5,0.009392,Intel(R) Xeon(R) Gold 6252 CPU @ 2.10GHz (48 nucleos fisicos)
laplace2d_1k_gcc_i50,42,1,0.009512,Intel(R) Xeon(R) Gold 6252 CPU @ 2.10GHz (48 nucleos fisicos)
laplace2d_1k_gcc_i50,42,2,0.009457,Intel(R) Xeon(R) Gold 6252 CPU @ 2.10GHz (48 nucleos fisicos)
laplace2d_1k_gcc_i50,42,3,0.009507,Intel(R) Xeon(R) Gold 6252 CPU @ 2.10GHz (48 nucleos fisicos)
laplace2d_1k_gcc_i50,42,4,0.009400,Intel(R) Xeon(R) Gold 6252 CPU @ 2.10GHz (48 nucleos fisicos)
laplace2d_1k_gcc_i50,42,5,0.009572,Intel(R) Xeon(R) Gold 6252 CPU @ 2.10GHz (48 nucleos fisicos)
laplace2d_1k_gcc_i50,43,1,0.009366,Intel(R) Xeon(R) Gold 6252 CPU @ 2.10GHz (48 nucleos fisicos)
laplace2d_1k_gcc_i50,43,2,0.009692,Intel(R) Xeon(R) Gold 6252 CPU @ 2.10GHz (48 nucleos fisicos)
laplace2d_1k_gcc_i50,43,3,0.009330,Intel(R) Xeon(R) Gold 6252 CPU @ 2.10GHz (48 nucleos fisicos)
laplace2d_1k_gcc_i50,43,4,0.009767,Intel(R) Xeon(R) Gold 6252 CPU @ 2.10GHz (48 nucleos fisicos)
laplace2d_1k_gcc_i50,43,5,0.009416,Intel(R) Xeon(R) Gold 6252 CPU @ 2.10GHz (48 nucleos fisicos)
laplace2d_1k_gcc_i50,44,1,0.009387,Intel(R) Xeon(R) Gold 6252 CPU @ 2.10GHz (48 nucleos fisicos)
laplace2d_1k_gcc_i50,44,2,0.009427,Intel(R) Xeon(R) Gold 6252 CPU @ 2.10GHz (48 nucleos fisicos)
laplace2d_1k_gcc_i50,44,3,0.009375,Intel(R) Xeon(R) Gold 6252 CPU @ 2.10GHz (48 nucleos fisicos)
laplace2d_1k_gcc_i50,44,4,0.009283,Intel(R) Xeon(R) Gold 6252 CPU @ 2.10GHz (48 nucleos fisicos)
laplace2d_1k_gcc_i50,44,5,0.009383,Intel(R) Xeon(R) Gold 6252 CPU @ 2.10GHz (48 nucleos fisicos)
laplace2d_1k_gcc_i50,45,1,0.009757,Intel(R) Xeon(R) Gold 6252 CPU @ 2.10GHz (48 nucleos fisicos)
laplace2d_1k_gcc_i50,45,2,0.009440,Intel(R) Xeon(R) Gold 6252 CPU @ 2.10GHz (48 nucleos fisicos)
laplace2d_1k_gcc_i50,45,3,0.009374,Intel(R) Xeon(R) Gold 6252 CPU @ 2.10GHz (48 nucleos fisicos)
laplace2d_1k_gcc_i50,45,4,0.009404,Intel(R) Xeon(R) Gold 6252 CPU @ 2.10GHz (48 nucleos fisicos)
laplace2d_1k_gcc_i50,45,5,0.009422,Intel(R) Xeon(R) Gold 6252 CPU @ 2.10GHz (48 nucleos fisicos)
laplace2d_1k_gcc_i50,46,1,0.009447,Intel(R) Xeon(R) Gold 6252 CPU @ 2.10GHz (48 nucleos fisicos)
laplace2d_1k_gcc_i50,46,2,0.009322,Intel(R) Xeon(R) Gold 6252 CPU @ 2.10GHz (48 nucleos fisicos)
laplace2d_1k_gcc_i50,46,3,0.009444,Intel(R) Xeon(R) Gold 6252 CPU @ 2.10GHz (48 nucleos fisicos)
laplace2d_1k_gcc_i50,46,4,0.009727,Intel(R) Xeon(R) Gold 6252 CPU @ 2.10GHz (48 nucleos fisicos)
laplace2d_1k_gcc_i50,46,5,0.009361,Intel(R) Xeon(R) Gold 6252 CPU @ 2.10GHz (48 nucleos fisicos)
laplace2d_1k_gcc_i50,47,1,0.009371,Intel(R) Xeon(R) Gold 6252 CPU @ 2.10GHz (48 nucleos fisicos)
laplace2d_1k_gcc_i50,47,2,0.009394,Intel(R) Xeon(R) Gold 6252 CPU @ 2.10GHz (48 nucleos fisicos)
laplace2d_1k_gcc_i50,47,3,0.009779,Intel(R) Xeon(R) Gold 6252 CPU @ 2.10GHz (48 nucleos fisicos)
laplace2d_1k_gcc_i50,47,4,0.009442,Intel(R) Xeon(R) Gold 6252 CPU @ 2.10GHz (48 nucleos fisicos)
laplace2d_1k_gcc_i50,47,5,0.009857,Intel(R) Xeon(R) Gold 6252 CPU @ 2.10GHz (48 nucleos fisicos)
laplace2d_1k_gcc_i50,48,1,0.009237,Intel(R) Xeon(R) Gold 6252 CPU @ 2.10GHz (48 nucleos fisicos)
laplace2d_1k_gcc_i50,48,2,0.009503,Intel(R) Xeon(R) Gold 6252 CPU @ 2.10GHz (48 nucleos fisicos)
laplace2d_1k_gcc_i50,48,3,0.009318,Intel(R) Xeon(R) Gold 6252 CPU @ 2.10GHz (48 nucleos fisicos)
laplace2d_1k_gcc_i50,48,4,0.009756,Intel(R) Xeon(R) Gold 6252 CPU @ 2.10GHz (48 nucleos fisicos)
laplace2d_1k_gcc_i50,48,5,0.009718,Intel(R) Xeon(R) Gold 6252 CPU @ 2.10GHz (48 nucleos fisicos)
laplace2d_1k_gcc_i500,1,1,1.590059,Intel(R) Xeon(R) Gold 6252 CPU @ 2.10GHz (48 nucleos fisicos)
laplace2d_1k_gcc_i500,1,2,1.597437,Intel(R) Xeon(R) Gold 6252 CPU @ 2.10GHz (48 nucleos fisicos)
laplace2d_1k_gcc_i500,1,3,1.598049,Intel(R) Xeon(R) Gold 6252 CPU @ 2.10GHz (48 nucleos fisicos)
laplace2d_1k_gcc_i500,1,4,1.596814,Intel(R) Xeon(R) Gold 6252 CPU @ 2.10GHz (48 nucleos fisicos)
laplace2d_1k_gcc_i500,1,5,1.586363,Intel(R) Xeon(R) Gold 6252 CPU @ 2.10GHz (48 nucleos fisicos)
laplace2d_1k_gcc_i500,2,1,0.910182,Intel(R) Xeon(R) Gold 6252 CPU @ 2.10GHz (48 nucleos fisicos)
laplace2d_1k_gcc_i500,2,2,0.922072,Intel(R) Xeon(R) Gold 6252 CPU @ 2.10GHz (48 nucleos fisicos)
laplace2d_1k_gcc_i500,2,3,0.907856,Intel(R) Xeon(R) Gold 6252 CPU @ 2.10GHz (48 nucleos fisicos)
laplace2d_1k_gcc_i500,2,4,0.906251,Intel(R) Xeon(R) Gold 6252 CPU @ 2.10GHz (48 nucleos fisicos)
laplace2d_1k_gcc_i500,2,5,0.905763,Intel(R) Xeon(R) Gold 6252 CPU @ 2.10GHz (48 nucleos fisicos)
laplace2d_1k_gcc_i500,3,1,0.629135,Intel(R) Xeon(R) Gold 6252 CPU @ 2.10GHz (48 nucleos fisicos)
laplace2d_1k_gcc_i500,3,2,0.610913,Intel(R) Xeon(R) Gold 6252 CPU @ 2.10GHz (48 nucleos fisicos)
laplace2d_1k_gcc_i500,3,3,0.625547,Intel(R) Xeon(R) Gold 6252 CPU @ 2.10GHz (48 nucleos fisicos)
laplace2d_1k_gcc_i500,3,4,0.630002,Intel(R) Xeon(R) Gold 6252 CPU @ 2.10GHz (48 nucleos fisicos)
laplace2d_1k_gcc_i500,3,5,0.611123,Intel(R) Xeon(R) Gold 6252 CPU @ 2.10GHz (48 nucleos fisicos)
laplace2d_1k_gcc_i500,4,1,0.478942,Intel(R) Xeon(R) Gold 6252 CPU @ 2.10GHz (48 nucleos fisicos)
laplace2d_1k_gcc_i500,4,2,0.475792,Intel(R) Xeon(R) Gold 6252 CPU @ 2.10GHz (48 nucleos fisicos)
laplace2d_1k_gcc_i500,4,3,0.478945,Intel(R) Xeon(R) Gold 6252 CPU @ 2.10GHz (48 nucleos fisicos)
laplace2d_1k_gcc_i500,4,4,0.478698,Intel(R) Xeon(R) Gold 6252 CPU @ 2.10GHz (48 nucleos fisicos)
laplace2d_1k_gcc_i500,4,5,0.478178,Intel(R) Xeon(R) Gold 6252 CPU @ 2.10GHz (48 nucleos fisicos)
laplace2d_1k_gcc_i500,5,1,0.385435,Intel(R) Xeon(R) Gold 6252 CPU @ 2.10GHz (48 nucleos fisicos)
laplace2d_1k_gcc_i500,5,2,0.384554,Intel(R) Xeon(R) Gold 6252 CPU @ 2.10GHz (48 nucleos fisicos)
laplace2d_1k_gcc_i500,5,3,0.383318,Intel(R) Xeon(R) Gold 6252 CPU @ 2.10GHz (48 nucleos fisicos)
laplace2d_1k_gcc_i500,5,4,0.384144,Intel(R) Xeon(R) Gold 6252 CPU @ 2.10GHz (48 nucleos fisicos)
laplace2d_1k_gcc_i500,5,5,0.382963,Intel(R) Xeon(R) Gold 6252 CPU @ 2.10GHz (48 nucleos fisicos)
laplace2d_1k_gcc_i500,6,1,0.321749,Intel(R) Xeon(R) Gold 6252 CPU @ 2.10GHz (48 nucleos fisicos)
laplace2d_1k_gcc_i500,6,2,0.321361,Intel(R) Xeon(R) Gold 6252 CPU @ 2.10GHz (48 nucleos fisicos)
laplace2d_1k_gcc_i500,6,3,0.321465,Intel(R) Xeon(R) Gold 6252 CPU @ 2.10GHz (48 nucleos fisicos)
laplace2d_1k_gcc_i500,6,4,0.321431,Intel(R) Xeon(R) Gold 6252 CPU @ 2.10GHz (48 nucleos fisicos)
laplace2d_1k_gcc_i500,6,5,0.320986,Intel(R) Xeon(R) Gold 6252 CPU @ 2.10GHz (48 nucleos fisicos)
laplace2d_1k_gcc_i500,7,1,0.278055,Intel(R) Xeon(R) Gold 6252 CPU @ 2.10GHz (48 nucleos fisicos)
laplace2d_1k_gcc_i500,7,2,0.278310,Intel(R) Xeon(R) Gold 6252 CPU @ 2.10GHz (48 nucleos fisicos)
laplace2d_1k_gcc_i500,7,3,0.278362,Intel(R) Xeon(R) Gold 6252 CPU @ 2.10GHz (48 nucleos fisicos)
laplace2d_1k_gcc_i500,7,4,0.277416,Intel(R) Xeon(R) Gold 6252 CPU @ 2.10GHz (48 nucleos fisicos)
laplace2d_1k_gcc_i500,7,5,0.278148,Intel(R) Xeon(R) Gold 6252 CPU @ 2.10GHz (48 nucleos fisicos)
laplace2d_1k_gcc_i500,8,1,0.249705,Intel(R) Xeon(R) Gold 6252 CPU @ 2.10GHz (48 nucleos fisicos)
laplace2d_1k_gcc_i500,8,2,0.249693,Intel(R) Xeon(R) Gold 6252 CPU @ 2.10GHz (48 nucleos fisicos)
laplace2d_1k_gcc_i500,8,3,0.249483,Intel(R) Xeon(R) Gold 6252 CPU @ 2.10GHz (48 nucleos fisicos)
laplace2d_1k_gcc_i500,8,4,0.250348,Intel(R) Xeon(R) Gold 6252 CPU @ 2.10GHz (48 nucleos fisicos)
laplace2d_1k_gcc_i500,8,5,0.250020,Intel(R) Xeon(R) Gold 6252 CPU @ 2.10GHz (48 nucleos fisicos)
laplace2d_1k_gcc_i500,9,1,0.222866,Intel(R) Xeon(R) Gold 6252 CPU @ 2.10GHz (48 nucleos fisicos)
laplace2d_1k_gcc_i500,9,2,0.223427,Intel(R) Xeon(R) Gold 6252 CPU @ 2.10GHz (48 nucleos fisicos)
laplace2d_1k_gcc_i500,9,3,0.224755,Intel(R) Xeon(R) Gold 6252 CPU @ 2.10GHz (48 nucleos fisicos)
laplace2d_1k_gcc_i500,9,4,0.222760,Intel(R) Xeon(R) Gold 6252 CPU @ 2.10GHz (48 nucleos fisicos)
laplace2d_1k_gcc_i500,9,5,0.223482,Intel(R) Xeon(R) Gold 6252 CPU @ 2.10GHz (48 nucleos fisicos)
laplace2d_1k_gcc_i500,10,1,0.202825,Intel(R) Xeon(R) Gold 6252 CPU @ 2.10GHz (48 nucleos fisicos)
laplace2d_1k_gcc_i500,10,2,0.202575,Intel(R) Xeon(R) Gold 6252 CPU @ 2.10GHz (48 nucleos fisicos)
laplace2d_1k_gcc_i500,10,3,0.201585,Intel(R) Xeon(R) Gold 6252 CPU @ 2.10GHz (48 nucleos fisicos)
laplace2d_1k_gcc_i500,10,4,0.201917,Intel(R) Xeon(R) Gold 6252 CPU @ 2.10GHz (48 nucleos fisicos)
laplace2d_1k_gcc_i500,10,5,0.203146,Intel(R) Xeon(R) Gold 6252 CPU @ 2.10GHz (48 nucleos fisicos)
laplace2d_1k_gcc_i500,11,1,0.185708,Intel(R) Xeon(R) Gold 6252 CPU @ 2.10GHz (48 nucleos fisicos)
laplace2d_1k_gcc_i500,11,2,0.184251,Intel(R) Xeon(R) Gold 6252 CPU @ 2.10GHz (48 nucleos fisicos)
laplace2d_1k_gcc_i500,11,3,0.185879,Intel(R) Xeon(R) Gold 6252 CPU @ 2.10GHz (48 nucleos fisicos)
laplace2d_1k_gcc_i500,11,4,0.185048,Intel(R) Xeon(R) Gold 6252 CPU @ 2.10GHz (48 nucleos fisicos)
laplace2d_1k_gcc_i500,11,5,0.185811,Intel(R) Xeon(R) Gold 6252 CPU @ 2.10GHz (48 nucleos fisicos)
laplace2d_1k_gcc_i500,12,1,0.171864,Intel(R) Xeon(R) Gold 6252 CPU @ 2.10GHz (48 nucleos fisicos)
laplace2d_1k_gcc_i500,12,2,0.171178,Intel(R) Xeon(R) Gold 6252 CPU @ 2.10GHz (48 nucleos fisicos)
laplace2d_1k_gcc_i500,12,3,0.170191,Intel(R) Xeon(R) Gold 6252 CPU @ 2.10GHz (48 nucleos fisicos)
laplace2d_1k_gcc_i500,12,4,0.170646,Intel(R) Xeon(R) Gold 6252 CPU @ 2.10GHz (48 nucleos fisicos)
laplace2d_1k_gcc_i500,12,5,0.170487,Intel(R) Xeon(R) Gold 6252 CPU @ 2.10GHz (48 nucleos fisicos)
laplace2d_1k_gcc_i500,13,1,0.160023,Intel(R) Xeon(R) Gold 6252 CPU @ 2.10GHz (48 nucleos fisicos)
laplace2d_1k_gcc_i500,13,2,0.159759,Intel(R) Xeon(R) Gold 6252 CPU @ 2.10GHz (48 nucleos fisicos)
laplace2d_1k_gcc_i500,13,3,0.159314,Intel(R) Xeon(R) Gold 6252 CPU @ 2.10GHz (48 nucleos fisicos)
laplace2d_1k_gcc_i500,13,4,0.158060,Intel(R) Xeon(R) Gold 6252 CPU @ 2.10GHz (48 nucleos fisicos)
laplace2d_1k_gcc_i500,13,5,0.158768,Intel(R) Xeon(R) Gold 6252 CPU @ 2.10GHz (48 nucleos fisicos)
laplace2d_1k_gcc_i500,14,1,0.147869,Intel(R) Xeon(R) Gold 6252 CPU @ 2.10GHz (48 nucleos fisicos)
laplace2d_1k_gcc_i500,14,2,0.149694,Intel(R) Xeon(R) Gold 6252 CPU @ 2.10GHz (48 nucleos fisicos)
laplace2d_1k_gcc_i500,14,3,0.148111,Intel(R) Xeon(R) Gold 6252 CPU @ 2.10GHz (48 nucleos fisicos)
laplace2d_1k_gcc_i500,14,4,0.148955,Intel(R) Xeon(R) Gold 6252 CPU @ 2.10GHz (48 nucleos fisicos)
laplace2d_1k_gcc_i500,14,5,0.148777,Intel(R) Xeon(R) Gold 6252 CPU @ 2.10GHz (48 nucleos fisicos)
laplace2d_1k_gcc_i500,15,1,0.138781,Intel(R) Xeon(R) Gold 6252 CPU @ 2.10GHz (48 nucleos fisicos)
laplace2d_1k_gcc_i500,15,2,0.138907,Intel(R) Xeon(R) Gold 6252 CPU @ 2.10GHz (48 nucleos fisicos)
laplace2d_1k_gcc_i500,15,3,0.139121,Intel(R) Xeon(R) Gold 6252 CPU @ 2.10GHz (48 nucleos fisicos)
laplace2d_1k_gcc_i500,15,4,0.138396,Intel(R) Xeon(R) Gold 6252 CPU @ 2.10GHz (48 nucleos fisicos)
laplace2d_1k_gcc_i500,15,5,0.138540,Intel(R) Xeon(R) Gold 6252 CPU @ 2.10GHz (48 nucleos fisicos)
laplace2d_1k_gcc_i500,16,1,0.131104,Intel(R) Xeon(R) Gold 6252 CPU @ 2.10GHz (48 nucleos fisicos)
laplace2d_1k_gcc_i500,16,2,0.130452,Intel(R) Xeon(R) Gold 6252 CPU @ 2.10GHz (48 nucleos fisicos)
laplace2d_1k_gcc_i500,16,3,0.130976,Intel(R) Xeon(R) Gold 6252 CPU @ 2.10GHz (48 nucleos fisicos)
laplace2d_1k_gcc_i500,16,4,0.129499,Intel(R) Xeon(R) Gold 6252 CPU @ 2.10GHz (48 nucleos fisicos)
laplace2d_1k_gcc_i500,16,5,0.131082,Intel(R) Xeon(R) Gold 6252 CPU @ 2.10GHz (48 nucleos fisicos)
laplace2d_1k_gcc_i500,17,1,0.124303,Intel(R) Xeon(R) Gold 6252 CPU @ 2.10GHz (48 nucleos fisicos)
laplace2d_1k_gcc_i500,17,2,0.125012,Intel(R) Xeon(R) Gold 6252 CPU @ 2.10GHz (48 nucleos fisicos)
laplace2d_1k_gcc_i500,17,3,0.122977,Intel(R) Xeon(R) Gold 6252 CPU @ 2.10GHz (48 nucleos fisicos)
laplace2d_1k_gcc_i500,17,4,0.125445,Intel(R) Xeon(R) Gold 6252 CPU @ 2.10GHz (48 nucleos fisicos)
laplace2d_1k_gcc_i500,17,5,0.122693,Intel(R) Xeon(R) Gold 6252 CPU @ 2.10GHz (48 nucleos fisicos)
laplace2d_1k_gcc_i500,18,1,0.118931,Intel(R) Xeon(R) Gold 6252 CPU @ 2.10GHz (48 nucleos fisicos)
laplace2d_1k_gcc_i500,18,2,0.119662,Intel(R) Xeon(R) Gold 6252 CPU @ 2.10GHz (48 nucleos fisicos)
laplace2d_1k_gcc_i500,18,3,0.117392,Intel(R) Xeon(R) Gold 6252 CPU @ 2.10GHz (48 nucleos fisicos)
laplace2d_1k_gcc_i500,18,4,0.118784,Intel(R) Xeon(R) Gold 6252 CPU @ 2.10GHz (48 nucleos fisicos)
laplace2d_1k_gcc_i500,18,5,0.118742,Intel(R) Xeon(R) Gold 6252 CPU @ 2.10GHz (48 nucleos fisicos)
laplace2d_1k_gcc_i500,19,1,0.113275,Intel(R) Xeon(R) Gold 6252 CPU @ 2.10GHz (48 nucleos fisicos)
laplace2d_1k_gcc_i500,19,2,0.114099,Intel(R) Xeon(R) Gold 6252 CPU @ 2.10GHz (48 nucleos fisicos)
laplace2d_1k_gcc_i500,19,3,0.113926,Intel(R) Xeon(R) Gold 6252 CPU @ 2.10GHz (48 nucleos fisicos)
laplace2d_1k_gcc_i500,19,4,0.114178,Intel(R) Xeon(R) Gold 6252 CPU @ 2.10GHz (48 nucleos fisicos)
laplace2d_1k_gcc_i500,19,5,0.113176,Intel(R) Xeon(R) Gold 6252 CPU @ 2.10GHz (48 nucleos fisicos)
laplace2d_1k_gcc_i500,20,1,0.108351,Intel(R) Xeon(R) Gold 6252 CPU @ 2.10GHz (48 nucleos fisicos)
laplace2d_1k_gcc_i500,20,2,0.111477,Intel(R) Xeon(R) Gold 6252 CPU @ 2.10GHz (48 nucleos fisicos)
laplace2d_1k_gcc_i500,20,3,0.108608,Intel(R) Xeon(R) Gold 6252 CPU @ 2.10GHz (48 nucleos fisicos)
laplace2d_1k_gcc_i500,20,4,0.110228,Intel(R) Xeon(R) Gold 6252 CPU @ 2.10GHz (48 nucleos fisicos)
laplace2d_1k_gcc_i500,20,5,0.108084,Intel(R) Xeon(R) Gold 6252 CPU @ 2.10GHz (48 nucleos fisicos)
laplace2d_1k_gcc_i500,21,1,0.106265,Intel(R) Xeon(R) Gold 6252 CPU @ 2.10GHz (48 nucleos fisicos)
laplace2d_1k_gcc_i500,21,2,0.107202,Intel(R) Xeon(R) Gold 6252 CPU @ 2.10GHz (48 nucleos fisicos)
laplace2d_1k_gcc_i500,21,3,0.106296,Intel(R) Xeon(R) Gold 6252 CPU @ 2.10GHz (48 nucleos fisicos)
laplace2d_1k_gcc_i500,21,4,0.106631,Intel(R) Xeon(R) Gold 6252 CPU @ 2.10GHz (48 nucleos fisicos)
laplace2d_1k_gcc_i500,21,5,0.105209,Intel(R) Xeon(R) Gold 6252 CPU @ 2.10GHz (48 nucleos fisicos)
laplace2d_1k_gcc_i500,22,1,0.103425,Intel(R) Xeon(R) Gold 6252 CPU @ 2.10GHz (48 nucleos fisicos)
laplace2d_1k_gcc_i500,22,2,0.101313,Intel(R) Xeon(R) Gold 6252 CPU @ 2.10GHz (48 nucleos fisicos)
laplace2d_1k_gcc_i500,22,3,0.101415,Intel(R) Xeon(R) Gold 6252 CPU @ 2.10GHz (48 nucleos fisicos)
laplace2d_1k_gcc_i500,22,4,0.104681,Intel(R) Xeon(R) Gold 6252 CPU @ 2.10GHz (48 nucleos fisicos)
laplace2d_1k_gcc_i500,22,5,0.103707,Intel(R) Xeon(R) Gold 6252 CPU @ 2.10GHz (48 nucleos fisicos)
laplace2d_1k_gcc_i500,23,1,0.098801,Intel(R) Xeon(R) Gold 6252 CPU @ 2.10GHz (48 nucleos fisicos)
laplace2d_1k_gcc_i500,23,2,0.101646,Intel(R) Xeon(R) Gold 6252 CPU @ 2.10GHz (48 nucleos fisicos)
laplace2d_1k_gcc_i500,23,3,0.102107,Intel(R) Xeon(R) Gold 6252 CPU @ 2.10GHz (48 nucleos fisicos)
laplace2d_1k_gcc_i500,23,4,0.100649,Intel(R) Xeon(R) Gold 6252 CPU @ 2.10GHz (48 nucleos fisicos)
laplace2d_1k_gcc_i500,23,5,0.098642,Intel(R) Xeon(R) Gold 6252 CPU @ 2.10GHz (48 nucleos fisicos)
laplace2d_1k_gcc_i500,24,1,0.099715,Intel(R) Xeon(R) Gold 6252 CPU @ 2.10GHz (48 nucleos fisicos)
laplace2d_1k_gcc_i500,24,2,0.099539,Intel(R) Xeon(R) Gold 6252 CPU @ 2.10GHz (48 nucleos fisicos)
laplace2d_1k_gcc_i500,24,3,0.100451,Intel(R) Xeon(R) Gold 6252 CPU @ 2.10GHz (48 nucleos fisicos)
laplace2d_1k_gcc_i500,24,4,0.099980,Intel(R) Xeon(R) Gold 6252 CPU @ 2.10GHz (48 nucleos fisicos)
laplace2d_1k_gcc_i500,24,5,0.099022,Intel(R) Xeon(R) Gold 6252 CPU @ 2.10GHz (48 nucleos fisicos)
laplace2d_1k_gcc_i500,25,1,0.096908,Intel(R) Xeon(R) Gold 6252 CPU @ 2.10GHz (48 nucleos fisicos)
laplace2d_1k_gcc_i500,25,2,0.096366,Intel(R) Xeon(R) Gold 6252 CPU @ 2.10GHz (48 nucleos fisicos)
laplace2d_1k_gcc_i500,25,3,0.097323,Intel(R) Xeon(R) Gold 6252 CPU @ 2.10GHz (48 nucleos fisicos)
laplace2d_1k_gcc_i500,25,4,0.097908,Intel(R) Xeon(R) Gold 6252 CPU @ 2.10GHz (48 nucleos fisicos)
laplace2d_1k_gcc_i500,25,5,0.096719,Intel(R) Xeon(R) Gold 6252 CPU @ 2.10GHz (48 nucleos fisicos)
laplace2d_1k_gcc_i500,26,1,0.094279,Intel(R) Xeon(R) Gold 6252 CPU @ 2.10GHz (48 nucleos fisicos)
laplace2d_1k_gcc_i500,26,2,0.093328,Intel(R) Xeon(R) Gold 6252 CPU @ 2.10GHz (48 nucleos fisicos)
laplace2d_1k_gcc_i500,26,3,0.094089,Intel(R) Xeon(R) Gold 6252 CPU @ 2.10GHz (48 nucleos fisicos)
laplace2d_1k_gcc_i500,26,4,0.094737,Intel(R) Xeon(R) Gold 6252 CPU @ 2.10GHz (48 nucleos fisicos)
laplace2d_1k_gcc_i500,26,5,0.094063,Intel(R) Xeon(R) Gold 6252 CPU @ 2.10GHz (48 nucleos fisicos)
laplace2d_1k_gcc_i500,27,1,0.093765,Intel(R) Xeon(R) Gold 6252 CPU @ 2.10GHz (48 nucleos fisicos)
laplace2d_1k_gcc_i500,27,2,0.091376,Intel(R) Xeon(R) Gold 6252 CPU @ 2.10GHz (48 nucleos fisicos)
laplace2d_1k_gcc_i500,27,3,0.092165,Intel(R) Xeon(R) Gold 6252 CPU @ 2.10GHz (48 nucleos fisicos)
laplace2d_1k_gcc_i500,27,4,0.091831,Intel(R) Xeon(R) Gold 6252 CPU @ 2.10GHz (48 nucleos fisicos)
laplace2d_1k_gcc_i500,27,5,0.092181,Intel(R) Xeon(R) Gold 6252 CPU @ 2.10GHz (48 nucleos fisicos)
laplace2d_1k_gcc_i500,28,1,0.090394,Intel(R) Xeon(R) Gold 6252 CPU @ 2.10GHz (48 nucleos fisicos)
laplace2d_1k_gcc_i500,28,2,0.091541,Intel(R) Xeon(R) Gold 6252 CPU @ 2.10GHz (48 nucleos fisicos)
laplace2d_1k_gcc_i500,28,3,0.089314,Intel(R) Xeon(R) Gold 6252 CPU @ 2.10GHz (48 nucleos fisicos)
laplace2d_1k_gcc_i500,28,4,0.090747,Intel(R) Xeon(R) Gold 6252 CPU @ 2.10GHz (48 nucleos fisicos)
laplace2d_1k_gcc_i500,28,5,0.090228,Intel(R) Xeon(R) Gold 6252 CPU @ 2.10GHz (48 nucleos fisicos)
laplace2d_1k_gcc_i500,29,1,0.088420,Intel(R) Xeon(R) Gold 6252 CPU @ 2.10GHz (48 nucleos fisicos)
laplace2d_1k_gcc_i500,29,2,0.088233,Intel(R) Xeon(R) Gold 6252 CPU @ 2.10GHz (48 nucleos fisicos)
laplace2d_1k_gcc_i500,29,3,0.087308,Intel(R) Xeon(R) Gold 6252 CPU @ 2.10GHz (48 nucleos fisicos)
laplace2d_1k_gcc_i500,29,4,0.087112,Intel(R) Xeon(R) Gold 6252 CPU @ 2.10GHz (48 nucleos fisicos)
laplace2d_1k_gcc_i500,29,5,0.088145,Intel(R) Xeon(R) Gold 6252 CPU @ 2.10GHz (48 nucleos fisicos)
laplace2d_1k_gcc_i500,30,1,0.085438,Intel(R) Xeon(R) Gold 6252 CPU @ 2.10GHz (48 nucleos fisicos)
laplace2d_1k_gcc_i500,30,2,0.085504,Intel(R) Xeon(R) Gold 6252 CPU @ 2.10GHz (48 nucleos fisicos)
laplace2d_1k_gcc_i500,30,3,0.084542,Intel(R) Xeon(R) Gold 6252 CPU @ 2.10GHz (48 nucleos fisicos)
laplace2d_1k_gcc_i500,30,4,0.085717,Intel(R) Xeon(R) Gold 6252 CPU @ 2.10GHz (48 nucleos fisicos)
laplace2d_1k_gcc_i500,30,5,0.086666,Intel(R) Xeon(R) Gold 6252 CPU @ 2.10GHz (48 nucleos fisicos)
laplace2d_1k_gcc_i500,31,1,0.085202,Intel(R) Xeon(R) Gold 6252 CPU @ 2.10GHz (48 nucleos fisicos)
laplace2d_1k_gcc_i500,31,2,0.084541,Intel(R) Xeon(R) Gold 6252 CPU @ 2.10GHz (48 nucleos fisicos)
laplace2d_1k_gcc_i500,31,3,0.085085,Intel(R) Xeon(R) Gold 6252 CPU @ 2.10GHz (48 nucleos fisicos)
laplace2d_1k_gcc_i500,31,4,0.083213,Intel(R) Xeon(R) Gold 6252 CPU @ 2.10GHz (48 nucleos fisicos)
laplace2d_1k_gcc_i500,31,5,0.084621,Intel(R) Xeon(R) Gold 6252 CPU @ 2.10GHz (48 nucleos fisicos)
laplace2d_1k_gcc_i500,32,1,0.085616,Intel(R) Xeon(R) Gold 6252 CPU @ 2.10GHz (48 nucleos fisicos)
laplace2d_1k_gcc_i500,32,2,0.083636,Intel(R) Xeon(R) Gold 6252 CPU @ 2.10GHz (48 nucleos fisicos)
laplace2d_1k_gcc_i500,32,3,0.084090,Intel(R) Xeon(R) Gold 6252 CPU @ 2.10GHz (48 nucleos fisicos)
laplace2d_1k_gcc_i500,32,4,0.084699,Intel(R) Xeon(R) Gold 6252 CPU @ 2.10GHz (48 nucleos fisicos)
laplace2d_1k_gcc_i500,32,5,0.083576,Intel(R) Xeon(R) Gold 6252 CPU @ 2.10GHz (48 nucleos fisicos)
laplace2d_1k_gcc_i500,33,1,0.083996,Intel(R) Xeon(R) Gold 6252 CPU @ 2.10GHz (48 nucleos fisicos)
laplace2d_1k_gcc_i500,33,2,0.084065,Intel(R) Xeon(R) Gold 6252 CPU @ 2.10GHz (48 nucleos fisicos)
laplace2d_1k_gcc_i500,33,3,0.083639,Intel(R) Xeon(R) Gold 6252 CPU @ 2.10GHz (48 nucleos fisicos)
laplace2d_1k_gcc_i500,33,4,0.082883,Intel(R) Xeon(R) Gold 6252 CPU @ 2.10GHz (48 nucleos fisicos)
laplace2d_1k_gcc_i500,33,5,0.084201,Intel(R) Xeon(R) Gold 6252 CPU @ 2.10GHz (48 nucleos fisicos)
laplace2d_1k_gcc_i500,34,1,0.082813,Intel(R) Xeon(R) Gold 6252 CPU @ 2.10GHz (48 nucleos fisicos)
laplace2d_1k_gcc_i500,34,2,0.082452,Intel(R) Xeon(R) Gold 6252 CPU @ 2.10GHz (48 nucleos fisicos)
laplace2d_1k_gcc_i500,34,3,0.082647,Intel(R) Xeon(R) Gold 6252 CPU @ 2.10GHz (48 nucleos fisicos)
laplace2d_1k_gcc_i500,34,4,0.082625,Intel(R) Xeon(R) Gold 6252 CPU @ 2.10GHz (48 nucleos fisicos)
laplace2d_1k_gcc_i500,34,5,0.081818,Intel(R) Xeon(R) Gold 6252 CPU @ 2.10GHz (48 nucleos fisicos)
laplace2d_1k_gcc_i500,35,1,0.078644,Intel(R) Xeon(R) Gold 6252 CPU @ 2.10GHz (48 nucleos fisicos)
laplace2d_1k_gcc_i500,35,2,0.080090,Intel(R) Xeon(R) Gold 6252 CPU @ 2.10GHz (48 nucleos fisicos)
laplace2d_1k_gcc_i500,35,3,0.081946,Intel(R) Xeon(R) Gold 6252 CPU @ 2.10GHz (48 nucleos fisicos)
laplace2d_1k_gcc_i500,35,4,0.081391,Intel(R) Xeon(R) Gold 6252 CPU @ 2.10GHz (48 nucleos fisicos)
laplace2d_1k_gcc_i500,35,5,0.079246,Intel(R) Xeon(R) Gold 6252 CPU @ 2.10GHz (48 nucleos fisicos)
laplace2d_1k_gcc_i500,36,1,0.081491,Intel(R) Xeon(R) Gold 6252 CPU @ 2.10GHz (48 nucleos fisicos)
laplace2d_1k_gcc_i500,36,2,0.080541,Intel(R) Xeon(R) Gold 6252 CPU @ 2.10GHz (48 nucleos fisicos)
laplace2d_1k_gcc_i500,36,3,0.081143,Intel(R) Xeon(R) Gold 6252 CPU @ 2.10GHz (48 nucleos fisicos)
laplace2d_1k_gcc_i500,36,4,0.080598,Intel(R) Xeon(R) Gold 6252 CPU @ 2.10GHz (48 nucleos fisicos)
laplace2d_1k_gcc_i500,36,5,0.080922,Intel(R) Xeon(R) Gold 6252 CPU @ 2.10GHz (48 nucleos fisicos)
laplace2d_1k_gcc_i500,37,1,0.079292,Intel(R) Xeon(R) Gold 6252 CPU @ 2.10GHz (48 nucleos fisicos)
laplace2d_1k_gcc_i500,37,2,0.079749,Intel(R) Xeon(R) Gold 6252 CPU @ 2.10GHz (48 nucleos fisicos)
laplace2d_1k_gcc_i500,37,3,0.077541,Intel(R) Xeon(R) Gold 6252 CPU @ 2.10GHz (48 nucleos fisicos)
laplace2d_1k_gcc_i500,37,4,0.079686,Intel(R) Xeon(R) Gold 6252 CPU @ 2.10GHz (48 nucleos fisicos)
laplace2d_1k_gcc_i500,37,5,0.079896,Intel(R) Xeon(R) Gold 6252 CPU @ 2.10GHz (48 nucleos fisicos)
laplace2d_1k_gcc_i500,38,1,0.078594,Intel(R) Xeon(R) Gold 6252 CPU @ 2.10GHz (48 nucleos fisicos)
laplace2d_1k_gcc_i500,38,2,0.078015,Intel(R) Xeon(R) Gold 6252 CPU @ 2.10GHz (48 nucleos fisicos)
laplace2d_1k_gcc_i500,38,3,0.078711,Intel(R) Xeon(R) Gold 6252 CPU @ 2.10GHz (48 nucleos fisicos)
laplace2d_1k_gcc_i500,38,4,0.078738,Intel(R) Xeon(R) Gold 6252 CPU @ 2.10GHz (48 nucleos fisicos)
laplace2d_1k_gcc_i500,38,5,0.078676,Intel(R) Xeon(R) Gold 6252 CPU @ 2.10GHz (48 nucleos fisicos)
laplace2d_1k_gcc_i500,39,1,0.077225,Intel(R) Xeon(R) Gold 6252 CPU @ 2.10GHz (48 nucleos fisicos)
laplace2d_1k_gcc_i500,39,2,0.077708,Intel(R) Xeon(R) Gold 6252 CPU @ 2.10GHz (48 nucleos fisicos)
laplace2d_1k_gcc_i500,39,3,0.076181,Intel(R) Xeon(R) Gold 6252 CPU @ 2.10GHz (48 nucleos fisicos)
laplace2d_1k_gcc_i500,39,4,0.078019,Intel(R) Xeon(R) Gold 6252 CPU @ 2.10GHz (48 nucleos fisicos)
laplace2d_1k_gcc_i500,39,5,0.077711,Intel(R) Xeon(R) Gold 6252 CPU @ 2.10GHz (48 nucleos fisicos)
laplace2d_1k_gcc_i500,40,1,0.078369,Intel(R) Xeon(R) Gold 6252 CPU @ 2.10GHz (48 nucleos fisicos)
laplace2d_1k_gcc_i500,40,2,0.077538,Intel(R) Xeon(R) Gold 6252 CPU @ 2.10GHz (48 nucleos fisicos)
laplace2d_1k_gcc_i500,40,3,0.078758,Intel(R) Xeon(R) Gold 6252 CPU @ 2.10GHz (48 nucleos fisicos)
laplace2d_1k_gcc_i500,40,4,0.079222,Intel(R) Xeon(R) Gold 6252 CPU @ 2.10GHz (48 nucleos fisicos)
laplace2d_1k_gcc_i500,40,5,0.078813,Intel(R) Xeon(R) Gold 6252 CPU @ 2.10GHz (48 nucleos fisicos)
laplace2d_1k_gcc_i500,41,1,0.078728,Intel(R) Xeon(R) Gold 6252 CPU @ 2.10GHz (48 nucleos fisicos)
laplace2d_1k_gcc_i500,41,2,0.078076,Intel(R) Xeon(R) Gold 6252 CPU @ 2.10GHz (48 nucleos fisicos)
laplace2d_1k_gcc_i500,41,3,0.078505,Intel(R) Xeon(R) Gold 6252 CPU @ 2.10GHz (48 nucleos fisicos)
laplace2d_1k_gcc_i500,41,4,0.078018,Intel(R) Xeon(R) Gold 6252 CPU @ 2.10GHz (48 nucleos fisicos)
laplace2d_1k_gcc_i500,41,5,0.079040,Intel(R) Xeon(R) Gold 6252 CPU @ 2.10GHz (48 nucleos fisicos)
laplace2d_1k_gcc_i500,42,1,0.078083,Intel(R) Xeon(R) Gold 6252 CPU @ 2.10GHz (48 nucleos fisicos)
laplace2d_1k_gcc_i500,42,2,0.077994,Intel(R) Xeon(R) Gold 6252 CPU @ 2.10GHz (48 nucleos fisicos)
laplace2d_1k_gcc_i500,42,3,0.078488,Intel(R) Xeon(R) Gold 6252 CPU @ 2.10GHz (48 nucleos fisicos)
laplace2d_1k_gcc_i500,42,4,0.078357,Intel(R) Xeon(R) Gold 6252 CPU @ 2.10GHz (48 nucleos fisicos)
laplace2d_1k_gcc_i500,42,5,0.077218,Intel(R) Xeon(R) Gold 6252 CPU @ 2.10GHz (48 nucleos fisicos)
laplace2d_1k_gcc_i500,43,1,0.077819,Intel(R) Xeon(R) Gold 6252 CPU @ 2.10GHz (48 nucleos fisicos)
laplace2d_1k_gcc_i500,43,2,0.076568,Intel(R) Xeon(R) Gold 6252 CPU @ 2.10GHz (48 nucleos fisicos)
laplace2d_1k_gcc_i500,43,3,0.077844,Intel(R) Xeon(R) Gold 6252 CPU @ 2.10GHz (48 nucleos fisicos)
laplace2d_1k_gcc_i500,43,4,0.076472,Intel(R) Xeon(R) Gold 6252 CPU @ 2.10GHz (48 nucleos fisicos)
laplace2d_1k_gcc_i500,43,5,0.077019,Intel(R) Xeon(R) Gold 6252 CPU @ 2.10GHz (48 nucleos fisicos)
laplace2d_1k_gcc_i500,44,1,0.076718,Intel(R) Xeon(R) Gold 6252 CPU @ 2.10GHz (48 nucleos fisicos)
laplace2d_1k_gcc_i500,44,2,0.076539,Intel(R) Xeon(R) Gold 6252 CPU @ 2.10GHz (48 nucleos fisicos)
laplace2d_1k_gcc_i500,44,3,0.077114,Intel(R) Xeon(R) Gold 6252 CPU @ 2.10GHz (48 nucleos fisicos)
laplace2d_1k_gcc_i500,44,4,0.076886,Intel(R) Xeon(R) Gold 6252 CPU @ 2.10GHz (48 nucleos fisicos)
laplace2d_1k_gcc_i500,44,5,0.076818,Intel(R) Xeon(R) Gold 6252 CPU @ 2.10GHz (48 nucleos fisicos)
laplace2d_1k_gcc_i500,45,1,0.075441,Intel(R) Xeon(R) Gold 6252 CPU @ 2.10GHz (48 nucleos fisicos)
laplace2d_1k_gcc_i500,45,2,0.076643,Intel(R) Xeon(R) Gold 6252 CPU @ 2.10GHz (48 nucleos fisicos)
laplace2d_1k_gcc_i500,45,3,0.075855,Intel(R) Xeon(R) Gold 6252 CPU @ 2.10GHz (48 nucleos fisicos)
laplace2d_1k_gcc_i500,45,4,0.076499,Intel(R) Xeon(R) Gold 6252 CPU @ 2.10GHz (48 nucleos fisicos)
laplace2d_1k_gcc_i500,45,5,0.076749,Intel(R) Xeon(R) Gold 6252 CPU @ 2.10GHz (48 nucleos fisicos)
laplace2d_1k_gcc_i500,46,1,0.075253,Intel(R) Xeon(R) Gold 6252 CPU @ 2.10GHz (48 nucleos fisicos)
laplace2d_1k_gcc_i500,46,2,0.075763,Intel(R) Xeon(R) Gold 6252 CPU @ 2.10GHz (48 nucleos fisicos)
laplace2d_1k_gcc_i500,46,3,0.076864,Intel(R) Xeon(R) Gold 6252 CPU @ 2.10GHz (48 nucleos fisicos)
laplace2d_1k_gcc_i500,46,4,0.076247,Intel(R) Xeon(R) Gold 6252 CPU @ 2.10GHz (48 nucleos fisicos)
laplace2d_1k_gcc_i500,46,5,0.076282,Intel(R) Xeon(R) Gold 6252 CPU @ 2.10GHz (48 nucleos fisicos)
laplace2d_1k_gcc_i500,47,1,0.076072,Intel(R) Xeon(R) Gold 6252 CPU @ 2.10GHz (48 nucleos fisicos)
laplace2d_1k_gcc_i500,47,2,0.075360,Intel(R) Xeon(R) Gold 6252 CPU @ 2.10GHz (48 nucleos fisicos)
laplace2d_1k_gcc_i500,47,3,0.075973,Intel(R) Xeon(R) Gold 6252 CPU @ 2.10GHz (48 nucleos fisicos)
laplace2d_1k_gcc_i500,47,4,0.076230,Intel(R) Xeon(R) Gold 6252 CPU @ 2.10GHz (48 nucleos fisicos)
laplace2d_1k_gcc_i500,47,5,0.074448,Intel(R) Xeon(R) Gold 6252 CPU @ 2.10GHz (48 nucleos fisicos)
laplace2d_1k_gcc_i500,48,1,0.076268,Intel(R) Xeon(R) Gold 6252 CPU @ 2.10GHz (48 nucleos fisicos)
laplace2d_1k_gcc_i500,48,2,0.074248,Intel(R) Xeon(R) Gold 6252 CPU @ 2.10GHz (48 nucleos fisicos)
laplace2d_1k_gcc_i500,48,3,0.075637,Intel(R) Xeon(R) Gold 6252 CPU @ 2.10GHz (48 nucleos fisicos)
laplace2d_1k_gcc_i500,48,4,0.076808,Intel(R) Xeon(R) Gold 6252 CPU @ 2.10GHz (48 nucleos fisicos)
laplace2d_1k_gcc_i500,48,5,0.076011,Intel(R) Xeon(R) Gold 6252 CPU @ 2.10GHz (48 nucleos fisicos)

=== Media por configuracao (REPS=5, maquina: Intel(R) Xeon(R) Gold 6252 CPU @ 2.10GHz (48 nucleos fisicos)) ===
laplace2d_1k_gcc_i50,1,0.1719
laplace2d_1k_gcc_i50,2,0.0978
laplace2d_1k_gcc_i50,3,0.0683
laplace2d_1k_gcc_i50,4,0.0523
laplace2d_1k_gcc_i50,5,0.0419
laplace2d_1k_gcc_i50,6,0.0355
laplace2d_1k_gcc_i50,7,0.0308
laplace2d_1k_gcc_i50,8,0.0273
laplace2d_1k_gcc_i50,9,0.0246
laplace2d_1k_gcc_i50,10,0.0232
laplace2d_1k_gcc_i50,11,0.0212
laplace2d_1k_gcc_i50,12,0.0197
laplace2d_1k_gcc_i50,13,0.0189
laplace2d_1k_gcc_i50,14,0.0182
laplace2d_1k_gcc_i50,15,0.0173
laplace2d_1k_gcc_i50,16,0.0167
laplace2d_1k_gcc_i50,17,0.0155
laplace2d_1k_gcc_i50,18,0.0151
laplace2d_1k_gcc_i50,19,0.0147
laplace2d_1k_gcc_i50,20,0.0139
laplace2d_1k_gcc_i50,21,0.0135
laplace2d_1k_gcc_i50,22,0.0131
laplace2d_1k_gcc_i50,23,0.0125
laplace2d_1k_gcc_i50,24,0.0122
laplace2d_1k_gcc_i50,25,0.0118
laplace2d_1k_gcc_i50,26,0.0116
laplace2d_1k_gcc_i50,27,0.0114
laplace2d_1k_gcc_i50,28,0.0112
laplace2d_1k_gcc_i50,29,0.0109
laplace2d_1k_gcc_i50,30,0.0107
laplace2d_1k_gcc_i50,31,0.0104
laplace2d_1k_gcc_i50,32,0.0102
laplace2d_1k_gcc_i50,33,0.0102
laplace2d_1k_gcc_i50,34,0.0101
laplace2d_1k_gcc_i50,35,0.0099
laplace2d_1k_gcc_i50,36,0.0099
laplace2d_1k_gcc_i50,37,0.0097
laplace2d_1k_gcc_i50,38,0.0097
laplace2d_1k_gcc_i50,39,0.0095
laplace2d_1k_gcc_i50,40,0.0095
laplace2d_1k_gcc_i50,41,0.0096
laplace2d_1k_gcc_i50,42,0.0095
laplace2d_1k_gcc_i50,43,0.0095
laplace2d_1k_gcc_i50,44,0.0094
laplace2d_1k_gcc_i50,45,0.0095
laplace2d_1k_gcc_i50,46,0.0095
laplace2d_1k_gcc_i50,47,0.0096
laplace2d_1k_gcc_i50,48,0.0095
laplace2d_1k_gcc_i500,1,1.5937
laplace2d_1k_gcc_i500,2,0.9104
laplace2d_1k_gcc_i500,3,0.6213
laplace2d_1k_gcc_i500,4,0.4781
laplace2d_1k_gcc_i500,5,0.3841
laplace2d_1k_gcc_i500,6,0.3214
laplace2d_1k_gcc_i500,7,0.2781
laplace2d_1k_gcc_i500,8,0.2498
laplace2d_1k_gcc_i500,9,0.2235
laplace2d_1k_gcc_i500,10,0.2024
laplace2d_1k_gcc_i500,11,0.1853
laplace2d_1k_gcc_i500,12,0.1709
laplace2d_1k_gcc_i500,13,0.1592
laplace2d_1k_gcc_i500,14,0.1487
laplace2d_1k_gcc_i500,15,0.1387
laplace2d_1k_gcc_i500,16,0.1306
laplace2d_1k_gcc_i500,17,0.1241
laplace2d_1k_gcc_i500,18,0.1187
laplace2d_1k_gcc_i500,19,0.1137
laplace2d_1k_gcc_i500,20,0.1093
laplace2d_1k_gcc_i500,21,0.1063
laplace2d_1k_gcc_i500,22,0.1029
laplace2d_1k_gcc_i500,23,0.1004
laplace2d_1k_gcc_i500,24,0.0997
laplace2d_1k_gcc_i500,25,0.0970
laplace2d_1k_gcc_i500,26,0.0941
laplace2d_1k_gcc_i500,27,0.0923
laplace2d_1k_gcc_i500,28,0.0904
laplace2d_1k_gcc_i500,29,0.0878
laplace2d_1k_gcc_i500,30,0.0856
laplace2d_1k_gcc_i500,31,0.0845
laplace2d_1k_gcc_i500,32,0.0843
laplace2d_1k_gcc_i500,33,0.0838
laplace2d_1k_gcc_i500,34,0.0825
laplace2d_1k_gcc_i500,35,0.0803
laplace2d_1k_gcc_i500,36,0.0809
laplace2d_1k_gcc_i500,37,0.0792
laplace2d_1k_gcc_i500,38,0.0785
laplace2d_1k_gcc_i500,39,0.0774
laplace2d_1k_gcc_i500,40,0.0785
laplace2d_1k_gcc_i500,41,0.0785
laplace2d_1k_gcc_i500,42,0.0780
laplace2d_1k_gcc_i500,43,0.0771
laplace2d_1k_gcc_i500,44,0.0768
laplace2d_1k_gcc_i500,45,0.0762
laplace2d_1k_gcc_i500,46,0.0761
laplace2d_1k_gcc_i500,47,0.0756
laplace2d_1k_gcc_i500,48,0.0758
laplace2d_gcc_i50,1,3.5521
laplace2d_gcc_i50,2,1.8257
laplace2d_gcc_i50,3,1.3388
laplace2d_gcc_i50,4,1.0636
laplace2d_gcc_i50,5,0.8616
laplace2d_gcc_i50,6,0.7375
laplace2d_gcc_i50,7,0.6530
laplace2d_gcc_i50,8,0.5813
laplace2d_gcc_i50,9,0.5359
laplace2d_gcc_i50,10,0.5045
laplace2d_gcc_i50,11,0.4586
laplace2d_gcc_i50,12,0.4299
laplace2d_gcc_i50,13,0.4323
laplace2d_gcc_i50,14,0.4057
laplace2d_gcc_i50,15,0.3963
laplace2d_gcc_i50,16,0.3887
laplace2d_gcc_i50,17,0.3753
laplace2d_gcc_i50,18,0.3724
laplace2d_gcc_i50,19,0.3684
laplace2d_gcc_i50,20,0.3560
laplace2d_gcc_i50,21,0.3671
laplace2d_gcc_i50,22,0.3517
laplace2d_gcc_i50,23,0.3519
laplace2d_gcc_i50,24,0.3502
laplace2d_gcc_i50,25,0.3490
laplace2d_gcc_i50,26,0.3475
laplace2d_gcc_i50,27,0.3454
laplace2d_gcc_i50,28,0.3445
laplace2d_gcc_i50,29,0.3443
laplace2d_gcc_i50,30,0.3446
laplace2d_gcc_i50,31,0.3474
laplace2d_gcc_i50,32,0.3531
laplace2d_gcc_i50,33,0.3445
laplace2d_gcc_i50,34,0.3474
laplace2d_gcc_i50,35,0.3460
laplace2d_gcc_i50,36,0.3464
laplace2d_gcc_i50,37,0.3461
laplace2d_gcc_i50,38,0.3469
laplace2d_gcc_i50,39,0.3475
laplace2d_gcc_i50,40,0.3520
laplace2d_gcc_i50,41,0.3506
laplace2d_gcc_i50,42,0.3496
laplace2d_gcc_i50,43,0.3522
laplace2d_gcc_i50,44,0.3545
laplace2d_gcc_i50,45,0.3476
laplace2d_gcc_i50,46,0.3503
laplace2d_gcc_i50,47,0.3554
laplace2d_gcc_i50,48,0.3803
programa,threads,tempo_medio_s
